 PhysX3CookingDEBUG_x64

 Timestamp is 56e826c1 (Tue Mar 15 16:14:09 2016)

 Preferred load address is 0000000180000000

 Start         Length     Name                   Class
 0001:00000000 00007e88H .text                   CODE
 0001:00007e90 0000136dH .text$di                CODE
 0001:00009200 000f8884H .text$mn                CODE
 0001:00101a90 00001016H .text$mn$00             CODE
 0001:00102ab0 00002048H .text$x                 CODE
 0002:00000000 00000109H .CRT$XCA                DATA
 0002:00000110 000001bdH .CRT$XCU                DATA
 0002:000002d0 00000109H .CRT$XCZ                DATA
 0002:000003e0 00000109H .CRT$XIA                DATA
 0002:000004f0 0000012dH .CRT$XIC                DATA
 0002:00000620 00000109H .CRT$XIZ                DATA
 0002:00000730 00000109H .CRT$XPA                DATA
 0002:00000840 0000011bH .CRT$XPX                DATA
 0002:00000960 00000109H .CRT$XPXA               DATA
 0002:00000a70 00000109H .CRT$XPZ                DATA
 0002:00000b80 00000109H .CRT$XTA                DATA
 0002:00000c90 00000109H .CRT$XTZ                DATA
 0002:00000da0 0002a00eH .rdata                  DATA
 0002:0002adb0 00000740H .rdata$r                DATA
 0002:0002b4f0 00000113H .rdata$zETW0            DATA
 0002:0002b603 0000018eH .rdata$zETW1            DATA
 0002:0002b791 00000134H .rdata$zETW2            DATA
 0002:0002b8c5 00000101H .rdata$zETW9            DATA
 0002:0002b9c8 000001dcH .rdata$zzzdbg           DATA
 0002:0002bba8 00000109H .rtc$IAA                DATA
 0002:0002bcb8 00000205H .rtc$IMZ                DATA
 0002:0002bec0 00000109H .rtc$IZZ                DATA
 0002:0002bfd0 00000109H .rtc$TAA                DATA
 0002:0002c0e0 00000205H .rtc$TMZ                DATA
 0002:0002c2e8 00000109H .rtc$TZZ                DATA
 0002:0002c400 00007f25H .xdata                  DATA
 0002:00034328 00000275H .xdata$x                DATA
 0002:000345a0 000001a0H .edata                  DATA
 0003:00000000 00000e05H .data                   DATA
 0003:00000e08 0000063cH .data$r                 DATA
 0003:00001450 00001ff9H .bss                    DATA
 0004:00000000 00009dd4H .pdata                  DATA
 0005:00000000 00000408H .idata$5                DATA
 0005:00000408 00000028H .idata$2                DATA
 0005:00000430 00000014H .idata$3                DATA
 0005:00000448 00000408H .idata$4                DATA
 0005:00000850 0000088dH .idata$6                DATA
 0006:00000000 00000020H .didat$2                DATA
 0006:00000020 00000020H .didat$3                DATA
 0006:00000040 00000468H .didat$4                DATA
 0006:000004a8 00000468H .didat$5                DATA
 0006:00000910 00001961H .didat$6                DATA
 0006:00002278 000004c8H .didat$7                DATA
 0007:00000000 000001ebH .gfids$x                DATA
 0007:000001ec 000001e6H .gfids$y                DATA
 0008:00000000 0000011bH .00cfg                  DATA
 0009:00000000 000001c0H .rsrc$01                DATA
 0009:000001c0 000006a9H .rsrc$02                DATA

  Address         Publics by Value              Rva+Base               Lib:Object

 0000:00000000       __guard_longjmp_count      0000000000000000     <absolute>
 0000:00000000       __guard_longjmp_table      0000000000000000     <absolute>
 0000:00000000       ___safe_se_handler_count   0000000000000000     <absolute>
 0000:00000000       __guard_iat_count          0000000000000000     <absolute>
 0000:00000000       __guard_fids_count         0000000000000000     <absolute>
 0000:00000000       ___safe_se_handler_table   0000000000000000     <absolute>
 0000:00000000       __guard_iat_table          0000000000000000     <absolute>
 0000:00000000       __guard_fids_table         0000000000000000     <absolute>
 0000:00000100       __guard_flags              0000000000000100     <absolute>
 0000:00000000       __ImageBase                0000000180000000     <linker-defined>
 0001:00007700       ?TraceLoggingRegister@__vcrt_trace_logging_provider@@YAJPEBU_TlgProvider_t@1@PEBU_GUID@@P6AX1KE_K2PEAU_EVENT_FILTER_DESCRIPTOR@@PEAX@Z4@Z 0000000180008700 f i libvcruntimed:telemetry.obj
 0001:00007830       ?TraceLoggingSetInformation@__vcrt_trace_logging_provider@@YAJPEBU_TlgProvider_t@1@W4_EVENT_INFO_CLASS@@PEAXK@Z 0000000180008830 f i libvcruntimed:telemetry.obj
 0001:00007890       ?TraceLoggingUnregister@__vcrt_trace_logging_provider@@YAXPEBU_TlgProvider_t@1@@Z 0000000180008890 f i libvcruntimed:telemetry.obj
 0001:000078d0       ?_TlgCreateSz@__vcrt_trace_logging_provider@@YAXPEAU_EVENT_DATA_DESCRIPTOR@@PEBD@Z 00000001800088d0 f i libvcruntimed:telemetry.obj
 0001:00007950       ?_TlgCreateWsz@__vcrt_trace_logging_provider@@YAXPEAU_EVENT_DATA_DESCRIPTOR@@PEB_W@Z 0000000180008950 f i libvcruntimed:telemetry.obj
 0001:000079d0       ?_TlgEnableCallback@__vcrt_trace_logging_provider@@YAXPEBU_GUID@@KE_K1PEAU_EVENT_FILTER_DESCRIPTOR@@PEAX@Z 00000001800089d0 f i libvcruntimed:telemetry.obj
 0001:00007b30       ?_TlgKeywordOn@__vcrt_trace_logging_provider@@YAEPEBU_TlgProvider_t@1@_K@Z 0000000180008b30 f i libvcruntimed:telemetry.obj
 0001:00007bb0       ?_TlgWrite@__vcrt_trace_logging_provider@@YAJPEBU_TlgProvider_t@1@PEFBXPEBU_GUID@@2IPEAU_EVENT_DATA_DESCRIPTOR@@@Z 0000000180008bb0 f i libvcruntimed:telemetry.obj
 0001:00009200       PxSetPhysXCookingDelayLoadHook 000000018000a200 f   WindowsCookingDelayLoadHook.obj
 0001:00009220       ?delayHook@@YAP6A_JXZIPEAUDelayLoadInfo@@@Z 000000018000a220 f   WindowsCookingDelayLoadHook.obj
 0001:000092d0       ?loadLibrary@shdfnd@physx@@YAPEAUHINSTANCE__@@PEBD@Z 000000018000a2d0 f i WindowsCookingDelayLoadHook.obj
 0001:000092f0       ?physXCommonDliNotePreLoadLibrary@shdfnd@physx@@YAP6A_JXZPEBDPEBVPxDelayLoadHook@2@@Z 000000018000a2f0 f i WindowsCookingDelayLoadHook.obj
 0001:00009850       ?strstr@@YAPEADQEADQEBD@Z  000000018000a850 f i WindowsCookingDelayLoadHook.obj
 0001:00009880       ?saveHeightField@physx@@YA_NAEBVHeightField@Gu@1@AEAVPxOutputStream@1@_N@Z 000000018000a880 f   HeightFieldCooking.obj
 0001:00009da0       ??B?$PxFlags@W4Enum@PxHeightFieldFlag@physx@@G@physx@@QEBAGXZ 000000018000ada0 f i HeightFieldCooking.obj
 0001:00009dc0       ?__empty_global_delete@@YAXPEAX@Z 000000018000adc0 f i HeightFieldCooking.obj
 0001:00009dd0       ?__global_delete@@YAXPEAX_K@Z 000000018000add0 f i HeightFieldCooking.obj
 0001:00009dd0       ?__global_array_delete@@YAXPEAX_K@Z 000000018000add0 f i HeightFieldCooking.obj
 0001:00009dd0       ?__empty_global_delete@@YAXPEAX_K@Z 000000018000add0 f i HeightFieldCooking.obj
 0001:00009de0       ?getData@HeightField@Gu@physx@@QEBAAEBUHeightFieldData@23@XZ 000000018000ade0 f i HeightFieldCooking.obj
 0001:00009e00       ?buildFromTriangles@RTreeCooker@physx@@SAXAEAURTree@Gu@2@PEBVPxVec3@2@IPEBGPEBIIAEAV?$Array@IVNamedAllocator@shdfnd@physx@@@shdfnd@2@PEAURemapCallback@12@MW4Enum@PxMeshCookingHint@2@@Z 000000018000ae00 f   RTreeCooking.obj
 0001:0000bc70       ??$PX_UNUSED@I@@YAXAEBI@Z  000000018000cc70 f i RTreeCooking.obj
 0001:0000bc80       ??$PX_UNUSED@M@@YAXAEBM@Z  000000018000cc80 f i RTreeCooking.obj
 0001:0000bc90       ??$PX_UNUSED@PEAURTreeNodeNQ@physx@@@@YAXAEBQEAURTreeNodeNQ@physx@@@Z 000000018000cc90 f i RTreeCooking.obj
 0001:0000bca0       ??$PX_UNUSED@URTreeNodeNQ@physx@@@@YAXAEBURTreeNodeNQ@physx@@@Z 000000018000cca0 f i RTreeCooking.obj
 0001:0000bcb0       ??$PxMax@H@physx@@YAHHH@Z  000000018000ccb0 f i RTreeCooking.obj
 0001:0000bcf0       ??$PxMax@I@physx@@YAIII@Z  000000018000ccf0 f i RTreeCooking.obj
 0001:0000bd30       ??$PxMax@M@physx@@YAMMM@Z  000000018000cd30 f i RTreeCooking.obj
 0001:0000bd60       ??$PxMin@I@physx@@YAIII@Z  000000018000cd60 f i RTreeCooking.obj
 0001:0000bda0       ??$PxMin@M@physx@@YAMMM@Z  000000018000cda0 f i RTreeCooking.obj
 0001:0000bdd0       ??$median3@I$$CBU?$Less@I@shdfnd@physx@@@internal@shdfnd@physx@@YAXPEAIHHAEBU?$Less@I@12@@Z 000000018000cdd0 f i RTreeCooking.obj
 0001:0000bf90       ??$median3@I$$CBUSortBoundsPredicate@physx@@@internal@shdfnd@physx@@YAXPEAIHHAEBUSortBoundsPredicate@2@@Z 000000018000cf90 f i RTreeCooking.obj
 0001:0000c150       ??$partition@I$$CBU?$Less@I@shdfnd@physx@@@internal@shdfnd@physx@@YAHPEAIHHAEBU?$Less@I@12@@Z 000000018000d150 f i RTreeCooking.obj
 0001:0000c3c0       ??$partition@I$$CBUSortBoundsPredicate@physx@@@internal@shdfnd@physx@@YAHPEAIHHAEBUSortBoundsPredicate@2@@Z 000000018000d3c0 f i RTreeCooking.obj
 0001:0000c630       ??$partition@UBoundsLTE@physx@@@quickSelect@physx@@YAIPEIAIIIIAEBUBoundsLTE@1@@Z 000000018000d630 f i RTreeCooking.obj
 0001:0000ca50       ??$quickSelectFirstK@UBoundsLTE@physx@@@quickSelect@physx@@YAXPEIAIIIIAEBUBoundsLTE@1@@Z 000000018000da50 f i RTreeCooking.obj
 0001:0000cc00       ??$smallSort@I$$CBU?$Less@I@shdfnd@physx@@@internal@shdfnd@physx@@YAXPEAIHHAEBU?$Less@I@12@@Z 000000018000dc00 f i RTreeCooking.obj
 0001:0000cd10       ??$smallSort@I$$CBUSortBoundsPredicate@physx@@@internal@shdfnd@physx@@YAXPEAIHHAEBUSortBoundsPredicate@2@@Z 000000018000dd10 f i RTreeCooking.obj
 0001:0000ce20       ??$sort@I@shdfnd@physx@@YAXPEAII@Z 000000018000de20 f i RTreeCooking.obj
 0001:0000ce80       ??$sort@IU?$Less@I@shdfnd@physx@@VNamedAllocator@23@@shdfnd@physx@@YAXPEAIIAEBU?$Less@I@01@AEBVNamedAllocator@01@I@Z 000000018000de80 f i RTreeCooking.obj
 0001:0000d240       ??$sort@IUSortBoundsPredicate@physx@@@shdfnd@physx@@YAXPEAIIAEBUSortBoundsPredicate@1@@Z 000000018000e240 f i RTreeCooking.obj
 0001:0000d2a0       ??$sort@IUSortBoundsPredicate@physx@@VNamedAllocator@shdfnd@2@@shdfnd@physx@@YAXPEAIIAEBUSortBoundsPredicate@1@AEBVNamedAllocator@01@I@Z 000000018000e2a0 f i RTreeCooking.obj
 0001:0000d660       ??$swap@I@shdfnd@physx@@YAXAEAI0@Z 000000018000e660 f i RTreeCooking.obj
 0001:0000d6b0       ??0?$AlignedAllocator@$0IA@VAllocator@shdfnd@physx@@@shdfnd@physx@@QEAA@AEBVAllocator@12@@Z 000000018000e6b0 f i RTreeCooking.obj
 0001:0000d6d0       ??0?$Array@IVNamedAllocator@shdfnd@physx@@@shdfnd@physx@@QEAA@IAEBIAEBVNamedAllocator@12@@Z 000000018000e6d0 f i RTreeCooking.obj
 0001:0000d760       ??0?$Array@UInterval@physx@@V?$InlineAllocator@$0CA@VNamedAllocator@shdfnd@physx@@@shdfnd@2@@shdfnd@physx@@QEAA@AEBV?$InlineAllocator@$0CA@VNamedAllocator@shdfnd@physx@@@12@@Z 000000018000e760 f i RTreeCooking.obj
 0001:0000d7c0       ??0?$Array@UPxBounds3V@physx@@VNamedAllocator@shdfnd@2@@shdfnd@physx@@QEAA@AEBVNamedAllocator@12@@Z 000000018000e7c0 f i RTreeCooking.obj
 0001:0000d820       ??0?$Array@URTreeNodeNQ@physx@@VNamedAllocator@shdfnd@2@@shdfnd@physx@@QEAA@AEBVNamedAllocator@12@@Z 000000018000e820 f i RTreeCooking.obj
 0001:0000d880       ??0?$Array@URTreeNodeQ@Gu@physx@@VNamedAllocator@shdfnd@3@@shdfnd@physx@@QEAA@AEBVNamedAllocator@12@@Z 000000018000e880 f i RTreeCooking.obj
 0001:0000d8e0       ??0?$Array@VPxVec3@physx@@VNamedAllocator@shdfnd@2@@shdfnd@physx@@QEAA@AEBVNamedAllocator@12@@Z 000000018000e8e0 f i RTreeCooking.obj
 0001:0000d940       ??0?$InlineAllocator@$0CA@VNamedAllocator@shdfnd@physx@@@shdfnd@physx@@QEAA@AEBV012@@Z 000000018000e940 f i RTreeCooking.obj
 0001:0000d980       ??0?$InlineAllocator@$0CA@VNamedAllocator@shdfnd@physx@@@shdfnd@physx@@QEAA@AEBVNamedAllocator@12@@Z 000000018000e980 f i RTreeCooking.obj
 0001:0000d9c0       ??0?$InlineArray@UInterval@physx@@$03VNamedAllocator@shdfnd@2@@shdfnd@physx@@QEAA@AEBVNamedAllocator@12@@Z 000000018000e9c0 f i RTreeCooking.obj
 0001:0000da40       ??0?$ScopedPointer@HVTempAllocator@shdfnd@physx@@@shdfnd@physx@@QEAA@XZ 000000018000ea40 f i RTreeCooking.obj
 0001:0000da70       ??0?$Stack@VNamedAllocator@shdfnd@physx@@@internal@shdfnd@physx@@QEAA@PEAHIAEBVNamedAllocator@23@@Z 000000018000ea70 f i RTreeCooking.obj
 0001:0000daf0       ??0BoundsLTE@physx@@QEAA@IPEBVPxVec3@1@@Z 000000018000eaf0 f i RTreeCooking.obj
 0001:0000db30       ??0Interval@physx@@QEAA@II@Z 000000018000eb30 f i RTreeCooking.obj
 0001:0000db70       ??0PxBounds3@physx@@QEAA@AEBV01@@Z 000000018000eb70 f i RTreeCooking.obj
 0001:0000dbd0       ??0PxBounds3@physx@@QEAA@AEBVPxVec3@1@0@Z 000000018000ebd0 f i RTreeCooking.obj
 0001:0000dc30       ??0PxBounds3V@physx@@QEAA@AEAT__m128@@0@Z 000000018000ec30 f i RTreeCooking.obj
 0001:0000dc80       ??0PxBounds3V@physx@@QEAA@UU@01@@Z 000000018000ec80 f i RTreeCooking.obj
 0001:0000dca0       ??0PxVec3@physx@@QEAA@AEBV01@@Z 000000018000eca0 f i RTreeCooking.obj
 0001:0000dd00       ??0PxVec3@physx@@QEAA@M@Z  000000018000ed00 f i RTreeCooking.obj
 0001:0000dd50       ??0PxVec3@physx@@QEAA@MMM@Z 000000018000ed50 f i RTreeCooking.obj
 0001:0000ddb0       ??0PxVec4@physx@@QEAA@AEBVPxVec3@1@M@Z 000000018000edb0 f i RTreeCooking.obj
 0001:0000de30       ??0PxVec4@physx@@QEAA@M@Z  000000018000ee30 f i RTreeCooking.obj
 0001:0000dea0       ??0PxVec4@physx@@QEAA@MMMM@Z 000000018000eea0 f i RTreeCooking.obj
 0001:0000df20       ??0RTreeNodeNQ@physx@@QEAA@AEBU01@@Z 000000018000ef20 f i RTreeCooking.obj
 0001:0000df80       ??0RTreeNodeNQ@physx@@QEAA@XZ 000000018000ef80 f i RTreeCooking.obj
 0001:0000dfd0       ??0SortBoundsPredicate@physx@@QEAA@IPEBUPxBounds3V@1@@Z 000000018000efd0 f i RTreeCooking.obj
 0001:0000e010       ??0SubSortQuick@physx@@QEAA@PEAIPEBUPxBounds3V@1@IM@Z 000000018000f010 f i RTreeCooking.obj
 0001:0000e1c0       ??0SubSortSAH@physx@@QEAA@PEAIPEBUPxBounds3V@1@IPEBI22222M@Z 000000018000f1c0 f i RTreeCooking.obj
 0001:0000e430       ??1?$Array@IVNamedAllocator@shdfnd@physx@@@shdfnd@physx@@QEAA@XZ 000000018000f430 f i RTreeCooking.obj
 0001:0000e4c0       ??1?$Array@UInterval@physx@@V?$InlineAllocator@$0CA@VNamedAllocator@shdfnd@physx@@@shdfnd@2@@shdfnd@physx@@QEAA@XZ 000000018000f4c0 f i RTreeCooking.obj
 0001:0000e550       ??1?$Array@UPxBounds3V@physx@@VNamedAllocator@shdfnd@2@@shdfnd@physx@@QEAA@XZ 000000018000f550 f i RTreeCooking.obj
 0001:0000e5e0       ??1?$Array@URTreeNodeNQ@physx@@VNamedAllocator@shdfnd@2@@shdfnd@physx@@QEAA@XZ 000000018000f5e0 f i RTreeCooking.obj
 0001:0000e670       ??1?$Array@URTreeNodeQ@Gu@physx@@VNamedAllocator@shdfnd@3@@shdfnd@physx@@QEAA@XZ 000000018000f670 f i RTreeCooking.obj
 0001:0000e700       ??1?$Array@VPxVec3@physx@@VNamedAllocator@shdfnd@2@@shdfnd@physx@@QEAA@XZ 000000018000f700 f i RTreeCooking.obj
 0001:0000e790       ??1?$InlineAllocator@$0CA@VNamedAllocator@shdfnd@physx@@@shdfnd@physx@@QEAA@XZ 000000018000f790 f i RTreeCooking.obj
 0001:0000e7b0       ??1?$InlineArray@UInterval@physx@@$03VNamedAllocator@shdfnd@2@@shdfnd@physx@@QEAA@XZ 000000018000f7b0 f i RTreeCooking.obj
 0001:0000e7d0       ??1?$ScopedPointer@HVTempAllocator@shdfnd@physx@@@shdfnd@physx@@QEAA@XZ 000000018000f7d0 f i RTreeCooking.obj
 0001:0000e810       ??1?$Stack@VNamedAllocator@shdfnd@physx@@@internal@shdfnd@physx@@QEAA@XZ 000000018000f810 f i RTreeCooking.obj
 0001:0000e860       ??1SubSortQuick@physx@@QEAA@XZ 000000018000f860 f i RTreeCooking.obj
 0001:0000e890       ??1SubSortSAH@physx@@QEAA@XZ 000000018000f890 f i RTreeCooking.obj
 0001:0000e960       ??2@YAPEAX_KPEAX@Z         000000018000f960 f i RTreeCooking.obj
 0001:0000e980       ??4PxVec3@physx@@QEAAAEAV01@AEBV01@@Z 000000018000f980 f i RTreeCooking.obj
 0001:0000e9e0       ??4PxVec4@physx@@QEAAAEAV01@AEBV01@@Z 000000018000f9e0 f i RTreeCooking.obj
 0001:0000ea60       ??A?$Array@IVNamedAllocator@shdfnd@physx@@@shdfnd@physx@@QEAAAEAII@Z 000000018000fa60 f i RTreeCooking.obj
 0001:0000eb00       ??A?$Array@UInterval@physx@@V?$InlineAllocator@$0CA@VNamedAllocator@shdfnd@physx@@@shdfnd@2@@shdfnd@physx@@QEAAAEAUInterval@2@I@Z 000000018000fb00 f i RTreeCooking.obj
 0001:0000eba0       ??A?$Array@URTreeNodeNQ@physx@@VNamedAllocator@shdfnd@2@@shdfnd@physx@@QEAAAEAURTreeNodeNQ@2@I@Z 000000018000fba0 f i RTreeCooking.obj
 0001:0000ec40       ??A?$Array@URTreeNodeQ@Gu@physx@@VNamedAllocator@shdfnd@3@@shdfnd@physx@@QEAAAEAURTreeNodeQ@Gu@2@I@Z 000000018000fc40 f i RTreeCooking.obj
 0001:0000ece0       ??APxVec3@physx@@QEBAAEBMI@Z 000000018000fce0 f i RTreeCooking.obj
 0001:0000ed70       ??B?$ScopedPointer@HVTempAllocator@shdfnd@physx@@@shdfnd@physx@@QEBAPEAHXZ 000000018000fd70 f i RTreeCooking.obj
 0001:0000ed90       ??GPxVec4@physx@@QEBA?AV01@AEBV01@@Z 000000018000fd90 f i RTreeCooking.obj
 0001:0000ee40       ??HPxVec3@physx@@QEBA?AV01@AEBV01@@Z 000000018000fe40 f i RTreeCooking.obj
 0001:0000eee0       ??KPxVec4@physx@@QEBA?AV01@M@Z 000000018000fee0 f i RTreeCooking.obj
 0001:0000efa0       ??R?$Less@I@shdfnd@physx@@QEBA_NAEBI0@Z 000000018000ffa0 f i RTreeCooking.obj
 0001:0000eff0       ??RBoundsLTE@physx@@QEBA_NAEBI0@Z 000000018000fff0 f i RTreeCooking.obj
 0001:0000f0b0       ??RSortBoundsPredicate@physx@@QEBA_NAEBI0@Z 00000001800100b0 f i RTreeCooking.obj
 0001:0000f230       ?FLoad@aos@shdfnd@physx@@YA?AT__m128@@M@Z 0000000180010230 f i RTreeCooking.obj
 0001:0000f260       ?FMax@aos@shdfnd@physx@@YA?AT__m128@@XZ 0000000180010260 f i RTreeCooking.obj
 0001:0000f290       ?FNegMax@aos@shdfnd@physx@@YA?AT__m128@@XZ 0000000180010290 f i RTreeCooking.obj
 0001:0000f2c0       ?FStore@aos@shdfnd@physx@@YAXT__m128@@PEIAM@Z 00000001800102c0 f i RTreeCooking.obj
 0001:0000f2f0       ?PxAbs@physx@@YAHH@Z       00000001800102f0 f i RTreeCooking.obj
 0001:0000f310       ?PxIsFinite@physx@@YA_NM@Z 0000000180010310 f i RTreeCooking.obj
 0001:0000f330       ?PxMemCopy@physx@@YAPEAXPEIAXPEIBXI@Z 0000000180010330 f i RTreeCooking.obj
 0001:0000f370       ?V3Add@aos@shdfnd@physx@@YA?AT__m128@@T4@0@Z 0000000180010370 f i RTreeCooking.obj
 0001:0000f3b0       ?V3Dot@aos@shdfnd@physx@@YA?AT__m128@@T4@0@Z 00000001800103b0 f i RTreeCooking.obj
 0001:0000f4a0       ?V3Load@aos@shdfnd@physx@@YA?AT__m128@@M@Z 00000001800104a0 f i RTreeCooking.obj
 0001:0000f4f0       ?V3LoadU@aos@shdfnd@physx@@YA?AT__m128@@AEBVPxVec3@3@@Z 00000001800104f0 f i RTreeCooking.obj
 0001:0000f550       ?V3Max@aos@shdfnd@physx@@YA?AT__m128@@T4@0@Z 0000000180010550 f i RTreeCooking.obj
 0001:0000f590       ?V3Min@aos@shdfnd@physx@@YA?AT__m128@@T4@0@Z 0000000180010590 f i RTreeCooking.obj
 0001:0000f5d0       ?V3PermZXY@aos@shdfnd@physx@@YA?AT__m128@@T4@@Z 00000001800105d0 f i RTreeCooking.obj
 0001:0000f600       ?V3ReadXYZ@aos@shdfnd@physx@@YAAEBVPxVec3@3@AEBT__m128@@@Z 0000000180010600 f i RTreeCooking.obj
 0001:0000f610       ?V3Splat@aos@shdfnd@physx@@YA?AT__m128@@T4@@Z 0000000180010610 f i RTreeCooking.obj
 0001:0000f680       ?V3StoreA@aos@shdfnd@physx@@YAXT__m128@@AEAVPxVec3@3@@Z 0000000180010680 f i RTreeCooking.obj
 0001:0000f700       ?V3Sub@aos@shdfnd@physx@@YA?AT__m128@@T4@0@Z 0000000180010700 f i RTreeCooking.obj
 0001:0000f740       ?V3Zero@aos@shdfnd@physx@@YA?AT__m128@@XZ 0000000180010740 f i RTreeCooking.obj
 0001:0000f760       ?V4ClearW@aos@shdfnd@physx@@YA?AT__m128@@T4@@Z 0000000180010760 f i RTreeCooking.obj
 0001:0000f790       ?V4Load@aos@shdfnd@physx@@YA?AT__m128@@M@Z 0000000180010790 f i RTreeCooking.obj
 0001:0000f7c0       ?Vec3V_From_FloatV@aos@shdfnd@physx@@YA?AT__m128@@T4@@Z 00000001800107c0 f i RTreeCooking.obj
 0001:0000f820       ?Vec3V_From_Vec4V@aos@shdfnd@physx@@YA?AT__m128@@T4@@Z 0000000180010820 f i RTreeCooking.obj
 0001:0000f860       ?Vec4V_From_FloatV@aos@shdfnd@physx@@YA?AT__m128@@T4@@Z 0000000180010860 f i RTreeCooking.obj
 0001:0000f880       ?allocate@?$AlignedAllocator@$0IA@VAllocator@shdfnd@physx@@@shdfnd@physx@@QEAAPEAX_KPEBDH@Z 0000000180010880 f i RTreeCooking.obj
 0001:0000f950       ?allocate@?$Array@IVNamedAllocator@shdfnd@physx@@@shdfnd@physx@@IEAAPEAII@Z 0000000180010950 f i RTreeCooking.obj
 0001:0000fa00       ?allocate@?$Array@UInterval@physx@@V?$InlineAllocator@$0CA@VNamedAllocator@shdfnd@physx@@@shdfnd@2@@shdfnd@physx@@IEAAPEAUInterval@3@I@Z 0000000180010a00 f i RTreeCooking.obj
 0001:0000fab0       ?allocate@?$Array@UPxBounds3V@physx@@VNamedAllocator@shdfnd@2@@shdfnd@physx@@IEAAPEAUPxBounds3V@3@I@Z 0000000180010ab0 f i RTreeCooking.obj
 0001:0000fb60       ?allocate@?$Array@URTreeNodeNQ@physx@@VNamedAllocator@shdfnd@2@@shdfnd@physx@@IEAAPEAURTreeNodeNQ@3@I@Z 0000000180010b60 f i RTreeCooking.obj
 0001:0000fc10       ?allocate@?$Array@URTreeNodeQ@Gu@physx@@VNamedAllocator@shdfnd@3@@shdfnd@physx@@IEAAPEAURTreeNodeQ@Gu@3@I@Z 0000000180010c10 f i RTreeCooking.obj
 0001:0000fcc0       ?allocate@?$Array@VPxVec3@physx@@VNamedAllocator@shdfnd@2@@shdfnd@physx@@IEAAPEAVPxVec3@3@I@Z 0000000180010cc0 f i RTreeCooking.obj
 0001:0000fd70       ?allocate@?$InlineAllocator@$0CA@VNamedAllocator@shdfnd@physx@@@shdfnd@physx@@QEAAPEAXIPEBDH@Z 0000000180010d70 f i RTreeCooking.obj
 0001:0000fdf0       ?begin@?$Array@IVNamedAllocator@shdfnd@physx@@@shdfnd@physx@@QEAAPEAIXZ 0000000180010df0 f i RTreeCooking.obj
 0001:0000fe10       ?begin@?$Array@UPxBounds3V@physx@@VNamedAllocator@shdfnd@2@@shdfnd@physx@@QEAAPEAUPxBounds3V@3@XZ 0000000180010e10 f i RTreeCooking.obj
 0001:0000fe30       ?begin@?$Array@VPxVec3@physx@@VNamedAllocator@shdfnd@2@@shdfnd@physx@@QEAAPEAVPxVec3@3@XZ 0000000180010e30 f i RTreeCooking.obj
 0001:0000fe50       ?capacity@?$Array@IVNamedAllocator@shdfnd@physx@@@shdfnd@physx@@QEBAIXZ 0000000180010e50 f i RTreeCooking.obj
 0001:0000fe70       ?capacity@?$Array@UInterval@physx@@V?$InlineAllocator@$0CA@VNamedAllocator@shdfnd@physx@@@shdfnd@2@@shdfnd@physx@@QEBAIXZ 0000000180010e70 f i RTreeCooking.obj
 0001:0000fe90       ?capacity@?$Array@UPxBounds3V@physx@@VNamedAllocator@shdfnd@2@@shdfnd@physx@@QEBAIXZ 0000000180010e90 f i RTreeCooking.obj
 0001:0000feb0       ?capacity@?$Array@URTreeNodeNQ@physx@@VNamedAllocator@shdfnd@2@@shdfnd@physx@@QEBAIXZ 0000000180010eb0 f i RTreeCooking.obj
 0001:0000fed0       ?capacity@?$Array@URTreeNodeQ@Gu@physx@@VNamedAllocator@shdfnd@3@@shdfnd@physx@@QEBAIXZ 0000000180010ed0 f i RTreeCooking.obj
 0001:0000fef0       ?capacity@?$Array@VPxVec3@physx@@VNamedAllocator@shdfnd@2@@shdfnd@physx@@QEBAIXZ 0000000180010ef0 f i RTreeCooking.obj
 0001:0000ff10       ?capacityIncrement@?$Array@IVNamedAllocator@shdfnd@physx@@@shdfnd@physx@@IEBAIXZ 0000000180010f10 f i RTreeCooking.obj
 0001:0000ff60       ?capacityIncrement@?$Array@UInterval@physx@@V?$InlineAllocator@$0CA@VNamedAllocator@shdfnd@physx@@@shdfnd@2@@shdfnd@physx@@IEBAIXZ 0000000180010f60 f i RTreeCooking.obj
 0001:0000ffb0       ?capacityIncrement@?$Array@UPxBounds3V@physx@@VNamedAllocator@shdfnd@2@@shdfnd@physx@@IEBAIXZ 0000000180010fb0 f i RTreeCooking.obj
 0001:00010000       ?capacityIncrement@?$Array@URTreeNodeNQ@physx@@VNamedAllocator@shdfnd@2@@shdfnd@physx@@IEBAIXZ 0000000180011000 f i RTreeCooking.obj
 0001:00010050       ?capacityIncrement@?$Array@URTreeNodeQ@Gu@physx@@VNamedAllocator@shdfnd@3@@shdfnd@physx@@IEBAIXZ 0000000180011050 f i RTreeCooking.obj
 0001:000100a0       ?capacityIncrement@?$Array@VPxVec3@physx@@VNamedAllocator@shdfnd@2@@shdfnd@physx@@IEBAIXZ 00000001800110a0 f i RTreeCooking.obj
 0001:000100f0       ?computeSA@SubSortSAH@physx@@QEAAMPEBIAEBUInterval@2@@Z 00000001800110f0 f i RTreeCooking.obj
 0001:00010380       ?copy@?$Array@IVNamedAllocator@shdfnd@physx@@@shdfnd@physx@@KAXPEAI0PEBI@Z 0000000180011380 f i RTreeCooking.obj
 0001:00010430       ?copy@?$Array@UInterval@physx@@V?$InlineAllocator@$0CA@VNamedAllocator@shdfnd@physx@@@shdfnd@2@@shdfnd@physx@@KAXPEAUInterval@3@0PEBU43@@Z 0000000180011430 f i RTreeCooking.obj
 0001:000104e0       ?copy@?$Array@UPxBounds3V@physx@@VNamedAllocator@shdfnd@2@@shdfnd@physx@@KAXPEAUPxBounds3V@3@0PEBU43@@Z 00000001800114e0 f i RTreeCooking.obj
 0001:00010590       ?copy@?$Array@URTreeNodeNQ@physx@@VNamedAllocator@shdfnd@2@@shdfnd@physx@@KAXPEAURTreeNodeNQ@3@0PEBU43@@Z 0000000180011590 f i RTreeCooking.obj
 0001:00010630       ?copy@?$Array@URTreeNodeQ@Gu@physx@@VNamedAllocator@shdfnd@3@@shdfnd@physx@@KAXPEAURTreeNodeQ@Gu@3@0PEBU453@@Z 0000000180011630 f i RTreeCooking.obj
 0001:000106e0       ?copy@?$Array@VPxVec3@physx@@VNamedAllocator@shdfnd@2@@shdfnd@physx@@KAXPEAVPxVec3@3@0PEBV43@@Z 00000001800116e0 f i RTreeCooking.obj
 0001:00010780       ?create@?$Array@IVNamedAllocator@shdfnd@physx@@@shdfnd@physx@@KAXPEAI0AEBI@Z 0000000180011780 f i RTreeCooking.obj
 0001:00010820       ?deallocate@?$Array@IVNamedAllocator@shdfnd@physx@@@shdfnd@physx@@IEAAXPEAX@Z 0000000180011820 f i RTreeCooking.obj
 0001:00010850       ?deallocate@?$Array@UInterval@physx@@V?$InlineAllocator@$0CA@VNamedAllocator@shdfnd@physx@@@shdfnd@2@@shdfnd@physx@@IEAAXPEAX@Z 0000000180011850 f i RTreeCooking.obj
 0001:00010880       ?deallocate@?$Array@UPxBounds3V@physx@@VNamedAllocator@shdfnd@2@@shdfnd@physx@@IEAAXPEAX@Z 0000000180011880 f i RTreeCooking.obj
 0001:000108b0       ?deallocate@?$Array@URTreeNodeNQ@physx@@VNamedAllocator@shdfnd@2@@shdfnd@physx@@IEAAXPEAX@Z 00000001800118b0 f i RTreeCooking.obj
 0001:000108e0       ?deallocate@?$Array@URTreeNodeQ@Gu@physx@@VNamedAllocator@shdfnd@3@@shdfnd@physx@@IEAAXPEAX@Z 00000001800118e0 f i RTreeCooking.obj
 0001:00010910       ?deallocate@?$Array@VPxVec3@physx@@VNamedAllocator@shdfnd@2@@shdfnd@physx@@IEAAXPEAX@Z 0000000180011910 f i RTreeCooking.obj
 0001:00010940       ?deallocate@?$InlineAllocator@$0CA@VNamedAllocator@shdfnd@physx@@@shdfnd@physx@@QEAAXPEAX@Z 0000000180011940 f i RTreeCooking.obj
 0001:00010990       ?destroy@?$Array@IVNamedAllocator@shdfnd@physx@@@shdfnd@physx@@KAXPEAI0@Z 0000000180011990 f i RTreeCooking.obj
 0001:000109d0       ?destroy@?$Array@UInterval@physx@@V?$InlineAllocator@$0CA@VNamedAllocator@shdfnd@physx@@@shdfnd@2@@shdfnd@physx@@KAXPEAUInterval@3@0@Z 00000001800119d0 f i RTreeCooking.obj
 0001:00010a10       ?destroy@?$Array@UPxBounds3V@physx@@VNamedAllocator@shdfnd@2@@shdfnd@physx@@KAXPEAUPxBounds3V@3@0@Z 0000000180011a10 f i RTreeCooking.obj
 0001:00010a50       ?destroy@?$Array@URTreeNodeNQ@physx@@VNamedAllocator@shdfnd@2@@shdfnd@physx@@KAXPEAURTreeNodeNQ@3@0@Z 0000000180011a50 f i RTreeCooking.obj
 0001:00010a90       ?destroy@?$Array@URTreeNodeQ@Gu@physx@@VNamedAllocator@shdfnd@3@@shdfnd@physx@@KAXPEAURTreeNodeQ@Gu@3@0@Z 0000000180011a90 f i RTreeCooking.obj
 0001:00010ad0       ?destroy@?$Array@VPxVec3@physx@@VNamedAllocator@shdfnd@2@@shdfnd@physx@@KAXPEAVPxVec3@3@0@Z 0000000180011ad0 f i RTreeCooking.obj
 0001:00010b10       ?empty@?$Stack@VNamedAllocator@shdfnd@physx@@@internal@shdfnd@physx@@QEAA_NXZ 0000000180011b10 f i RTreeCooking.obj
 0001:00010b50       ?empty@PxBounds3@physx@@SA?AV12@XZ 0000000180011b50 f i RTreeCooking.obj
 0001:00010bc0       ?getExtents@PxBounds3V@physx@@QEBA?AT__m128@@XZ 0000000180011bc0 f i RTreeCooking.obj
 0001:00010c30       ?getMaxVec3@PxBounds3V@physx@@QEBAAEBVPxVec3@2@XZ 0000000180011c30 f i RTreeCooking.obj
 0001:00010c50       ?getMinVec3@PxBounds3V@physx@@QEBAAEBVPxVec3@2@XZ 0000000180011c50 f i RTreeCooking.obj
 0001:00010c60       ?grow@?$Array@IVNamedAllocator@shdfnd@physx@@@shdfnd@physx@@IEAAXI@Z 0000000180011c60 f i RTreeCooking.obj
 0001:00010d00       ?grow@?$Array@UPxBounds3V@physx@@VNamedAllocator@shdfnd@2@@shdfnd@physx@@IEAAXI@Z 0000000180011d00 f i RTreeCooking.obj
 0001:00010da0       ?grow@?$Array@URTreeNodeNQ@physx@@VNamedAllocator@shdfnd@2@@shdfnd@physx@@IEAAXI@Z 0000000180011da0 f i RTreeCooking.obj
 0001:00010e40       ?grow@?$Array@URTreeNodeQ@Gu@physx@@VNamedAllocator@shdfnd@3@@shdfnd@physx@@IEAAXI@Z 0000000180011e40 f i RTreeCooking.obj
 0001:00010ee0       ?grow@?$Array@VPxVec3@physx@@VNamedAllocator@shdfnd@2@@shdfnd@physx@@IEAAXI@Z 0000000180011ee0 f i RTreeCooking.obj
 0001:00010f80       ?grow@?$Stack@VNamedAllocator@shdfnd@physx@@@internal@shdfnd@physx@@QEAAXXZ 0000000180011f80 f i RTreeCooking.obj
 0001:00011060       ?growAndPushBack@?$Array@IVNamedAllocator@shdfnd@physx@@@shdfnd@physx@@IEAAAEAIAEBI@Z 0000000180012060 f i RTreeCooking.obj
 0001:00011270       ?growAndPushBack@?$Array@UInterval@physx@@V?$InlineAllocator@$0CA@VNamedAllocator@shdfnd@physx@@@shdfnd@2@@shdfnd@physx@@IEAAAEAUInterval@3@AEBU43@@Z 0000000180012270 f i RTreeCooking.obj
 0001:00011480       ?growAndPushBack@?$Array@UPxBounds3V@physx@@VNamedAllocator@shdfnd@2@@shdfnd@physx@@IEAAAEAUPxBounds3V@3@AEBU43@@Z 0000000180012480 f i RTreeCooking.obj
 0001:000116e0       ?growAndPushBack@?$Array@URTreeNodeNQ@physx@@VNamedAllocator@shdfnd@2@@shdfnd@physx@@IEAAAEAURTreeNodeNQ@3@AEBU43@@Z 00000001800126e0 f i RTreeCooking.obj
 0001:000118f0       ?growAndPushBack@?$Array@URTreeNodeQ@Gu@physx@@VNamedAllocator@shdfnd@3@@shdfnd@physx@@IEAAAEAURTreeNodeQ@Gu@3@AEBU453@@Z 00000001800128f0 f i RTreeCooking.obj
 0001:00011b50       ?growAndPushBack@?$Array@VPxVec3@physx@@VNamedAllocator@shdfnd@2@@shdfnd@physx@@IEAAAEAVPxVec3@3@AEBV43@@Z 0000000180012b50 f i RTreeCooking.obj
 0001:00011d60       ?include@PxBounds3V@physx@@QEAAXAEBU12@@Z 0000000180012d60 f i RTreeCooking.obj
 0001:00011e30       ?isFinite@PxBounds3@physx@@QEBA_NXZ 0000000180012e30 f i RTreeCooking.obj
 0001:00011ea0       ?isFinite@PxVec3@physx@@QEBA_NXZ 0000000180012ea0 f i RTreeCooking.obj
 0001:00011f20       ?isFinite@intrinsics@physx@@YA_NM@Z 0000000180012f20 f i RTreeCooking.obj
 0001:00011f70       ?isInUserMemory@?$Array@IVNamedAllocator@shdfnd@physx@@@shdfnd@physx@@QEBAIXZ 0000000180012f70 f i RTreeCooking.obj
 0001:00011f90       ?isInUserMemory@?$Array@UInterval@physx@@V?$InlineAllocator@$0CA@VNamedAllocator@shdfnd@physx@@@shdfnd@2@@shdfnd@physx@@QEBAIXZ 0000000180012f90 f i RTreeCooking.obj
 0001:00011fb0       ?isInUserMemory@?$Array@UPxBounds3V@physx@@VNamedAllocator@shdfnd@2@@shdfnd@physx@@QEBAIXZ 0000000180012fb0 f i RTreeCooking.obj
 0001:00011fd0       ?isInUserMemory@?$Array@URTreeNodeNQ@physx@@VNamedAllocator@shdfnd@2@@shdfnd@physx@@QEBAIXZ 0000000180012fd0 f i RTreeCooking.obj
 0001:00011ff0       ?isInUserMemory@?$Array@URTreeNodeQ@Gu@physx@@VNamedAllocator@shdfnd@3@@shdfnd@physx@@QEBAIXZ 0000000180012ff0 f i RTreeCooking.obj
 0001:00012010       ?isInUserMemory@?$Array@VPxVec3@physx@@VNamedAllocator@shdfnd@2@@shdfnd@physx@@QEBAIXZ 0000000180013010 f i RTreeCooking.obj
 0001:00012030       ?isInside@PxBounds3@physx@@QEBA_NAEBV12@@Z 0000000180013030 f i RTreeCooking.obj
 0001:00012190       ?isLeaf@RTreeNodeQ@Gu@physx@@QEBAIXZ 0000000180013190 f i RTreeCooking.obj
 0001:000121b0       ?isValid@PxBounds3@physx@@QEBA_NXZ 00000001800131b0 f i RTreeCooking.obj
 0001:000122e0       ?memCopy@intrinsics@physx@@YAPEAXPEIAXPEIBXI@Z 00000001800132e0 f i RTreeCooking.obj
 0001:00012320       ?pop@?$Stack@VNamedAllocator@shdfnd@physx@@@internal@shdfnd@physx@@QEAAXAEAH0@Z 0000000180013320 f i RTreeCooking.obj
 0001:00012430       ?popBack@?$Array@IVNamedAllocator@shdfnd@physx@@@shdfnd@physx@@QEAAIXZ 0000000180013430 f i RTreeCooking.obj
 0001:000124f0       ?push@?$Stack@VNamedAllocator@shdfnd@physx@@@internal@shdfnd@physx@@QEAAXHH@Z 00000001800134f0 f i RTreeCooking.obj
 0001:000125a0       ?pushBack@?$Array@IVNamedAllocator@shdfnd@physx@@@shdfnd@physx@@QEAAAEAIAEBI@Z 00000001800135a0 f i RTreeCooking.obj
 0001:00012690       ?pushBack@?$Array@UInterval@physx@@V?$InlineAllocator@$0CA@VNamedAllocator@shdfnd@physx@@@shdfnd@2@@shdfnd@physx@@QEAAAEAUInterval@3@AEBU43@@Z 0000000180013690 f i RTreeCooking.obj
 0001:00012780       ?pushBack@?$Array@UPxBounds3V@physx@@VNamedAllocator@shdfnd@2@@shdfnd@physx@@QEAAAEAUPxBounds3V@3@AEBU43@@Z 0000000180013780 f i RTreeCooking.obj
 0001:00012880       ?pushBack@?$Array@URTreeNodeNQ@physx@@VNamedAllocator@shdfnd@2@@shdfnd@physx@@QEAAAEAURTreeNodeNQ@3@AEBU43@@Z 0000000180013880 f i RTreeCooking.obj
 0001:00012970       ?pushBack@?$Array@URTreeNodeQ@Gu@physx@@VNamedAllocator@shdfnd@3@@shdfnd@physx@@QEAAAEAURTreeNodeQ@Gu@3@AEBU453@@Z 0000000180013970 f i RTreeCooking.obj
 0001:00012a70       ?pushBack@?$Array@VPxVec3@physx@@VNamedAllocator@shdfnd@2@@shdfnd@physx@@QEAAAEAVPxVec3@3@AEBV43@@Z 0000000180013a70 f i RTreeCooking.obj
 0001:00012b60       ?recreate@?$Array@IVNamedAllocator@shdfnd@physx@@@shdfnd@physx@@IEAAXI@Z 0000000180013b60 f i RTreeCooking.obj
 0001:00012cc0       ?recreate@?$Array@UPxBounds3V@physx@@VNamedAllocator@shdfnd@2@@shdfnd@physx@@IEAAXI@Z 0000000180013cc0 f i RTreeCooking.obj
 0001:00012e20       ?recreate@?$Array@URTreeNodeNQ@physx@@VNamedAllocator@shdfnd@2@@shdfnd@physx@@IEAAXI@Z 0000000180013e20 f i RTreeCooking.obj
 0001:00012f80       ?recreate@?$Array@URTreeNodeQ@Gu@physx@@VNamedAllocator@shdfnd@3@@shdfnd@physx@@IEAAXI@Z 0000000180013f80 f i RTreeCooking.obj
 0001:000130e0       ?recreate@?$Array@VPxVec3@physx@@VNamedAllocator@shdfnd@2@@shdfnd@physx@@IEAAXI@Z 00000001800140e0 f i RTreeCooking.obj
 0001:00013240       ?replaceWithLast@?$Array@UInterval@physx@@V?$InlineAllocator@$0CA@VNamedAllocator@shdfnd@physx@@@shdfnd@2@@shdfnd@physx@@QEAAXI@Z 0000000180014240 f i RTreeCooking.obj
 0001:00013310       ?reserve@?$Array@IVNamedAllocator@shdfnd@physx@@@shdfnd@physx@@QEAAXI@Z 0000000180014310 f i RTreeCooking.obj
 0001:00013350       ?reserve@?$Array@UPxBounds3V@physx@@VNamedAllocator@shdfnd@2@@shdfnd@physx@@QEAAXI@Z 0000000180014350 f i RTreeCooking.obj
 0001:00013390       ?reserve@?$Array@URTreeNodeNQ@physx@@VNamedAllocator@shdfnd@2@@shdfnd@physx@@QEAAXI@Z 0000000180014390 f i RTreeCooking.obj
 0001:000133d0       ?reserve@?$Array@URTreeNodeQ@Gu@physx@@VNamedAllocator@shdfnd@3@@shdfnd@physx@@QEAAXI@Z 00000001800143d0 f i RTreeCooking.obj
 0001:00013410       ?reserve@?$Array@VPxVec3@physx@@VNamedAllocator@shdfnd@2@@shdfnd@physx@@QEAAXI@Z 0000000180014410 f i RTreeCooking.obj
 0001:00013450       ?resize@?$Array@IVNamedAllocator@shdfnd@physx@@@shdfnd@physx@@QEAAXIAEBI@Z 0000000180014450 f i RTreeCooking.obj
 0001:00013510       ?resizeUninitialized@?$Array@URTreeNodeNQ@physx@@VNamedAllocator@shdfnd@2@@shdfnd@physx@@QEAAXI@Z 0000000180014510 f i RTreeCooking.obj
 0001:00013550       ?selectMax@intrinsics@physx@@YAMMM@Z 0000000180014550 f i RTreeCooking.obj
 0001:000135a0       ?selectMin@intrinsics@physx@@YAMMM@Z 00000001800145a0 f i RTreeCooking.obj
 0001:000135f0       ?setEmpty@PxBounds3@physx@@QEAAXXZ 00000001800145f0 f i RTreeCooking.obj
 0001:00013660       ?setLeaf@RTreeNodeQ@Gu@physx@@QEAAX_N@Z 0000000180014660 f i RTreeCooking.obj
 0001:000136b0       ?size@?$Array@IVNamedAllocator@shdfnd@physx@@@shdfnd@physx@@QEBAIXZ 00000001800146b0 f i RTreeCooking.obj
 0001:000136d0       ?size@?$Array@UInterval@physx@@V?$InlineAllocator@$0CA@VNamedAllocator@shdfnd@physx@@@shdfnd@2@@shdfnd@physx@@QEBAIXZ 00000001800146d0 f i RTreeCooking.obj
 0001:000136f0       ?size@?$Array@URTreeNodeNQ@physx@@VNamedAllocator@shdfnd@2@@shdfnd@physx@@QEBAIXZ 00000001800146f0 f i RTreeCooking.obj
 0001:00013710       ?size@?$Array@URTreeNodeQ@Gu@physx@@VNamedAllocator@shdfnd@3@@shdfnd@physx@@QEBAIXZ 0000000180014710 f i RTreeCooking.obj
 0001:00013730       ?size@?$Array@VPxVec3@physx@@VNamedAllocator@shdfnd@2@@shdfnd@physx@@QEBAIXZ 0000000180014730 f i RTreeCooking.obj
 0001:00013750       ?sort4@SubSortQuick@physx@@QEAAXPEIAIIAEAV?$Array@URTreeNodeNQ@physx@@VNamedAllocator@shdfnd@2@@shdfnd@2@AEAIAEAUPxBounds3V@2@I@Z 0000000180014750 f i RTreeCooking.obj
 0001:000143f0       ?sort4@SubSortSAH@physx@@QEAAXPEAIIAEAV?$Array@URTreeNodeNQ@physx@@VNamedAllocator@shdfnd@2@@shdfnd@2@AEAIIPEAURTreeNodeNQ@2@@Z 00000001800153f0 f i RTreeCooking.obj
 0001:00015590       ?split@SubSortSAH@physx@@QEAAIPEAII@Z 0000000180016590 f i RTreeCooking.obj
 0001:00016830       ?loadFromDesc@TriangleMeshBuilder@physx@@QEAA_NAEBVPxTriangleMeshDesc@2@AEBUPxCookingParams@2@_N@Z 0000000180017830 f   TriangleMeshBuilder.obj
 0001:00016b40       ?save@TriangleMeshBuilder@physx@@QEBA_NAEAVPxOutputStream@2@_NAEBUPxCookingParams@2@@Z 0000000180017b40 f   TriangleMeshBuilder.obj
 0001:00017350       ?computeLocalBounds@TriangleMeshBuilder@physx@@IEAAXXZ 0000000180018350 f   TriangleMeshBuilder.obj
 0001:00017470       ?importMesh@TriangleMeshBuilder@physx@@IEAA_NAEBVPxTriangleMeshDesc@2@AEBUPxCookingParams@2@_N@Z 0000000180018470 f   TriangleMeshBuilder.obj
 0001:00017f00       ??$?_UI@@YAPEAX_KV?$ReflectionAllocator@I@shdfnd@physx@@PEBDH@Z 0000000180018f00 f i TriangleMeshBuilder.obj
 0001:00017f50       ??0?$PxFlags@W4Enum@PxMeshFlag@physx@@G@physx@@QEAA@AEBV01@@Z 0000000180018f50 f i TriangleMeshBuilder.obj
 0001:00017f80       ??0?$PxFlags@W4Enum@PxMeshFlag@physx@@G@physx@@QEAA@W4Enum@PxMeshFlag@1@@Z 0000000180018f80 f i TriangleMeshBuilder.obj
 0001:00017fb0       ??0?$PxFlags@W4Enum@PxMeshFlag@physx@@G@physx@@QEAA@XZ 0000000180018fb0 f i TriangleMeshBuilder.obj
 0001:00017fd0       ??0?$PxFlags@W4Enum@PxMeshPreprocessingFlag@physx@@I@physx@@QEAA@AEBV01@@Z 0000000180018fd0 f i TriangleMeshBuilder.obj
 0001:00018000       ??0?$ReflectionAllocator@I@shdfnd@physx@@QEAA@PEBD@Z 0000000180019000 f i TriangleMeshBuilder.obj
 0001:00018020       ??0PxSimpleTriangleMesh@physx@@QEAA@AEBV01@@Z 0000000180019020 f i TriangleMeshBuilder.obj
 0001:000180a0       ??0PxTriangleMeshDesc@physx@@QEAA@AEBV01@@Z 00000001800190a0 f i TriangleMeshBuilder.obj
 0001:00018110       ??APxVec3@physx@@QEAAAEAMI@Z 0000000180019110 f i TriangleMeshBuilder.obj
 0001:000181a0       ??B?$PxFlags@W4Enum@PxMeshFlag@physx@@G@physx@@QEBA_NXZ 00000001800191a0 f i TriangleMeshBuilder.obj
 0001:000181e0       ??B?$PxFlags@W4Enum@PxMeshPreprocessingFlag@physx@@I@physx@@QEBA_NXZ 00000001800191e0 f i TriangleMeshBuilder.obj
 0001:00018210       ??I?$PxFlags@W4Enum@PxMeshFlag@physx@@G@physx@@QEBA?AV01@W4Enum@PxMeshFlag@1@@Z 0000000180019210 f i TriangleMeshBuilder.obj
 0001:00018280       ??I?$PxFlags@W4Enum@PxMeshPreprocessingFlag@physx@@I@physx@@QEBA?AV01@W4Enum@PxMeshPreprocessingFlag@1@@Z 0000000180019280 f i TriangleMeshBuilder.obj
 0001:000182e0       ??S?$PxFlags@W4Enum@PxMeshFlag@physx@@G@physx@@QEBA?AV01@XZ 00000001800192e0 f i TriangleMeshBuilder.obj
 0001:00018330       ??Sphysx@@YA?AV?$PxFlags@W4Enum@PxMeshFlag@physx@@G@0@W4Enum@PxMeshFlag@0@@Z 0000000180019330 f i TriangleMeshBuilder.obj
 0001:00018370       ??_4?$PxFlags@W4Enum@PxMeshFlag@physx@@G@physx@@QEAAAEAV01@AEBV01@@Z 0000000180019370 f i TriangleMeshBuilder.obj
 0001:000183b0       ??_H@YAXPEAX_K1P6APEAX0@Z@Z 00000001800193b0 f i TriangleMeshBuilder.obj
 0001:00018450       ?PxAbs@physx@@YAMM@Z       0000000180019450 f i TriangleMeshBuilder.obj
 0001:00018470       ?abs@intrinsics@physx@@YAMM@Z 0000000180019470 f i TriangleMeshBuilder.obj
 0001:00018490       ?allocate@?$ReflectionAllocator@I@shdfnd@physx@@QEAAPEAX_KPEBDH@Z 0000000180019490 f i TriangleMeshBuilder.obj
 0001:00018530       ?gatherStrided@shdfnd@physx@@YAXPEBXPEAXIII@Z 0000000180019530 f i TriangleMeshBuilder.obj
 0001:000185e0       ?getFoundation@shdfnd@physx@@YAAEAVFoundation@12@XZ 00000001800195e0 f i TriangleMeshBuilder.obj
 0001:00018600       ?getName@?$ReflectionAllocator@I@shdfnd@physx@@CAPEBDXZ 0000000180019600 f i TriangleMeshBuilder.obj
 0001:00018650       ?isValid@PxSimpleTriangleMesh@physx@@QEBA_NXZ 0000000180019650 f i TriangleMeshBuilder.obj
 0001:00018760       ?isValid@PxTriangleMeshDesc@physx@@QEBA_NXZ 0000000180019760 f i TriangleMeshBuilder.obj
 0001:000187f0       ?name@type_info@@QEBAPEBDXZ 00000001800197f0 f i TriangleMeshBuilder.obj
 0001:00018820       ?to16@shdfnd@physx@@YAGI@Z 0000000180019820 f i TriangleMeshBuilder.obj
 0001:000188a0       ?writeIntBuffer@physx@@YAXPEBII_NAEAVPxOutputStream@1@@Z 00000001800198a0 f i TriangleMeshBuilder.obj
 0001:000188f0       fabsf                      00000001800198f0 f i TriangleMeshBuilder.obj
 0001:00018920       ??0BigConvexDataBuilder@physx@@QEAA@PEBUConvexHullData@Gu@1@PEAVBigConvexData@1@PEBVPxVec3@1@@Z 0000000180019920 f   BigConvexDataBuilder.obj
 0001:00018970       ??1BigConvexDataBuilder@physx@@QEAA@XZ 0000000180019970 f   BigConvexDataBuilder.obj
 0001:00018980       ?Precompute@BigConvexDataBuilder@physx@@QEAA_NI@Z 0000000180019980 f   BigConvexDataBuilder.obj
 0001:00018d20       ?Initialize@BigConvexDataBuilder@physx@@QEAA_NXZ 0000000180019d20 f   BigConvexDataBuilder.obj
 0001:00018d90       ?PrecomputeSample@BigConvexDataBuilder@physx@@QEAA_NIAEBVPxVec3@2@@Z 0000000180019d90 f   BigConvexDataBuilder.obj
 0001:00018ee0       ?Save@BigConvexDataBuilder@physx@@QEBA_NAEAVPxOutputStream@2@_NIPEBUHullTriangleData@2@@Z 0000000180019ee0 f   BigConvexDataBuilder.obj
 0001:00019030       ?ComputeValencies@BigConvexDataBuilder@physx@@QEBA_NIPEBUHullTriangleData@2@@Z 000000018001a030 f   BigConvexDataBuilder.obj
 0001:000190a0       ?Compute@BigConvexDataBuilder@physx@@QEBA_NAEBUVALENCIESCREATE@2@@Z 000000018001a0a0 f   BigConvexDataBuilder.obj
 0001:00019750       ?Save@BigConvexDataBuilder@physx@@QEBA_NAEAVPxOutputStream@2@_N@Z 000000018001a750 f   BigConvexDataBuilder.obj
 0001:00019dc0       ??$?_UE@@YAPEAX_KV?$ReflectionAllocator@E@shdfnd@physx@@PEBDH@Z 000000018001adc0 f i BigConvexDataBuilder.obj
 0001:00019e10       ??$?_UG@@YAPEAX_KV?$ReflectionAllocator@G@shdfnd@physx@@PEBDH@Z 000000018001ae10 f i BigConvexDataBuilder.obj
 0001:00019e60       ??$?_UUValency@Gu@physx@@@@YAPEAX_KV?$ReflectionAllocator@UValency@Gu@physx@@@shdfnd@physx@@PEBDH@Z 000000018001ae60 f i BigConvexDataBuilder.obj
 0001:00019eb0       ??0?$ReflectionAllocator@E@shdfnd@physx@@QEAA@PEBD@Z 000000018001aeb0 f i BigConvexDataBuilder.obj
 0001:00019ed0       ??0?$ReflectionAllocator@G@shdfnd@physx@@QEAA@PEBD@Z 000000018001aed0 f i BigConvexDataBuilder.obj
 0001:00019ef0       ??0?$ReflectionAllocator@UValency@Gu@physx@@@shdfnd@physx@@QEAA@PEBD@Z 000000018001aef0 f i BigConvexDataBuilder.obj
 0001:00019f10       ??0EDGELISTCREATE@Gu@physx@@QEAA@XZ 000000018001af10 f i BigConvexDataBuilder.obj
 0001:00019f90       ??0PxVec3@physx@@QEAA@XZ   000000018001af90 f i BigConvexDataBuilder.obj
 0001:00019fa0       ??0VALENCIESCREATE@physx@@QEAA@XZ 000000018001afa0 f i BigConvexDataBuilder.obj
 0001:00019fd0       ??_0PxVec3@physx@@QEAAAEAV01@M@Z 000000018001afd0 f i BigConvexDataBuilder.obj
 0001:0001a060       ?GetEdge@EdgeList@Gu@physx@@QEBAAEBUEdgeData@23@I@Z 000000018001b060 f i BigConvexDataBuilder.obj
 0001:0001a090       ?GetNbEdges@EdgeList@Gu@physx@@QEBAIXZ 000000018001b090 f i BigConvexDataBuilder.obj
 0001:0001a0a0       ?PxMemZero@physx@@YAPEAXPEIAXI@Z 000000018001b0a0 f i BigConvexDataBuilder.obj
 0001:0001a0d0       ?PxSqrt@physx@@YAMM@Z      000000018001b0d0 f i BigConvexDataBuilder.obj
 0001:0001a0f0       ?allocate@?$ReflectionAllocator@E@shdfnd@physx@@QEAAPEAX_KPEBDH@Z 000000018001b0f0 f i BigConvexDataBuilder.obj
 0001:0001a190       ?allocate@?$ReflectionAllocator@G@shdfnd@physx@@QEAAPEAX_KPEBDH@Z 000000018001b190 f i BigConvexDataBuilder.obj
 0001:0001a230       ?allocate@?$ReflectionAllocator@UValency@Gu@physx@@@shdfnd@physx@@QEAAPEAX_KPEBDH@Z 000000018001b230 f i BigConvexDataBuilder.obj
 0001:0001a2d0       ?dot@PxVec3@physx@@QEBAMAEBV12@@Z 000000018001b2d0 f i BigConvexDataBuilder.obj
 0001:0001a330       ?getName@?$ReflectionAllocator@E@shdfnd@physx@@CAPEBDXZ 000000018001b330 f i BigConvexDataBuilder.obj
 0001:0001a380       ?getName@?$ReflectionAllocator@G@shdfnd@physx@@CAPEBDXZ 000000018001b380 f i BigConvexDataBuilder.obj
 0001:0001a3d0       ?getName@?$ReflectionAllocator@UValency@Gu@physx@@@shdfnd@physx@@CAPEBDXZ 000000018001b3d0 f i BigConvexDataBuilder.obj
 0001:0001a420       ?magnitude@PxVec3@physx@@QEBAMXZ 000000018001b420 f i BigConvexDataBuilder.obj
 0001:0001a450       ?magnitudeSquared@PxVec3@physx@@QEBAMXZ 000000018001b450 f i BigConvexDataBuilder.obj
 0001:0001a4b0       ?memZero@intrinsics@physx@@YAPEAXPEIAXI@Z 000000018001b4b0 f i BigConvexDataBuilder.obj
 0001:0001a4f0       ?normalize@PxVec3@physx@@QEAAMXZ 000000018001b4f0 f i BigConvexDataBuilder.obj
 0001:0001a550       ?sqrt@intrinsics@physx@@YAMM@Z 000000018001b550 f i BigConvexDataBuilder.obj
 0001:0001a5f0       ??0ConvexHullBuilder@physx@@QEAA@PEAUConvexHullData@Gu@1@@Z 000000018001b5f0 f   ConvexHullBuilder.obj
 0001:0001a690       ??1ConvexHullBuilder@physx@@QEAA@XZ 000000018001b690 f   ConvexHullBuilder.obj
 0001:0001a7e0       ?Init@ConvexHullBuilder@physx@@QEAA_NIPEBVPxVec3@2@IPEBIIPEBUPxHullPolygon@2@@Z 000000018001b7e0 f   ConvexHullBuilder.obj
 0001:0001b460       ?Save@ConvexHullBuilder@physx@@QEBA_NAEAVPxOutputStream@2@_N@Z 000000018001c460 f   ConvexHullBuilder.obj
 0001:0001b7a0       ?CreateEdgeList@ConvexHullBuilder@physx@@QEAA_NXZ 000000018001c7a0 f   ConvexHullBuilder.obj
 0001:0001c770       ?CreatePolygonData@ConvexHullBuilder@physx@@QEAA_NXZ 000000018001d770 f   ConvexHullBuilder.obj
 0001:0001d860       ?CheckHullPolygons@ConvexHullBuilder@physx@@QEBA_NXZ 000000018001e860 f   ConvexHullBuilder.obj
 0001:0001e010       ?CreateTrianglesFromPolygons@ConvexHullBuilder@physx@@QEAA_NXZ 000000018001f010 f   ConvexHullBuilder.obj
 0001:0001e6d0       ?ComputeGeomCenter@ConvexHullBuilder@physx@@QEBA_NAEAVPxVec3@2@@Z 000000018001f6d0 f   ConvexHullBuilder.obj
 0001:0001e890       ?CalculateVertexMapTable@ConvexHullBuilder@physx@@QEAA_NI_N@Z 000000018001f890 f   ConvexHullBuilder.obj
 0001:0001eb70       ?ComputeHullPolygons@ConvexHullBuilder@physx@@QEAA_NAEBIPEBVPxVec3@2@0PEBI@Z 000000018001fb70 f   ConvexHullBuilder.obj
 0001:00022900       ??$?_UUEdgeDescData@Gu@physx@@@@YAPEAX_KV?$ReflectionAllocator@UEdgeDescData@Gu@physx@@@shdfnd@physx@@PEBDH@Z 0000000180023900 f i ConvexHullBuilder.obj
 0001:00022950       ??$?_UUHullTriangleData@physx@@@@YAPEAX_KV?$ReflectionAllocator@UHullTriangleData@physx@@@shdfnd@physx@@PEBDH@Z 0000000180023950 f i ConvexHullBuilder.obj
 0001:000229a0       ??$PX_UNUSED@H@@YAXAEBH@Z  00000001800239a0 f i ConvexHullBuilder.obj
 0001:000229b0       ??$PlaneEquation@U?$TriangleT@I@Gu@physx@@@@YA?AVPxPlane@physx@@AEBU?$TriangleT@I@Gu@1@PEBVPxVec3@1@@Z 00000001800239b0 f i ConvexHullBuilder.obj
 0001:00022a80       ??$swap@E@shdfnd@physx@@YAXAEAE0@Z 0000000180023a80 f i ConvexHullBuilder.obj
 0001:00022ad0       ??0?$ReflectionAllocator@UEdgeDescData@Gu@physx@@@shdfnd@physx@@QEAA@PEBD@Z 0000000180023ad0 f i ConvexHullBuilder.obj
 0001:00022af0       ??0?$ReflectionAllocator@UHullTriangleData@physx@@@shdfnd@physx@@QEAA@PEBD@Z 0000000180023af0 f i ConvexHullBuilder.obj
 0001:00022b10       ??0?$TriangleT@I@Gu@physx@@QEAA@III@Z 0000000180023b10 f i ConvexHullBuilder.obj
 0001:00022b80       ??0ADJACENCIESCREATE@physx@@QEAA@XZ 0000000180023b80 f i ConvexHullBuilder.obj
 0001:00022bf0       ??0HullPolygonData@Gu@physx@@QEAA@AEBU012@@Z 0000000180023bf0 f i ConvexHullBuilder.obj
 0001:00022c70       ??0PxPlane@physx@@QEAA@AEBV01@@Z 0000000180023c70 f i ConvexHullBuilder.obj
 0001:00022cc0       ??0PxPlane@physx@@QEAA@AEBVPxVec3@1@00@Z 0000000180023cc0 f i ConvexHullBuilder.obj
 0001:00022db0       ??0PxPlane@physx@@QEAA@MMMM@Z 0000000180023db0 f i ConvexHullBuilder.obj
 0001:00022e20       ??4PxPlane@physx@@QEAAAEAV01@$$QEAV01@@Z 0000000180023e20 f i ConvexHullBuilder.obj
 0001:00022e70       ??DPxVec3@physx@@QEBA?AV01@M@Z 0000000180023e70 f i ConvexHullBuilder.obj
 0001:00022f00       ??GPxVec3@physx@@QEBA?AV01@AEBV01@@Z 0000000180023f00 f i ConvexHullBuilder.obj
 0001:00022fa0       ??GPxVec3@physx@@QEBA?AV01@XZ 0000000180023fa0 f i ConvexHullBuilder.obj
 0001:00023030       ??YPxVec3@physx@@QEAAAEAV01@AEBV01@@Z 0000000180024030 f i ConvexHullBuilder.obj
 0001:00023730       ?ComputeNbPolygons@ConvexHullBuilder@physx@@QEBAIXZ 0000000180024730 f i ConvexHullBuilder.obj
 0001:00023780       ?Flip@physx@@YAXAEAUHullTriangleData@1@@Z 0000000180024780 f i ConvexHullBuilder.obj
 0001:00023930       ?GetAdjTri@AdjTriangle@physx@@QEBAIW4SharedEdgeIndex@2@@Z 0000000180024930 f i ConvexHullBuilder.obj
 0001:00023960       ?GetFaces@ConvexHullBuilder@physx@@QEBAPEBUHullTriangleData@2@XZ 0000000180024960 f i ConvexHullBuilder.obj
 0001:00023980       ?GetNbFaces@ConvexHullBuilder@physx@@QEBAIXZ 0000000180024980 f i ConvexHullBuilder.obj
 0001:00023d80       ?HasActiveEdge01@AdjTriangle@physx@@QEBAHXZ 0000000180024d80 f i ConvexHullBuilder.obj
 0001:00023db0       ?HasActiveEdge12@AdjTriangle@physx@@QEBAHXZ 0000000180024db0 f i ConvexHullBuilder.obj
 0001:00023de0       ?HasActiveEdge20@AdjTriangle@physx@@QEBAHXZ 0000000180024de0 f i ConvexHullBuilder.obj
 0001:00023e10       ?HasActiveEdge@AdjTriangle@physx@@QEBAHI@Z 0000000180024e10 f i ConvexHullBuilder.obj
 0001:00023e40       ?PxRecipSqrt@physx@@YAMM@Z 0000000180024e40 f i ConvexHullBuilder.obj
 0001:00023e60       ?allocate@?$ReflectionAllocator@UEdgeDescData@Gu@physx@@@shdfnd@physx@@QEAAPEAX_KPEBDH@Z 0000000180024e60 f i ConvexHullBuilder.obj
 0001:00023f00       ?allocate@?$ReflectionAllocator@UHullTriangleData@physx@@@shdfnd@physx@@QEAAPEAX_KPEBDH@Z 0000000180024f00 f i ConvexHullBuilder.obj
 0001:00023fa0       ?area@?$TriangleT@I@Gu@physx@@QEBAMPEBVPxVec3@3@@Z 0000000180024fa0 f i ConvexHullBuilder.obj
 0001:000240c0       ?center@?$TriangleT@I@Gu@physx@@QEBAXPEBVPxVec3@3@AEAV43@@Z 00000001800250c0 f i ConvexHullBuilder.obj
 0001:000241d0       ?cross@PxVec3@physx@@QEBA?AV12@AEBV12@@Z 00000001800251d0 f i ConvexHullBuilder.obj
 0001:000242c0       ?distance@PxPlane@physx@@QEBAMAEBVPxVec3@2@@Z 00000001800252c0 f i ConvexHullBuilder.obj
 0001:00024300       ?flip@?$TriangleT@I@Gu@physx@@QEAAXXZ 0000000180025300 f i ConvexHullBuilder.obj
 0001:00024350       ?flip@physx@@YAXAEAG@Z     0000000180025350 f i ConvexHullBuilder.obj
 0001:000243d0       ?flip@physx@@YAXAEAM@Z     00000001800253d0 f i ConvexHullBuilder.obj
 0001:000244c0       ?flipData@Gu@physx@@YAXAEAUHullPolygonData@12@@Z 00000001800254c0 f i ConvexHullBuilder.obj
 0001:00024540       ?getName@?$ReflectionAllocator@UEdgeDescData@Gu@physx@@@shdfnd@physx@@CAPEBDXZ 0000000180025540 f i ConvexHullBuilder.obj
 0001:00024590       ?getName@?$ReflectionAllocator@UHullTriangleData@physx@@@shdfnd@physx@@CAPEBDXZ 0000000180025590 f i ConvexHullBuilder.obj
 0001:000245e0       ?getNormalized@PxVec3@physx@@QEBA?AV12@XZ 00000001800255e0 f i ConvexHullBuilder.obj
 0001:00024690       ?recipSqrt@intrinsics@physx@@YAMM@Z 0000000180025690 f i ConvexHullBuilder.obj
 0001:000246d0       ?to8@shdfnd@physx@@YAEI@Z  00000001800256d0 f i ConvexHullBuilder.obj
 0001:00024750       ??0ConvexMeshBuilder@physx@@QEAA@XZ 0000000180025750 f   ConvexMeshBuilder.obj
 0001:000247b0       ??1ConvexMeshBuilder@physx@@UEAA@XZ 00000001800257b0 f   ConvexMeshBuilder.obj
 0001:00024810       ?loadFromDesc@ConvexMeshBuilder@physx@@QEAA_NAEBVPxConvexMeshDesc@2@W4Enum@PxPlatform@2@@Z 0000000180025810 f   ConvexMeshBuilder.obj
 0001:000248f0       ?save@ConvexMeshBuilder@physx@@QEBA_NAEAVPxOutputStream@2@_N@Z 00000001800258f0 f   ConvexMeshBuilder.obj
 0001:00024ca0       ?loadConvexHull@ConvexMeshBuilder@physx@@QEAA_NAEBVPxConvexMeshDesc@2@@Z 0000000180025ca0 f   ConvexMeshBuilder.obj
 0001:00025130       ?computeHullPolygons@ConvexMeshBuilder@physx@@QEAA_NAEBIPEBVPxVec3@2@0PEBIAEAVPxAllocatorCallback@2@AEAIAEAPEAV32@4AEAPEAI4AEAPEAUPxHullPolygon@2@@Z 0000000180026130 f   ConvexMeshBuilder.obj
 0001:00025590       ?computeGaussMaps@ConvexMeshBuilder@physx@@QEAA_NXZ 0000000180026590 f   ConvexMeshBuilder.obj
 0001:000256d0       ?computeMassInfo@ConvexMeshBuilder@physx@@QEAAXXZ 00000001800266d0 f   ConvexMeshBuilder.obj
 0001:000259d0       ?computeInternalObjects@ConvexMeshBuilder@physx@@QEAAXXZ 00000001800269d0 f   ConvexMeshBuilder.obj
 0001:00026d60       ??0?$PxFlags@W4Enum@PxBaseFlag@physx@@G@physx@@QEAA@AEBV01@@Z 0000000180027d60 f i ConvexMeshBuilder.obj
 0001:00026d90       ??0?$PxFlags@W4Enum@PxConvexFlag@physx@@G@physx@@QEAA@AEBV01@@Z 0000000180027d90 f i ConvexMeshBuilder.obj
 0001:00026dc0       ??0?$ReflectionAllocator@VBigConvexData@physx@@@shdfnd@physx@@QEAA@PEBD@Z 0000000180027dc0 f i ConvexMeshBuilder.obj
 0001:00026de0       ??0PxBoundedData@physx@@QEAA@XZ 0000000180027de0 f i ConvexMeshBuilder.obj
 0001:00026e20       ??0PxIntegrals@physx@@QEAA@XZ 0000000180027e20 f i ConvexMeshBuilder.obj
 0001:00026e50       ??0PxMat33@physx@@QEAA@AEBVPxVec3@1@00@Z 0000000180027e50 f i ConvexMeshBuilder.obj
 0001:00026ed0       ??0PxSimpleTriangleMesh@physx@@QEAA@XZ 0000000180027ed0 f i ConvexMeshBuilder.obj
 0001:00026f30       ??0PxStridedData@physx@@QEAA@XZ 0000000180027f30 f i ConvexMeshBuilder.obj
 0001:00026f60       ??2UserAllocated@shdfnd@physx@@SAPEAX_KPEAX@Z 0000000180027f60 f i ConvexMeshBuilder.obj
 0001:00026f80       ??3UserAllocated@shdfnd@physx@@SAXPEAX@Z 0000000180027f80 f i ConvexMeshBuilder.obj
 0001:00026fc0       ??4PxMat33@physx@@QEAAAEAV01@AEBV01@@Z 0000000180027fc0 f i ConvexMeshBuilder.obj
 0001:00027040       ??APxMat33@physx@@QEAAAEAVPxVec3@1@I@Z 0000000180028040 f i ConvexMeshBuilder.obj
 0001:00027070       ??B?$PxFlags@W4Enum@PxBaseFlag@physx@@G@physx@@QEBA_NXZ 0000000180028070 f i ConvexMeshBuilder.obj
 0001:000270b0       ??B?$PxFlags@W4Enum@PxConvexFlag@physx@@G@physx@@QEBA_NXZ 00000001800280b0 f i ConvexMeshBuilder.obj
 0001:000270f0       ??GPxMat33@physx@@QEBA?AV01@XZ 00000001800280f0 f i ConvexMeshBuilder.obj
 0001:00027190       ??I?$PxFlags@W4Enum@PxBaseFlag@physx@@G@physx@@QEBA?AV01@W4Enum@PxBaseFlag@1@@Z 0000000180028190 f i ConvexMeshBuilder.obj
 0001:00027200       ??I?$PxFlags@W4Enum@PxConvexFlag@physx@@G@physx@@QEBA?AV01@W4Enum@PxConvexFlag@1@@Z 0000000180028200 f i ConvexMeshBuilder.obj
 0001:00027270       ??RPxMat33@physx@@QEAAAEAMII@Z 0000000180028270 f i ConvexMeshBuilder.obj
 0001:000272b0       ??XPxVec3@physx@@QEAAAEAV01@M@Z 00000001800282b0 f i ConvexMeshBuilder.obj
 0001:00027324       ??_EConvexMeshBuilder@physx@@WBA@EAAPEAXI@Z 0000000180028324 f i ConvexMeshBuilder.obj
 0001:00027330       ??_GBigConvexData@physx@@QEAAPEAXI@Z 0000000180028330 f i ConvexMeshBuilder.obj
 0001:000273a0       ??_EConvexMeshBuilder@physx@@UEAAPEAXI@Z 00000001800283a0 f i ConvexMeshBuilder.obj
 0001:000273a0       ??_GConvexMeshBuilder@physx@@UEAAPEAXI@Z 00000001800283a0 f i ConvexMeshBuilder.obj
 0001:00027410       ?PxGetGaussMapVertexLimitForPlatform@physx@@YAIW4Enum@PxPlatform@1@@Z 0000000180028410 f i ConvexMeshBuilder.obj
 0001:000274e0       ?allocate@?$ReflectionAllocator@VBigConvexData@physx@@@shdfnd@physx@@QEAAPEAX_KPEBDH@Z 00000001800284e0 f i ConvexMeshBuilder.obj
 0001:00027580       ?getName@?$ReflectionAllocator@VBigConvexData@physx@@@shdfnd@physx@@CAPEBDXZ 0000000180028580 f i ConvexMeshBuilder.obj
 0001:000275d0       ?getOriginInertia@PxIntegrals@physx@@QEAAXAEAVPxMat33@2@@Z 00000001800285d0 f i ConvexMeshBuilder.obj
 0001:00027680       ?isReleasable@PxBase@physx@@UEBA_NXZ 0000000180028680 f i ConvexMeshBuilder.obj
 0001:000276c0       ?isValid@PxConvexMeshDesc@physx@@QEBA_NXZ 00000001800286c0 f i ConvexMeshBuilder.obj
 0001:00027940       ?largestAxis@shdfnd@physx@@YAIAEBVPxVec3@2@@Z 0000000180028940 f i ConvexMeshBuilder.obj
 0001:000279d0       ?markSerializedMem@Cm@physx@@YAXPEAXI@Z 00000001800289d0 f i ConvexMeshBuilder.obj
 0001:00027a20       ?requires@ConvexMesh@Gu@physx@@UEAAXAEAVPxProcessPxBaseCallback@3@@Z 0000000180028a20 f i ConvexMeshBuilder.obj
 0001:00027a30       ??0HullLibrary@physx@@QEAA@XZ 0000000180028a30 f   hulllib.obj
 0001:00027ad0       ??1HullLibrary@physx@@QEAA@XZ 0000000180028ad0 f   hulllib.obj
 0001:00027b20       ?CreateConvexHull@HullLibrary@physx@@QEAA?AW4HullError@2@AEBVHullDesc@2@AEAVHullResult@2@@Z 0000000180028b20 f   hulllib.obj
 0001:000284a0       ?ReleaseResult@HullLibrary@physx@@QEAA?AW4HullError@2@AEAVHullResult@2@@Z 00000001800294a0 f   hulllib.obj
 0001:00028550       ?CreateTriangleMesh@HullLibrary@physx@@QEAA?AW4HullError@2@AEAVHullResult@2@PEAVConvexHullTriangleInterface@2@@Z 0000000180029550 f   hulllib.obj
 0001:00028730       ?b2bfix@HullLibrary@physx@@AEAAXPEAVTri@2@0@Z 0000000180029730 f   hulllib.obj
 0001:000289b0       ?removeb2b@HullLibrary@physx@@AEAAXPEAVTri@2@0@Z 00000001800299b0 f   hulllib.obj
 0001:00028a10       ?checkit@HullLibrary@physx@@AEBAXPEAVTri@2@@Z 0000000180029a10 f   hulllib.obj
 0001:00028c00       ?extrude@HullLibrary@physx@@AEAAXPEAVTri@2@H@Z 0000000180029c00 f   hulllib.obj
 0001:000292c0       ?extrudable@HullLibrary@physx@@AEBAPEAVTri@2@M@Z 000000018002a2c0 f   hulllib.obj
 0001:000293a0       ?calchullgen@HullLibrary@physx@@AEAA?AW4HullError@2@PEAVfloat3@2@HHM@Z 000000018002a3a0 f   hulllib.obj
 0001:0002a7f0       ?calchull@HullLibrary@physx@@AEAA?AW4HullError@2@PEAVfloat3@2@HAEAPEAHAEAHAEAPEAV42@2HM@Z 000000018002b7f0 f   hulllib.obj
 0001:0002ab60       ?expandhull@HullLibrary@physx@@AEAA?AW4HullError@2@PEAVfloat3@2@HAEAPEAV42@AEAHM@Z 000000018002bb60 f   hulllib.obj
 0001:0002b920       ?calchullpbev@HullLibrary@physx@@AEAA?AW4HullError@2@PEAVfloat3@2@HHAEAV?$Array@VPlane@physx@@@hullLibArray@2@M@Z 000000018002c920 f   hulllib.obj
 0001:0002c620       ?ComputeHull@HullLibrary@physx@@AEAA?AW4HullError@2@IPEBMAEAVPHullResult@2@IMM@Z 000000018002d620 f   hulllib.obj
 0001:0002cad0       ?overhullv@HullLibrary@physx@@AEAA?AW4HullError@2@PEAVfloat3@2@HHAEAPEAV42@AEAHAEAPEAH2MMHM@Z 000000018002dad0 f   hulllib.obj
 0001:0002dc60       ??0ConvexH@physx@@QEAA@HHH@Z 000000018002ec60 f   hulllib.obj
 0001:00031200       ?neib@Tri@physx@@QEAAAEAHHH@Z 0000000180032200 f   hulllib.obj
 0001:00037a20       ??$?2V?$ReflectionAllocator@VConvexH@physx@@@shdfnd@physx@@@UserAllocated@shdfnd@physx@@SAPEAX_KV?$ReflectionAllocator@VConvexH@physx@@@12@PEBDH@Z 0000000180038a20 f i hulllib.obj
 0001:00037a70       ??$?2V?$ReflectionAllocator@VTri@physx@@@shdfnd@physx@@@UserAllocated@shdfnd@physx@@SAPEAX_KV?$ReflectionAllocator@VTri@physx@@@12@PEBDH@Z 0000000180038a70 f i hulllib.obj
 0001:00037ac0       ??$?_UM@@YAPEAX_KV?$ReflectionAllocator@M@shdfnd@physx@@PEBDH@Z 0000000180038ac0 f i hulllib.obj
 0001:00037b10       ??$Max@M@physx@@YAMAEBM0@Z 0000000180038b10 f i hulllib.obj
 0001:00037b70       ??$Min@H@physx@@YAHAEBH0@Z 0000000180038b70 f i hulllib.obj
 0001:00037bc0       ??$Min@M@physx@@YAMAEBM0@Z 0000000180038bc0 f i hulllib.obj
 0001:00037c20       ??$Swap@H@physx@@YAXAEAH0@Z 0000000180038c20 f i hulllib.obj
 0001:00037c70       ??$__vcrt_va_start_verify_argument_type@QEBD@@YAXXZ 0000000180038c70 f i hulllib.obj
 0001:00037c80       ??$maxdir@Vfloat3@physx@@@physx@@YAHPEBVfloat3@0@HAEBV10@@Z 0000000180038c80 f i hulllib.obj
 0001:00037db0       ??$maxdirfiltered@Vfloat3@physx@@@physx@@YAHPEBVfloat3@0@HAEBV10@PEA_N@Z 0000000180038db0 f i hulllib.obj
 0001:00037f70       ??$maxdirsterid@Vfloat3@physx@@@physx@@YAHPEBVfloat3@0@HAEBV10@AEAV?$Array@H@hullLibArray@0@@Z 0000000180038f70 f i hulllib.obj
 0001:00038550       ??0?$Array@H@hullLibArray@physx@@QEAA@H@Z 0000000180039550 f i hulllib.obj
 0001:000385c0       ??0?$Array@PEAVTri@physx@@@hullLibArray@physx@@QEAA@H@Z 00000001800395c0 f i hulllib.obj
 0001:00038630       ??0?$Array@UExpandPlane@physx@@@hullLibArray@physx@@QEAA@H@Z 0000000180039630 f i hulllib.obj
 0001:000386a0       ??0?$Array@VHalfEdge@ConvexH@physx@@@hullLibArray@physx@@QEAA@H@Z 00000001800396a0 f i hulllib.obj
 0001:00038710       ??0?$Array@VPlane@physx@@@hullLibArray@physx@@QEAA@H@Z 0000000180039710 f i hulllib.obj
 0001:00038780       ??0?$Array@Vfloat3@physx@@@hullLibArray@physx@@QEAA@H@Z 0000000180039780 f i hulllib.obj
 0001:000387f0       ??0?$Array@Vint3@physx@@@hullLibArray@physx@@QEAA@H@Z 00000001800397f0 f i hulllib.obj
 0001:00038860       ??0?$ReflectionAllocator@M@shdfnd@physx@@QEAA@PEBD@Z 0000000180039860 f i hulllib.obj
 0001:00038880       ??0?$ReflectionAllocator@VConvexH@physx@@@shdfnd@physx@@QEAA@PEBD@Z 0000000180039880 f i hulllib.obj
 0001:000388a0       ??0?$ReflectionAllocator@VTri@physx@@@shdfnd@physx@@QEAA@PEBD@Z 00000001800398a0 f i hulllib.obj
 0001:000388c0       ??0?$ScopedPointer@_NVTempAllocator@shdfnd@physx@@@shdfnd@physx@@QEAA@XZ 00000001800398c0 f i hulllib.obj
 0001:000388f0       ??0ExpandPlane@physx@@QEAA@XZ 00000001800398f0 f i hulllib.obj
 0001:000389a0       ??0HalfEdge@ConvexH@physx@@QEAA@FEE@Z 00000001800399a0 f i hulllib.obj
 0001:00038a00       ??0HalfEdge@ConvexH@physx@@QEAA@XZ 0000000180039a00 f i hulllib.obj
 0001:00038a10       ??0PHullResult@physx@@QEAA@XZ 0000000180039a10 f i hulllib.obj
 0001:00038a70       ??0Plane@physx@@QEAA@AEBVfloat3@1@M@Z 0000000180039a70 f i hulllib.obj
 0001:00038ac0       ??0Plane@physx@@QEAA@XZ    0000000180039ac0 f i hulllib.obj
 0001:00038b00       ??0Tri@physx@@QEAA@HHHPEAV?$Array@PEAVTri@physx@@@hullLibArray@1@@Z 0000000180039b00 f i hulllib.obj
 0001:00038bc0       ??0float3@physx@@QEAA@MMM@Z 0000000180039bc0 f i hulllib.obj
 0001:00038c20       ??0float3@physx@@QEAA@XZ   0000000180039c20 f i hulllib.obj
 0001:00038c60       ??0float3x3@physx@@QEAA@Vfloat3@1@00@Z 0000000180039c60 f i hulllib.obj
 0001:00038cd0       ??0float3x3@physx@@QEAA@XZ 0000000180039cd0 f i hulllib.obj
 0001:00038d30       ??0int3@physx@@QEAA@HHH@Z  0000000180039d30 f i hulllib.obj
 0001:00038d80       ??0int4@physx@@QEAA@HHHH@Z 0000000180039d80 f i hulllib.obj
 0001:00038de0       ??1?$Array@H@hullLibArray@physx@@QEAA@XZ 0000000180039de0 f i hulllib.obj
 0001:00038e60       ??1?$Array@PEAVTri@physx@@@hullLibArray@physx@@QEAA@XZ 0000000180039e60 f i hulllib.obj
 0001:00038ee0       ??1?$Array@UExpandPlane@physx@@@hullLibArray@physx@@QEAA@XZ 0000000180039ee0 f i hulllib.obj
 0001:00038f60       ??1?$Array@VHalfEdge@ConvexH@physx@@@hullLibArray@physx@@QEAA@XZ 0000000180039f60 f i hulllib.obj
 0001:00038fe0       ??1?$Array@VPlane@physx@@@hullLibArray@physx@@QEAA@XZ 0000000180039fe0 f i hulllib.obj
 0001:00039060       ??1?$Array@Vfloat3@physx@@@hullLibArray@physx@@QEAA@XZ 000000018003a060 f i hulllib.obj
 0001:000390e0       ??1?$Array@Vint3@physx@@@hullLibArray@physx@@QEAA@XZ 000000018003a0e0 f i hulllib.obj
 0001:00039160       ??1?$ScopedPointer@_NVTempAllocator@shdfnd@physx@@@shdfnd@physx@@QEAA@XZ 000000018003a160 f i hulllib.obj
 0001:000391a0       ??1ConvexH@physx@@QEAA@XZ  000000018003a1a0 f i hulllib.obj
 0001:000391f0       ??1Tri@physx@@IEAA@XZ      000000018003a1f0 f i hulllib.obj
 0001:00039200       ??8physx@@YAHAEBVPlane@0@0@Z 000000018003a200 f i hulllib.obj
 0001:00039270       ??8physx@@YAHAEBVfloat3@0@0@Z 000000018003a270 f i hulllib.obj
 0001:000392f0       ??9physx@@YAHAEBVfloat3@0@0@Z 000000018003a2f0 f i hulllib.obj
 0001:00039370       ??A?$Array@H@hullLibArray@physx@@QEAAAEAHH@Z 000000018003a370 f i hulllib.obj
 0001:00039410       ??A?$Array@PEAVTri@physx@@@hullLibArray@physx@@QEAAAEAPEAVTri@2@H@Z 000000018003a410 f i hulllib.obj
 0001:000394b0       ??A?$Array@UExpandPlane@physx@@@hullLibArray@physx@@QEAAAEAUExpandPlane@2@H@Z 000000018003a4b0 f i hulllib.obj
 0001:00039550       ??A?$Array@VHalfEdge@ConvexH@physx@@@hullLibArray@physx@@QEAAAEAVHalfEdge@ConvexH@2@H@Z 000000018003a550 f i hulllib.obj
 0001:000395f0       ??A?$Array@VPlane@physx@@@hullLibArray@physx@@QEAAAEAVPlane@2@H@Z 000000018003a5f0 f i hulllib.obj
 0001:00039690       ??A?$Array@Vfloat3@physx@@@hullLibArray@physx@@QEAAAEAVfloat3@2@H@Z 000000018003a690 f i hulllib.obj
 0001:00039730       ??Afloat3@physx@@QEAAAEAMH@Z 000000018003a730 f i hulllib.obj
 0001:000397d0       ??Afloat3@physx@@QEBAAEBMH@Z 000000018003a7d0 f i hulllib.obj
 0001:00039870       ??Afloat3x3@physx@@QEAAAEAVfloat3@1@H@Z 000000018003a870 f i hulllib.obj
 0001:00039910       ??Afloat3x3@physx@@QEBAAEBVfloat3@1@H@Z 000000018003a910 f i hulllib.obj
 0001:000399b0       ??Aint3@physx@@QEAAAEAHH@Z 000000018003a9b0 f i hulllib.obj
 0001:000399d0       ??Aint3@physx@@QEBAAEBHH@Z 000000018003a9d0 f i hulllib.obj
 0001:000399f0       ??Aint4@physx@@QEAAAEAHH@Z 000000018003a9f0 f i hulllib.obj
 0001:00039a10       ??B?$ScopedPointer@_NVTempAllocator@shdfnd@physx@@@shdfnd@physx@@QEBAPEA_NXZ 000000018003aa10 f i hulllib.obj
 0001:00039a30       ??_G?$Array@PEAVTri@physx@@@hullLibArray@physx@@QEAAPEAXI@Z 000000018003aa30 f i hulllib.obj
 0001:00039a80       ??_GConvexH@physx@@QEAAPEAXI@Z 000000018003aa80 f i hulllib.obj
 0001:00039af0       ??_GTri@physx@@IEAAPEAXI@Z 000000018003aaf0 f i hulllib.obj
 0001:00039b60       ?Add@?$Array@H@hullLibArray@physx@@QEAAAEAHH@Z 000000018003ab60 f i hulllib.obj
 0001:00039c90       ?Add@?$Array@PEAVTri@physx@@@hullLibArray@physx@@QEAAAEAPEAVTri@3@PEAV43@@Z 000000018003ac90 f i hulllib.obj
 0001:00039dd0       ?Add@?$Array@UExpandPlane@physx@@@hullLibArray@physx@@QEAAAEAUExpandPlane@3@U43@@Z 000000018003add0 f i hulllib.obj
 0001:00039f20       ?Add@?$Array@VPlane@physx@@@hullLibArray@physx@@QEAAAEAVPlane@3@V43@@Z 000000018003af20 f i hulllib.obj
 0001:0003a070       ?Add@?$Array@Vfloat3@physx@@@hullLibArray@physx@@QEAAAEAVfloat3@3@V43@@Z 000000018003b070 f i hulllib.obj
 0001:0003a1c0       ?Add@?$Array@Vint3@physx@@@hullLibArray@physx@@QEAAAEAVint3@3@V43@@Z 000000018003b1c0 f i hulllib.obj
 0001:0003a310       ?HasHullFlag@HullDesc@physx@@QEBA_NW4HullFlag@2@@Z 000000018003b310 f i hulllib.obj
 0001:0003a4e0       ?PxMemSet@physx@@YAPEAXPEIAXHI@Z 000000018003b4e0 f i hulllib.obj
 0001:0003a520       ?SetSize@?$Array@PEAVTri@physx@@@hullLibArray@physx@@QEAAXH@Z 000000018003b520 f i hulllib.obj
 0001:0003a5d0       ?SetSize@?$Array@Vint3@physx@@@hullLibArray@physx@@QEAAXH@Z 000000018003b5d0 f i hulllib.obj
 0001:0003a680       ?allocate@?$Array@H@hullLibArray@physx@@QEAAXH@Z 000000018003b680 f i hulllib.obj
 0001:0003a900       ?allocate@?$Array@PEAVTri@physx@@@hullLibArray@physx@@QEAAXH@Z 000000018003b900 f i hulllib.obj
 0001:0003ab80       ?allocate@?$Array@UExpandPlane@physx@@@hullLibArray@physx@@QEAAXH@Z 000000018003bb80 f i hulllib.obj
 0001:0003ae40       ?allocate@?$Array@VHalfEdge@ConvexH@physx@@@hullLibArray@physx@@QEAAXH@Z 000000018003be40 f i hulllib.obj
 0001:0003b0c0       ?allocate@?$Array@VPlane@physx@@@hullLibArray@physx@@QEAAXH@Z 000000018003c0c0 f i hulllib.obj
 0001:0003b380       ?allocate@?$Array@Vfloat3@physx@@@hullLibArray@physx@@QEAAXH@Z 000000018003c380 f i hulllib.obj
 0001:0003b640       ?allocate@?$Array@Vint3@physx@@@hullLibArray@physx@@QEAAXH@Z 000000018003c640 f i hulllib.obj
 0001:0003b900       ?allocate@?$ReflectionAllocator@M@shdfnd@physx@@QEAAPEAX_KPEBDH@Z 000000018003c900 f i hulllib.obj
 0001:0003b9a0       ?allocate@?$ReflectionAllocator@VConvexH@physx@@@shdfnd@physx@@QEAAPEAX_KPEBDH@Z 000000018003c9a0 f i hulllib.obj
 0001:0003ba40       ?allocate@?$ReflectionAllocator@VTri@physx@@@shdfnd@physx@@QEAAPEAX_KPEBDH@Z 000000018003ca40 f i hulllib.obj
 0001:0003bae0       ?distance@Plane@physx@@QEBAMAEBVfloat3@2@@Z 000000018003cae0 f i hulllib.obj
 0001:0003bb50       ?getName@?$ReflectionAllocator@M@shdfnd@physx@@CAPEBDXZ 000000018003cb50 f i hulllib.obj
 0001:0003bba0       ?getName@?$ReflectionAllocator@VConvexH@physx@@@shdfnd@physx@@CAPEBDXZ 000000018003cba0 f i hulllib.obj
 0001:0003bbf0       ?getName@?$ReflectionAllocator@VTri@physx@@@shdfnd@physx@@CAPEBDXZ 000000018003cbf0 f i hulllib.obj
 0001:0003bc40       ?memSet@intrinsics@physx@@YAPEAXPEIAXHI@Z 000000018003cc40 f i hulllib.obj
 0001:0003bc90       ?to8@shdfnd@physx@@YAEG@Z  000000018003cc90 f i hulllib.obj
 0001:0003bd10       __local_stdio_printf_options 000000018003cd10 f i hulllib.obj
 0001:0003bd20       _vfprintf_l                000000018003cd20 f i hulllib.obj
 0001:0003bd80       printf                     000000018003cd80 f i hulllib.obj
 0001:0003be80       ?computeVolumeIntegrals@physx@@YA_NAEBVPxSimpleTriangleMesh@1@MAEAUPxIntegrals@1@@Z 000000018003ce80 f   VolumeIntegration.obj
 0001:0003bf10       ?computeVolumeIntegralsEberly@physx@@YA_NAEBVPxSimpleTriangleMesh@1@MAEAUPxIntegrals@1@AEBVPxVec3@1@@Z 000000018003cf10 f   VolumeIntegration.obj
 0001:00040b50       ??4?$PxFlags@W4Enum@PxMeshFlag@physx@@G@physx@@QEAAAEAV01@AEBV01@@Z 0000000180041b50 f i VolumeIntegration.obj
 0001:00040b80       ??4PxSimpleTriangleMesh@physx@@QEAAAEAV01@AEBV01@@Z 0000000180041b80 f i VolumeIntegration.obj
 0001:00040c00       ?isZero@PxVec3@physx@@QEBA_NXZ 0000000180041c00 f i VolumeIntegration.obj
 0001:00040c60       ?ComputeNbBoundaryEdges@AdjTriangle@physx@@QEBAIXZ 0000000180041c60 f   Adjacencies.obj
 0001:00040cf0       ?ComputeNbNeighbors@AdjTriangle@physx@@QEBAIXZ 0000000180041cf0 f   Adjacencies.obj
 0001:00040d80       ?HasNeighbor@AdjTriangle@physx@@QEBA_NIPEAI@Z 0000000180041d80 f   Adjacencies.obj
 0001:00040e90       ?Flip@AdjTriangle@physx@@QEAAXXZ 0000000180041e90 f   Adjacencies.obj
 0001:00040ee0       ??0Adjacencies@physx@@QEAA@XZ 0000000180041ee0 f   Adjacencies.obj
 0001:00040f10       ??1Adjacencies@physx@@QEAA@XZ 0000000180041f10 f   Adjacencies.obj
 0001:00040f70       ?Load@Adjacencies@physx@@QEAA_NAEAVPxInputStream@2@@Z 0000000180041f70 f   Adjacencies.obj
 0001:00041100       ?Walk@Adjacencies@physx@@QEAA_NP6AXAEBUCommonWalkParams@2@IIII@ZPEAX@Z 0000000180042100 f   Adjacencies.obj
 0001:000412a0       ?Walk2@Adjacencies@physx@@QEAA_NP6AXAEBUCommonWalkParams@2@IIII@ZPEAXPEBVPxVec3@2@PEBU?$TriangleT@I@Gu@2@@Z 00000001800422a0 f   Adjacencies.obj
 0001:000414a0       ?ComputeNbBoundaryEdges@Adjacencies@physx@@QEBAIXZ 00000001800424a0 f   Adjacencies.obj
 0001:00041520       ?GetBoundaryVertices@Adjacencies@physx@@QEBA_NIPEA_NPEBU?$TriangleT@I@Gu@2@@Z 0000000180042520 f   Adjacencies.obj
 0001:00041830       ?MakeLastRef@Adjacencies@physx@@QEAA_NAEAVAdjTriangle@2@IPEAU?$TriangleT@I@Gu@2@@Z 0000000180042830 f   Adjacencies.obj
 0001:00041b90       ?AssignNewEdgeCode@Adjacencies@physx@@AEAAXIE@Z 0000000180042b90 f   Adjacencies.obj
 0001:00041c30       ??0AdjacenciesBuilder@physx@@QEAA@XZ 0000000180042c30 f   Adjacencies.obj
 0001:00041c60       ??1AdjacenciesBuilder@physx@@QEAA@XZ 0000000180042c60 f   Adjacencies.obj
 0001:00041c80       ?Init@AdjacenciesBuilder@physx@@QEAA_NAEBUADJACENCIESCREATE@2@@Z 0000000180042c80 f   Adjacencies.obj
 0001:00043850       ??$?_UV?$ReflectionAllocator@VAdjEdge@@@shdfnd@physx@@@UserAllocated@shdfnd@physx@@SAPEAX_KV?$ReflectionAllocator@VAdjEdge@@@12@PEBDH@Z 0000000180044850 f i Adjacencies.obj
 0001:000438a0       ??$?_UV?$ReflectionAllocator@VAdjTriangle@physx@@@shdfnd@physx@@@UserAllocated@shdfnd@physx@@SAPEAX_KV?$ReflectionAllocator@VAdjTriangle@physx@@@12@PEBDH@Z 00000001800448a0 f i Adjacencies.obj
 0001:000438f0       ??$swap@M@shdfnd@physx@@YAXAEAM0@Z 00000001800448f0 f i Adjacencies.obj
 0001:00043950       ??0?$ReflectionAllocator@VAdjEdge@@@shdfnd@physx@@QEAA@PEBD@Z 0000000180044950 f i Adjacencies.obj
 0001:00043970       ??0?$ReflectionAllocator@VAdjTriangle@physx@@@shdfnd@physx@@QEAA@PEBD@Z 0000000180044970 f i Adjacencies.obj
 0001:00043990       ??0?$TriangleT@I@Gu@physx@@QEAA@XZ 0000000180044990 f i Adjacencies.obj
 0001:000439a0       ??0AdjEdge@@QEAA@XZ        00000001800449a0 f i Adjacencies.obj
 0001:000439b0       ??0AdjTriangle@physx@@QEAA@XZ 00000001800449b0 f i Adjacencies.obj
 0001:000439f0       ??1AdjEdge@@QEAA@XZ        00000001800449f0 f i Adjacencies.obj
 0001:00043a00       ??1AdjTriangle@physx@@QEAA@XZ 0000000180044a00 f i Adjacencies.obj
 0001:00043a10       ??_EAdjEdge@@QEAAPEAXI@Z   0000000180044a10 f i Adjacencies.obj
 0001:00043b20       ??_EAdjTriangle@physx@@QEAAPEAXI@Z 0000000180044b20 f i Adjacencies.obj
 0001:00043c30       ??_I@YAXPEAX_K1P6AX0@Z@Z   0000000180044c30 f i Adjacencies.obj
 0001:00043cf0       ??_VUserAllocated@shdfnd@physx@@SAXPEAX@Z 0000000180044cf0 f i Adjacencies.obj
 0001:00043d30       ?GetEdgeTriangle@EdgeList@Gu@physx@@QEBAAEBUEdgeTriangleData@23@I@Z 0000000180044d30 f i Adjacencies.obj
 0001:00043d60       ?HasActiveEdge01@EdgeTriangleAC@Gu@physx@@SAHAEBUEdgeTriangleData@23@@Z 0000000180044d60 f i Adjacencies.obj
 0001:00043d90       ?HasActiveEdge12@EdgeTriangleAC@Gu@physx@@SAHAEBUEdgeTriangleData@23@@Z 0000000180044d90 f i Adjacencies.obj
 0001:00043dc0       ?HasActiveEdge20@EdgeTriangleAC@Gu@physx@@SAHAEBUEdgeTriangleData@23@@Z 0000000180044dc0 f i Adjacencies.obj
 0001:00044650       ?allocate@?$ReflectionAllocator@VAdjEdge@@@shdfnd@physx@@QEAAPEAX_KPEBDH@Z 0000000180045650 f i Adjacencies.obj
 0001:000446f0       ?allocate@?$ReflectionAllocator@VAdjTriangle@physx@@@shdfnd@physx@@QEAAPEAX_KPEBDH@Z 00000001800456f0 f i Adjacencies.obj
 0001:00044790       ?findEdge@?$TriangleT@I@Gu@physx@@QEBAEII@Z 0000000180045790 f i Adjacencies.obj
 0001:00044940       ?getName@?$ReflectionAllocator@VAdjEdge@@@shdfnd@physx@@CAPEBDXZ 0000000180045940 f i Adjacencies.obj
 0001:00044990       ?getName@?$ReflectionAllocator@VAdjTriangle@physx@@@shdfnd@physx@@CAPEBDXZ 0000000180045990 f i Adjacencies.obj
 0001:000449e0       PxCreateCooking            00000001800459e0 f   Cooking.obj
 0001:00044ad0       ?release@Cooking@physx@@UEAAXXZ 0000000180045ad0 f   Cooking.obj
 0001:00044b30       ?setParams@Cooking@physx@@UEAAXAEBUPxCookingParams@2@@Z 0000000180045b30 f   Cooking.obj
 0001:00044b60       ?getParams@Cooking@physx@@UEAAAEBUPxCookingParams@2@XZ 0000000180045b60 f   Cooking.obj
 0001:00044b80       ?platformMismatch@Cooking@physx@@UEAA_NXZ 0000000180045b80 f   Cooking.obj
 0001:00044d00       ?cookTriangleMesh@Cooking@physx@@UEAA_NAEBVPxTriangleMeshDesc@2@AEAVPxOutputStream@2@@Z 0000000180045d00 f   Cooking.obj
 0001:00044f10       ?createTriangleMesh@Cooking@physx@@UEAAPEAVPxTriangleMesh@2@AEBVPxTriangleMeshDesc@2@AEAVPxPhysicsInsertionCallback@2@@Z 0000000180045f10 f   Cooking.obj
 0001:00045170       ?validateTriangleMesh@Cooking@physx@@UEAA_NAEBVPxTriangleMeshDesc@2@@Z 0000000180046170 f   Cooking.obj
 0001:00045230       ?cookConvexMesh@Cooking@physx@@UEAA_NAEBVPxConvexMeshDesc@2@AEAVPxOutputStream@2@PEAW4Enum@PxConvexMeshCookingResult@2@@Z 0000000180046230 f   Cooking.obj
 0001:00045860       ?computeHullPolygons@Cooking@physx@@UEAA_NAEBVPxSimpleTriangleMesh@2@AEAVPxAllocatorCallback@2@AEAIAEAPEAVPxVec3@2@2AEAPEAI2AEAPEAUPxHullPolygon@2@@Z 0000000180046860 f   Cooking.obj
 0001:00045b30       ?cookHeightField@Cooking@physx@@UEAA_NAEBVPxHeightFieldDesc@2@AEAVPxOutputStream@2@@Z 0000000180046b30 f   Cooking.obj
 0001:00045df0       ?createHeightField@Cooking@physx@@UEAAPEAVPxHeightField@2@AEBVPxHeightFieldDesc@2@AEAVPxPhysicsInsertionCallback@2@@Z 0000000180046df0 f   Cooking.obj
 0001:000460a0       ?loadTriangleMeshDesc@Cooking@physx@@AEAA_NAEBVPxTriangleMeshDesc@2@AEAVTriangleMeshBuilder@2@@Z 00000001800470a0 f   Cooking.obj
 0001:000467a0       ??$?2V?$ReflectionAllocator@VCooking@physx@@@shdfnd@physx@@@UserAllocated@shdfnd@physx@@SAPEAX_KV?$ReflectionAllocator@VCooking@physx@@@12@PEBDH@Z 00000001800477a0 f i Cooking.obj
 0001:000467f0       ??$PX_UNUSED@VPxFoundation@physx@@@@YAXAEBVPxFoundation@physx@@@Z 00000001800477f0 f i Cooking.obj
 0001:00046800       ??0?$PxFlags@W4Enum@PxConvexFlag@physx@@G@physx@@QEAA@W4Enum@PxConvexFlag@1@@Z 0000000180047800 f i Cooking.obj
 0001:00046830       ??0?$PxFlags@W4Enum@PxConvexFlag@physx@@G@physx@@QEAA@XZ 0000000180047830 f i Cooking.obj
 0001:00046850       ??0?$PxFlags@W4Enum@PxHeightFieldFlag@physx@@G@physx@@QEAA@AEBV01@@Z 0000000180047850 f i Cooking.obj
 0001:00046880       ??0?$ReflectionAllocator@VCooking@physx@@@shdfnd@physx@@QEAA@PEBD@Z 0000000180047880 f i Cooking.obj
 0001:000468a0       ??0?$ReflectionAllocator@VHeightField@Gu@physx@@@shdfnd@physx@@QEAA@PEBD@Z 00000001800478a0 f i Cooking.obj
 0001:000468c0       ??0?$ReflectionAllocator@VTriangleMeshBuilder@physx@@@shdfnd@physx@@QEAA@PEBD@Z 00000001800478c0 f i Cooking.obj
 0001:000468e0       ??0Cooking@physx@@QEAA@AEBUPxCookingParams@1@@Z 00000001800478e0 f i Cooking.obj
 0001:00046940       ??0HullDesc@physx@@QEAA@XZ 0000000180047940 f i Cooking.obj
 0001:000469d0       ??0HullResult@physx@@QEAA@XZ 00000001800479d0 f i Cooking.obj
 0001:00046a40       ??0PxConvexMeshDesc@physx@@QEAA@AEBV01@@Z 0000000180047a40 f i Cooking.obj
 0001:00046b10       ??0PxCooking@physx@@QEAA@XZ 0000000180047b10 f i Cooking.obj
 0001:00046b30       ??0PxCookingParams@physx@@QEAA@AEBU01@@Z 0000000180047b30 f i Cooking.obj
 0001:00046c50       ??0TriangleMeshBuilder@physx@@QEAA@XZ 0000000180047c50 f i Cooking.obj
 0001:00046ca0       ??1Cooking@physx@@UEAA@XZ  0000000180047ca0 f i Cooking.obj
 0001:00046cc0       ??1PxCooking@physx@@MEAA@XZ 0000000180047cc0 f i Cooking.obj
 0001:00046ce0       ??1TriangleMeshBuilder@physx@@UEAA@XZ 0000000180047ce0 f i Cooking.obj
 0001:00046d00       ??4?$PxFlags@W4Enum@PxMeshPreprocessingFlag@physx@@I@physx@@QEAAAEAV01@AEBV01@@Z 0000000180047d00 f i Cooking.obj
 0001:00046d30       ??4PxCookingParams@physx@@QEAAAEAU01@AEBU01@@Z 0000000180047d30 f i Cooking.obj
 0001:00046e50       ??9?$PxFlags@W4Enum@PxHeightFieldFlag@physx@@G@physx@@QEBA_NAEBV01@@Z 0000000180047e50 f i Cooking.obj
 0001:00046ea0       ??I?$PxFlags@W4Enum@PxHeightFieldFlag@physx@@G@physx@@QEBA?AV01@W4Enum@PxHeightFieldFlag@1@@Z 0000000180047ea0 f i Cooking.obj
 0001:00046f10       ??S?$PxFlags@W4Enum@PxConvexFlag@physx@@G@physx@@QEBA?AV01@XZ 0000000180047f10 f i Cooking.obj
 0001:00046f60       ??Sphysx@@YA?AV?$PxFlags@W4Enum@PxConvexFlag@physx@@G@0@W4Enum@PxConvexFlag@0@@Z 0000000180047f60 f i Cooking.obj
 0001:00046fa0       ??_4?$PxFlags@W4Enum@PxConvexFlag@physx@@G@physx@@QEAAAEAV01@AEBV01@@Z 0000000180047fa0 f i Cooking.obj
 0001:00046fd8       ??_ETriangleMeshBuilder@physx@@WBA@EAAPEAXI@Z 0000000180047fd8 f i Cooking.obj
 0001:00046ff0       ??_GCooking@physx@@UEAAPEAXI@Z 0000000180047ff0 f i Cooking.obj
 0001:00046ff0       ??_ECooking@physx@@UEAAPEAXI@Z 0000000180047ff0 f i Cooking.obj
 0001:00047060       ??_GPxCooking@physx@@MEAAPEAXI@Z 0000000180048060 f i Cooking.obj
 0001:00047060       ??_EPxCooking@physx@@MEAAPEAXI@Z 0000000180048060 f i Cooking.obj
 0001:000470b0       ??_ETriangleMeshBuilder@physx@@UEAAPEAXI@Z 00000001800480b0 f i Cooking.obj
 0001:000470b0       ??_GTriangleMeshBuilder@physx@@UEAAPEAXI@Z 00000001800480b0 f i Cooking.obj
 0001:00047120       ?allocate@?$ReflectionAllocator@VCooking@physx@@@shdfnd@physx@@QEAAPEAX_KPEBDH@Z 0000000180048120 f i Cooking.obj
 0001:000471c0       ?allocate@?$ReflectionAllocator@VHeightField@Gu@physx@@@shdfnd@physx@@QEAAPEAX_KPEBDH@Z 00000001800481c0 f i Cooking.obj
 0001:00047260       ?allocate@?$ReflectionAllocator@VTriangleMeshBuilder@physx@@@shdfnd@physx@@QEAAPEAX_KPEBDH@Z 0000000180048260 f i Cooking.obj
 0001:00047300       ?getName@?$ReflectionAllocator@VCooking@physx@@@shdfnd@physx@@CAPEBDXZ 0000000180048300 f i Cooking.obj
 0001:00047350       ?getName@?$ReflectionAllocator@VHeightField@Gu@physx@@@shdfnd@physx@@CAPEBDXZ 0000000180048350 f i Cooking.obj
 0001:000473a0       ?getName@?$ReflectionAllocator@VTriangleMeshBuilder@physx@@@shdfnd@physx@@CAPEBDXZ 00000001800483a0 f i Cooking.obj
 0001:000473f0       ?isValid@PxHeightFieldDesc@physx@@QEBA_NXZ 00000001800483f0 f i Cooking.obj
 0001:00047510       ?littleEndian@shdfnd@physx@@YADXZ 0000000180048510 f i Cooking.obj
 0001:00047530       ?requires@TriangleMesh@Gu@physx@@UEAAXAEAVPxProcessPxBaseCallback@3@@Z 0000000180048530 f i Cooking.obj
 0001:00047540       ??0ReducedVertexCloud@physx@@QEAA@PEBVPxVec3@1@I@Z 0000000180048540 f   CookingUtils.obj
 0001:000475a0       ??1ReducedVertexCloud@physx@@QEAA@XZ 00000001800485a0 f   CookingUtils.obj
 0001:000475c0       ?Clean@ReducedVertexCloud@physx@@QEAAAEAV12@XZ 00000001800485c0 f   CookingUtils.obj
 0001:00047640       ?Reduce@ReducedVertexCloud@physx@@QEAA_NPEAUREDUCEDCLOUD@2@@Z 0000000180048640 f   CookingUtils.obj
 0001:00047ca0       ??0EdgeList@Gu@physx@@QEAA@XZ 0000000180048ca0 f   EdgeList.obj
 0001:00047cf0       ??1EdgeList@Gu@physx@@QEAA@XZ 0000000180048cf0 f   EdgeList.obj
 0001:00047dc0       ?Load@EdgeList@Gu@physx@@QEAA_NAEAVPxInputStream@3@@Z 0000000180048dc0 f   EdgeList.obj
 0001:00048100       ??0EdgeListBuilder@Gu@physx@@QEAA@XZ 0000000180049100 f   EdgeList.obj
 0001:00048130       ??1EdgeListBuilder@Gu@physx@@QEAA@XZ 0000000180049130 f   EdgeList.obj
 0001:00048150       ?Init@EdgeListBuilder@Gu@physx@@QEAA_NAEBUEDGELISTCREATE@23@@Z 0000000180049150 f   EdgeList.obj
 0001:00048330       ?CreateFacesToEdges@EdgeListBuilder@Gu@physx@@AEAA_NIPEBIPEBG@Z 0000000180049330 f   EdgeList.obj
 0001:00048b10       ?CreateEdgesToFaces@EdgeListBuilder@Gu@physx@@AEAA_NIPEBIPEBG@Z 0000000180049b10 f   EdgeList.obj
 0001:000490b0       ?ComputeActiveEdges@EdgeListBuilder@Gu@physx@@AEAA_NIPEBIPEBGPEBVPxVec3@3@M@Z 000000018004a0b0 f   EdgeList.obj
 0001:0004b6d0       ??$?_UUEdgeData@Gu@physx@@@@YAPEAX_KV?$ReflectionAllocator@UEdgeData@Gu@physx@@@shdfnd@physx@@PEBDH@Z 000000018004c6d0 f i EdgeList.obj
 0001:0004b720       ??$?_UUEdgeTriangleData@Gu@physx@@@@YAPEAX_KV?$ReflectionAllocator@UEdgeTriangleData@Gu@physx@@@shdfnd@physx@@PEBDH@Z 000000018004c720 f i EdgeList.obj
 0001:0004b770       ??0?$ReflectionAllocator@UEdgeData@Gu@physx@@@shdfnd@physx@@QEAA@PEBD@Z 000000018004c770 f i EdgeList.obj
[...]
 0005:00000230       __imp_GetCurrentThread     0000000180149230     kernel32:KERNEL32.dll
 0005:00000238       __imp_GetACP               0000000180149238     kernel32:KERNEL32.dll
 0005:00000240       __imp_WriteFile            0000000180149240     kernel32:KERNEL32.dll
 0005:00000248       __imp_OutputDebugStringA   0000000180149248     kernel32:KERNEL32.dll
 0005:00000250       __imp_OutputDebugStringW   0000000180149250     kernel32:KERNEL32.dll
 0005:00000258       __imp_WriteConsoleW        0000000180149258     kernel32:KERNEL32.dll
 0005:00000260       __imp_CloseHandle          0000000180149260     kernel32:KERNEL32.dll
 0005:00000268       __imp_WaitForSingleObjectEx 0000000180149268     kernel32:KERNEL32.dll
 0005:00000270       __imp_CreateThread         0000000180149270     kernel32:KERNEL32.dll
 0005:00000278       __imp_SetConsoleCtrlHandler 0000000180149278     kernel32:KERNEL32.dll
 0005:00000280       __imp_HeapReAlloc          0000000180149280     kernel32:KERNEL32.dll
 0005:00000288       __imp_HeapQueryInformation 0000000180149288     kernel32:KERNEL32.dll
 0005:00000290       __imp_IsValidCodePage      0000000180149290     kernel32:KERNEL32.dll
 0005:00000298       __imp_GetOEMCP             0000000180149298     kernel32:KERNEL32.dll
 0005:000002a0       __imp_GetCPInfo            00000001801492a0     kernel32:KERNEL32.dll
 0005:000002a8       __imp_GetEnvironmentStringsW 00000001801492a8     kernel32:KERNEL32.dll
 0005:000002b0       __imp_FreeEnvironmentStringsW 00000001801492b0     kernel32:KERNEL32.dll
 0005:000002b8       __imp_SetEnvironmentVariableA 00000001801492b8     kernel32:KERNEL32.dll
 0005:000002c0       __imp_SetEnvironmentVariableW 00000001801492c0     kernel32:KERNEL32.dll
 0005:000002c8       __imp_GetCommandLineA      00000001801492c8     kernel32:KERNEL32.dll
 0005:000002d0       __imp_GetCommandLineW      00000001801492d0     kernel32:KERNEL32.dll
 0005:000002d8       __imp_GetStringTypeW       00000001801492d8     kernel32:KERNEL32.dll
 0005:000002e0       __imp_FlushFileBuffers     00000001801492e0     kernel32:KERNEL32.dll
 0005:000002e8       __imp_GetConsoleCP         00000001801492e8     kernel32:KERNEL32.dll
 0005:000002f0       __imp_GetConsoleMode       00000001801492f0     kernel32:KERNEL32.dll
 0005:000002f8       __imp_SetStdHandle         00000001801492f8     kernel32:KERNEL32.dll
 0005:00000300       __imp_SetFilePointerEx     0000000180149300     kernel32:KERNEL32.dll
 0005:00000308       __imp_CreateFileW          0000000180149308     kernel32:KERNEL32.dll
 0005:00000310       __imp_LeaveCriticalSection 0000000180149310     kernel32:KERNEL32.dll
 0005:00000318       __imp_GetModuleFileNameA   0000000180149318     kernel32:KERNEL32.dll
 0005:00000320       __imp_EncodePointer        0000000180149320     kernel32:KERNEL32.dll
 0005:00000328       \177KERNEL32_NULL_THUNK_DATA 0000000180149328     kernel32:KERNEL32.dll
 0005:00000408       __IMPORT_DESCRIPTOR_KERNEL32 0000000180149408     kernel32:KERNEL32.dll
 0005:0000041c       __IMPORT_DESCRIPTOR_ADVAPI32 000000018014941c     advapi32:ADVAPI32.dll
 0005:00000430       __NULL_IMPORT_DESCRIPTOR   0000000180149430     kernel32:KERNEL32.dll
 0006:00000000       __DELAY_IMPORT_DESCRIPTOR_PhysX3CommonDEBUG_x64_dll 000000018014b000     PhysX3CommonDEBUG_x64:PhysX3CommonDEBUG_x64.dll
 0006:00000020       __NULL_DELAY_IMPORT_DESCRIPTOR 000000018014b020     PhysX3CommonDEBUG_x64:PhysX3CommonDEBUG_x64.dll
 0006:000003a8       \177PhysX3CommonDEBUG_x64_NULL_THUNK_DATA_DLN 000000018014b3a8     PhysX3CommonDEBUG_x64:PhysX3CommonDEBUG_x64.dll
 0006:000004a8       __imp_?writeWord@physx@@YAXG_NAEAVPxOutputStream@1@@Z 000000018014b4a8     PhysX3CommonDEBUG_x64:PhysX3CommonDEBUG_x64.dll
 0006:000004b0       __imp_?writeDword@physx@@YAXI_NAEAVPxOutputStream@1@@Z 000000018014b4b0     PhysX3CommonDEBUG_x64:PhysX3CommonDEBUG_x64.dll
 0006:000004b8       __imp_?writeFloat@physx@@YAXM_NAEAVPxOutputStream@1@@Z 000000018014b4b8     PhysX3CommonDEBUG_x64:PhysX3CommonDEBUG_x64.dll
 0006:000004c0       __imp_?writeHeader@physx@@YA_NCCCCI_NAEAVPxOutputStream@1@@Z 000000018014b4c0     PhysX3CommonDEBUG_x64:PhysX3CommonDEBUG_x64.dll
 0006:000004c8       __imp_??0Allocator@shdfnd@physx@@QEAA@PEBD@Z 000000018014b4c8     PhysX3CommonDEBUG_x64:PhysX3CommonDEBUG_x64.dll
 0006:000004d0       __imp_?allocate@Allocator@shdfnd@physx@@QEAAPEAX_KPEBDH@Z 000000018014b4d0     PhysX3CommonDEBUG_x64:PhysX3CommonDEBUG_x64.dll
 0006:000004d8       __imp_??0NamedAllocator@shdfnd@physx@@QEAA@PEBD@Z 000000018014b4d8     PhysX3CommonDEBUG_x64:PhysX3CommonDEBUG_x64.dll
 0006:000004e0       __imp_??0NamedAllocator@shdfnd@physx@@QEAA@AEBV012@@Z 000000018014b4e0     PhysX3CommonDEBUG_x64:PhysX3CommonDEBUG_x64.dll
 0006:000004e8       __imp_??1NamedAllocator@shdfnd@physx@@QEAA@XZ 000000018014b4e8     PhysX3CommonDEBUG_x64:PhysX3CommonDEBUG_x64.dll
 0006:000004f0       __imp_?allocate@NamedAllocator@shdfnd@physx@@QEAAPEAX_KPEBDH@Z 000000018014b4f0     PhysX3CommonDEBUG_x64:PhysX3CommonDEBUG_x64.dll
 0006:000004f8       __imp_?deallocate@NamedAllocator@shdfnd@physx@@QEAAXPEAX@Z 000000018014b4f8     PhysX3CommonDEBUG_x64:PhysX3CommonDEBUG_x64.dll
 0006:00000500       __imp_?PxGetAssertHandler@physx@@YAAEAVPxAssertHandler@1@XZ 000000018014b500     PhysX3CommonDEBUG_x64:PhysX3CommonDEBUG_x64.dll
 0006:00000508       __imp_?validate@RTree@Gu@physx@@QEAAXXZ 000000018014b508     PhysX3CommonDEBUG_x64:PhysX3CommonDEBUG_x64.dll
 0006:00000510       __imp_??0TempAllocator@shdfnd@physx@@QEAA@PEBD@Z 000000018014b510     PhysX3CommonDEBUG_x64:PhysX3CommonDEBUG_x64.dll
 0006:00000518       __imp_?allocate@TempAllocator@shdfnd@physx@@QEAAPEAX_KPEBDH@Z 000000018014b518     PhysX3CommonDEBUG_x64:PhysX3CommonDEBUG_x64.dll
 0006:00000520       __imp_?deallocate@TempAllocator@shdfnd@physx@@QEAAXPEAX@Z 000000018014b520     PhysX3CommonDEBUG_x64:PhysX3CommonDEBUG_x64.dll
 0006:00000528       __imp_?computeBoundsAroundVertices@Gu@physx@@YAXAEAVPxBounds3@2@IPEIBVPxVec3@2@@Z 000000018014b528     PhysX3CommonDEBUG_x64:PhysX3CommonDEBUG_x64.dll
 0006:00000530       __imp_PxGetFoundation      000000018014b530     PhysX3CommonDEBUG_x64:PhysX3CommonDEBUG_x64.dll
 0006:00000538       __imp_?getAllocator@shdfnd@physx@@YAAEAVPxAllocatorCallback@2@XZ 000000018014b538     PhysX3CommonDEBUG_x64:PhysX3CommonDEBUG_x64.dll
 0006:00000540       __imp_?deallocate@Allocator@shdfnd@physx@@QEAAXPEAX@Z 000000018014b540     PhysX3CommonDEBUG_x64:PhysX3CommonDEBUG_x64.dll
 0006:00000548       __imp_?getInstance@Foundation@shdfnd@physx@@SAAEAV123@XZ 000000018014b548     PhysX3CommonDEBUG_x64:PhysX3CommonDEBUG_x64.dll
 0006:00000550       __imp_?error@Foundation@shdfnd@physx@@QEAAXW4Enum@PxErrorCode@3@PEBDH1ZZ 000000018014b550     PhysX3CommonDEBUG_x64:PhysX3CommonDEBUG_x64.dll
 0006:00000558       __imp_?save@RTree@Gu@physx@@QEBA_NAEAVPxOutputStream@3@@Z 000000018014b558     PhysX3CommonDEBUG_x64:PhysX3CommonDEBUG_x64.dll
 0006:00000560       __imp_?release@InternalTriangleMesh@physx@@QEAAXXZ 000000018014b560     PhysX3CommonDEBUG_x64:PhysX3CommonDEBUG_x64.dll
 0006:00000568       __imp_?allocateVertices@InternalTriangleMesh@physx@@QEAAPEAVPxVec3@2@I@Z 000000018014b568     PhysX3CommonDEBUG_x64:PhysX3CommonDEBUG_x64.dll
 0006:00000570       __imp_?allocateTriangles@InternalTriangleMesh@physx@@QEAAPEAXI_N@Z 000000018014b570     PhysX3CommonDEBUG_x64:PhysX3CommonDEBUG_x64.dll
 0006:00000578       __imp_?allocateMaterials@InternalTriangleMesh@physx@@QEAAPEAGXZ 000000018014b578     PhysX3CommonDEBUG_x64:PhysX3CommonDEBUG_x64.dll
 0006:00000580       __imp_?getNumVertices@InternalTriangleMesh@physx@@QEBAIXZ 000000018014b580     PhysX3CommonDEBUG_x64:PhysX3CommonDEBUG_x64.dll
 0006:00000588       __imp_?getNumTriangles@InternalTriangleMesh@physx@@QEBAIXZ 000000018014b588     PhysX3CommonDEBUG_x64:PhysX3CommonDEBUG_x64.dll
 0006:00000590       __imp_?getVertices@InternalTriangleMesh@physx@@QEBAPEBVPxVec3@2@XZ 000000018014b590     PhysX3CommonDEBUG_x64:PhysX3CommonDEBUG_x64.dll
 0006:00000598       __imp_?getTriangles@InternalTriangleMesh@physx@@QEBAPEBXXZ 000000018014b598     PhysX3CommonDEBUG_x64:PhysX3CommonDEBUG_x64.dll
 0006:000005a0       __imp_?getMaterials@InternalTriangleMesh@physx@@QEBAPEBGXZ 000000018014b5a0     PhysX3CommonDEBUG_x64:PhysX3CommonDEBUG_x64.dll
 0006:000005a8       __imp_?getFaceRemap@InternalTriangleMesh@physx@@QEBAPEBIXZ 000000018014b5a8     PhysX3CommonDEBUG_x64:PhysX3CommonDEBUG_x64.dll
 0006:000005b0       __imp_?getAdjacencies@InternalTriangleMesh@physx@@QEBAPEBIXZ 000000018014b5b0     PhysX3CommonDEBUG_x64:PhysX3CommonDEBUG_x64.dll
 0006:000005b8       __imp_?getCollisionModel@InternalTriangleMesh@physx@@QEBAAEBVRTreeMidphase@Gu@2@XZ 000000018014b5b8     PhysX3CommonDEBUG_x64:PhysX3CommonDEBUG_x64.dll
 0006:000005c0       __imp_?writeWordBuffer@physx@@YAXPEBGI_NAEAVPxOutputStream@1@@Z 000000018014b5c0     PhysX3CommonDEBUG_x64:PhysX3CommonDEBUG_x64.dll
 0006:000005c8       __imp_?writeFloatBuffer@physx@@YAXPEBMI_NAEAVPxOutputStream@1@@Z 000000018014b5c8     PhysX3CommonDEBUG_x64:PhysX3CommonDEBUG_x64.dll
 0006:000005d0       __imp_?computeMaxIndex@physx@@YAIPEBII@Z 000000018014b5d0     PhysX3CommonDEBUG_x64:PhysX3CommonDEBUG_x64.dll
 0006:000005d8       __imp_?storeIndices@physx@@YAXIIPEBIAEAVPxOutputStream@1@_N@Z 000000018014b5d8     PhysX3CommonDEBUG_x64:PhysX3CommonDEBUG_x64.dll
 0006:000005e0       __imp_?computeMaxIndex@physx@@YAGPEBGI@Z 000000018014b5e0     PhysX3CommonDEBUG_x64:PhysX3CommonDEBUG_x64.dll
 0006:000005e8       __imp_?WriteHeader@Gu@physx@@YA_NEEEEI_NAEAVPxOutputStream@2@@Z 000000018014b5e8     PhysX3CommonDEBUG_x64:PhysX3CommonDEBUG_x64.dll
 0006:000005f0       __imp_?StoreIndices@Gu@physx@@YAXGIPEBGAEAVPxOutputStream@2@_N@Z 000000018014b5f0     PhysX3CommonDEBUG_x64:PhysX3CommonDEBUG_x64.dll
 0006:000005f8       __imp_?CreateOffsets@BigConvexData@physx@@IEAAXXZ 000000018014b5f8     PhysX3CommonDEBUG_x64:PhysX3CommonDEBUG_x64.dll
 0006:00000600       __imp_?GetRanks@RadixSort@Gu@physx@@QEBAPEBIXZ 000000018014b600     PhysX3CommonDEBUG_x64:PhysX3CommonDEBUG_x64.dll
 0006:00000608       __imp_??0RadixSortBuffered@Gu@physx@@QEAA@XZ 000000018014b608     PhysX3CommonDEBUG_x64:PhysX3CommonDEBUG_x64.dll
 0006:00000610       __imp_??1RadixSortBuffered@Gu@physx@@UEAA@XZ 000000018014b610     PhysX3CommonDEBUG_x64:PhysX3CommonDEBUG_x64.dll
 0006:00000618       __imp_?Sort@RadixSortBuffered@Gu@physx@@QEAAAEAV123@PEBIIW4RadixHint@23@@Z 000000018014b618     PhysX3CommonDEBUG_x64:PhysX3CommonDEBUG_x64.dll
 0006:00000620       __imp_??0Container@Gu@physx@@QEAA@XZ 000000018014b620     PhysX3CommonDEBUG_x64:PhysX3CommonDEBUG_x64.dll
 0006:00000628       __imp_??0Container@Gu@physx@@QEAA@AEBV012@@Z 000000018014b628     PhysX3CommonDEBUG_x64:PhysX3CommonDEBUG_x64.dll
 0006:00000630       __imp_??1Container@Gu@physx@@QEAA@XZ 000000018014b630     PhysX3CommonDEBUG_x64:PhysX3CommonDEBUG_x64.dll
 0006:00000638       __imp_?Add@Container@Gu@physx@@QEAAAEAV123@I@Z 000000018014b638     PhysX3CommonDEBUG_x64:PhysX3CommonDEBUG_x64.dll
 0006:00000640       __imp_?Add@Container@Gu@physx@@QEAAAEAV123@PEBII@Z 000000018014b640     PhysX3CommonDEBUG_x64:PhysX3CommonDEBUG_x64.dll
 0006:00000648       __imp_?Add@Container@Gu@physx@@QEAAAEAV123@AEBV123@@Z 000000018014b648     PhysX3CommonDEBUG_x64:PhysX3CommonDEBUG_x64.dll
 0006:00000650       __imp_?AddUnique@Container@Gu@physx@@QEAAAEAV123@I@Z 000000018014b650     PhysX3CommonDEBUG_x64:PhysX3CommonDEBUG_x64.dll
 0006:00000658       __imp_?Empty@Container@Gu@physx@@QEAAAEAV123@XZ 000000018014b658     PhysX3CommonDEBUG_x64:PhysX3CommonDEBUG_x64.dll
 0006:00000660       __imp_?Reset@Container@Gu@physx@@QEAAXXZ 000000018014b660     PhysX3CommonDEBUG_x64:PhysX3CommonDEBUG_x64.dll
 0006:00000668       __imp_?Contains@Container@Gu@physx@@QEBA_NIPEAI@Z 000000018014b668     PhysX3CommonDEBUG_x64:PhysX3CommonDEBUG_x64.dll
 0006:00000670       __imp_?DeleteIndex@Container@Gu@physx@@QEAAXI@Z 000000018014b670     PhysX3CommonDEBUG_x64:PhysX3CommonDEBUG_x64.dll
 0006:00000678       __imp_?GetNbEntries@Container@Gu@physx@@QEBAIXZ 000000018014b678     PhysX3CommonDEBUG_x64:PhysX3CommonDEBUG_x64.dll
 0006:00000680       __imp_?GetEntry@Container@Gu@physx@@QEBAII@Z 000000018014b680     PhysX3CommonDEBUG_x64:PhysX3CommonDEBUG_x64.dll
 0006:00000688       __imp_?GetEntries@Container@Gu@physx@@QEBAPEAIXZ 000000018014b688     PhysX3CommonDEBUG_x64:PhysX3CommonDEBUG_x64.dll
 0006:00000690       __imp_??AContainer@Gu@physx@@QEAAAEAII@Z 000000018014b690     PhysX3CommonDEBUG_x64:PhysX3CommonDEBUG_x64.dll
 0006:00000698       __imp_??4Container@Gu@physx@@QEAAXAEBV012@@Z 000000018014b698     PhysX3CommonDEBUG_x64:PhysX3CommonDEBUG_x64.dll
 0006:000006a0       __imp_??0ConvexMesh@Gu@physx@@QEAA@XZ 000000018014b6a0     PhysX3CommonDEBUG_x64:PhysX3CommonDEBUG_x64.dll
 0006:000006a8       __imp_??1ConvexMesh@Gu@physx@@UEAA@XZ 000000018014b6a8     PhysX3CommonDEBUG_x64:PhysX3CommonDEBUG_x64.dll
 0006:000006b0       __imp_??0BigConvexData@physx@@QEAA@XZ 000000018014b6b0     PhysX3CommonDEBUG_x64:PhysX3CommonDEBUG_x64.dll
 0006:000006b8       __imp_??1BigConvexData@physx@@QEAA@XZ 000000018014b6b8     PhysX3CommonDEBUG_x64:PhysX3CommonDEBUG_x64.dll
 0006:000006c0       __imp_?exportExtraData@ConvexMesh@Gu@physx@@UEAAXAEAVPxSerializationContext@3@@Z 000000018014b6c0     PhysX3CommonDEBUG_x64:PhysX3CommonDEBUG_x64.dll
 0006:000006c8       __imp_?getConcreteTypeName@PxConvexMesh@physx@@UEBAPEBDXZ 000000018014b6c8     PhysX3CommonDEBUG_x64:PhysX3CommonDEBUG_x64.dll
 0006:000006d0       __imp_?getIndexBuffer@ConvexMesh@Gu@physx@@UEBAPEBEXZ 000000018014b6d0     PhysX3CommonDEBUG_x64:PhysX3CommonDEBUG_x64.dll
 0006:000006d8       __imp_?getLocalBounds@ConvexMesh@Gu@physx@@UEBA?AVPxBounds3@3@XZ 000000018014b6d8     PhysX3CommonDEBUG_x64:PhysX3CommonDEBUG_x64.dll
 0006:000006e0       __imp_?getMassInformation@ConvexMesh@Gu@physx@@UEBAXAEAMAEAVPxMat33@3@AEAVPxVec3@3@@Z 000000018014b6e0     PhysX3CommonDEBUG_x64:PhysX3CommonDEBUG_x64.dll
 0006:000006e8       __imp_?getNbPolygons@ConvexMesh@Gu@physx@@UEBAIXZ 000000018014b6e8     PhysX3CommonDEBUG_x64:PhysX3CommonDEBUG_x64.dll
 0006:000006f0       __imp_?getNbVertices@ConvexMesh@Gu@physx@@UEBAIXZ 000000018014b6f0     PhysX3CommonDEBUG_x64:PhysX3CommonDEBUG_x64.dll
 0006:000006f8       __imp_?getPolygonData@ConvexMesh@Gu@physx@@UEBA_NIAEAUPxHullPolygon@3@@Z 000000018014b6f8     PhysX3CommonDEBUG_x64:PhysX3CommonDEBUG_x64.dll
 0006:00000700       __imp_?getReferenceCount@ConvexMesh@Gu@physx@@UEBAIXZ 000000018014b700     PhysX3CommonDEBUG_x64:PhysX3CommonDEBUG_x64.dll
 0006:00000708       __imp_?getVertices@ConvexMesh@Gu@physx@@UEBAPEBVPxVec3@3@XZ 000000018014b708     PhysX3CommonDEBUG_x64:PhysX3CommonDEBUG_x64.dll
 0006:00000710       __imp_?isKindOf@PxConvexMesh@physx@@MEBA_NPEBD@Z 000000018014b710     PhysX3CommonDEBUG_x64:PhysX3CommonDEBUG_x64.dll
 0006:00000718       __imp_?onRefCountZero@ConvexMesh@Gu@physx@@UEAAXXZ 000000018014b718     PhysX3CommonDEBUG_x64:PhysX3CommonDEBUG_x64.dll
 0006:00000720       __imp_?release@ConvexMesh@Gu@physx@@UEAAXXZ 000000018014b720     PhysX3CommonDEBUG_x64:PhysX3CommonDEBUG_x64.dll
 0006:00000728       __imp_?readDword@physx@@YAI_NAEAVPxInputStream@1@@Z 000000018014b728     PhysX3CommonDEBUG_x64:PhysX3CommonDEBUG_x64.dll
 0006:00000730       __imp_?ReadHeader@Gu@physx@@YA_NEEEEAEAIAEA_NAEAVPxInputStream@2@@Z 000000018014b730     PhysX3CommonDEBUG_x64:PhysX3CommonDEBUG_x64.dll
 0006:00000738       __imp_??0FPUGuard@shdfnd@physx@@QEAA@XZ 000000018014b738     PhysX3CommonDEBUG_x64:PhysX3CommonDEBUG_x64.dll
 0006:00000740       __imp_??1FPUGuard@shdfnd@physx@@QEAA@XZ 000000018014b740     PhysX3CommonDEBUG_x64:PhysX3CommonDEBUG_x64.dll
 0006:00000748       __imp_?incRefCount@Foundation@shdfnd@physx@@SAXXZ 000000018014b748     PhysX3CommonDEBUG_x64:PhysX3CommonDEBUG_x64.dll
 0006:00000750       __imp_?decRefCount@Foundation@shdfnd@physx@@SAXXZ 000000018014b750     PhysX3CommonDEBUG_x64:PhysX3CommonDEBUG_x64.dll
 0006:00000758       __imp_??0TriangleMesh@Gu@physx@@QEAA@XZ 000000018014b758     PhysX3CommonDEBUG_x64:PhysX3CommonDEBUG_x64.dll
 0006:00000760       __imp_?checkMeshIndicesSize@TriangleMesh@Gu@physx@@QEAAXXZ 000000018014b760     PhysX3CommonDEBUG_x64:PhysX3CommonDEBUG_x64.dll
 0006:00000768       __imp_??1TriangleMesh@Gu@physx@@UEAA@XZ 000000018014b768     PhysX3CommonDEBUG_x64:PhysX3CommonDEBUG_x64.dll
 0006:00000770       __imp_??0HeightField@Gu@physx@@QEAA@PEAVGuMeshFactory@2@@Z 000000018014b770     PhysX3CommonDEBUG_x64:PhysX3CommonDEBUG_x64.dll
 0006:00000778       __imp_?loadFromDesc@HeightField@Gu@physx@@QEAA_NAEBVPxHeightFieldDesc@3@_N@Z 000000018014b778     PhysX3CommonDEBUG_x64:PhysX3CommonDEBUG_x64.dll
 0006:00000780       __imp_?releaseMemory@HeightField@Gu@physx@@QEAAX_N@Z 000000018014b780     PhysX3CommonDEBUG_x64:PhysX3CommonDEBUG_x64.dll
 0006:00000788       __imp_?exportExtraData@TriangleMesh@Gu@physx@@UEAAXAEAVPxSerializationContext@3@@Z 000000018014b788     PhysX3CommonDEBUG_x64:PhysX3CommonDEBUG_x64.dll
 0006:00000790       __imp_?getConcreteTypeName@PxTriangleMesh@physx@@UEBAPEBDXZ 000000018014b790     PhysX3CommonDEBUG_x64:PhysX3CommonDEBUG_x64.dll
 0006:00000798       __imp_?getLocalBounds@TriangleMesh@Gu@physx@@UEBA?AVPxBounds3@3@XZ 000000018014b798     PhysX3CommonDEBUG_x64:PhysX3CommonDEBUG_x64.dll
 0006:000007a0       __imp_?getNbTriangles@TriangleMesh@Gu@physx@@UEBAIXZ 000000018014b7a0     PhysX3CommonDEBUG_x64:PhysX3CommonDEBUG_x64.dll
 0006:000007a8       __imp_?getNbVertices@TriangleMesh@Gu@physx@@UEBAIXZ 000000018014b7a8     PhysX3CommonDEBUG_x64:PhysX3CommonDEBUG_x64.dll
 0006:000007b0       __imp_?getReferenceCount@TriangleMesh@Gu@physx@@UEBAIXZ 000000018014b7b0     PhysX3CommonDEBUG_x64:PhysX3CommonDEBUG_x64.dll
 0006:000007b8       __imp_?getTriangleMaterialIndex@TriangleMesh@Gu@physx@@UEBAGI@Z 000000018014b7b8     PhysX3CommonDEBUG_x64:PhysX3CommonDEBUG_x64.dll
 0006:000007c0       __imp_?getTriangleMeshFlags@TriangleMesh@Gu@physx@@UEBA?AV?$PxFlags@W4Enum@PxTriangleMeshFlag@physx@@E@3@XZ 000000018014b7c0     PhysX3CommonDEBUG_x64:PhysX3CommonDEBUG_x64.dll
 0006:000007c8       __imp_?getTriangles@TriangleMesh@Gu@physx@@UEBAPEBXXZ 000000018014b7c8     PhysX3CommonDEBUG_x64:PhysX3CommonDEBUG_x64.dll
 0006:000007d0       __imp_?getTrianglesRemap@TriangleMesh@Gu@physx@@UEBAPEBIXZ 000000018014b7d0     PhysX3CommonDEBUG_x64:PhysX3CommonDEBUG_x64.dll
 0006:000007d8       __imp_?getVertices@TriangleMesh@Gu@physx@@UEBAPEBVPxVec3@3@XZ 000000018014b7d8     PhysX3CommonDEBUG_x64:PhysX3CommonDEBUG_x64.dll
 0006:000007e0       __imp_?isKindOf@PxTriangleMesh@physx@@MEBA_NPEBD@Z 000000018014b7e0     PhysX3CommonDEBUG_x64:PhysX3CommonDEBUG_x64.dll
 0006:000007e8       __imp_?onRefCountZero@TriangleMesh@Gu@physx@@UEAAXXZ 000000018014b7e8     PhysX3CommonDEBUG_x64:PhysX3CommonDEBUG_x64.dll
 0006:000007f0       __imp_?release@TriangleMesh@Gu@physx@@UEAAXXZ 000000018014b7f0     PhysX3CommonDEBUG_x64:PhysX3CommonDEBUG_x64.dll
 0006:000007f8       __imp_?has16BitIndices@InternalTriangleMesh@physx@@QEBA_NXZ 000000018014b7f8     PhysX3CommonDEBUG_x64:PhysX3CommonDEBUG_x64.dll
 0006:00000800       __imp_?setTriangleAdjacency@InternalTriangleMesh@physx@@QEAAXIII@Z 000000018014b800     PhysX3CommonDEBUG_x64:PhysX3CommonDEBUG_x64.dll
 0006:00000808       __imp_?setupMeshInterface@InternalTriangleMesh@physx@@QEAAXXZ 000000018014b808     PhysX3CommonDEBUG_x64:PhysX3CommonDEBUG_x64.dll
 0006:00000810       \177PhysX3CommonDEBUG_x64_NULL_THUNK_DATA_DLA 000000018014b810     PhysX3CommonDEBUG_x64:PhysX3CommonDEBUG_x64.dll
 0006:00002280       \177PhysX3CommonDEBUG_x64_NULL_THUNK_DATA_DLB 000000018014d280     PhysX3CommonDEBUG_x64:PhysX3CommonDEBUG_x64.dll
 0008:00000000       __guard_check_icall_fptr   000000018014f000     LIBCMTD:guard_support.obj
 0008:00000010       __guard_dispatch_icall_fptr 000000018014f010     LIBCMTD:guard_support.obj
