 PhysX3CharacterKinematicDEBUG_x64

 Timestamp is 56e826bb (Tue Mar 15 16:14:03 2016)

 Preferred load address is 0000000180000000

 Start         Length     Name                   Class
 0001:00000000 00008968H .text                   CODE
 0001:00008970 00001249H .text$di                CODE
 0001:00009bc0 000e47c6H .text$mn                CODE
 0001:000ee390 00001016H .text$mn$00             CODE
 0001:000ef3b0 00002048H .text$x                 CODE
 0002:00000000 00000109H .CRT$XCA                DATA
 0002:00000110 0000017bH .CRT$XCU                DATA
 0002:00000290 00000109H .CRT$XCZ                DATA
 0002:000003a0 00000109H .CRT$XIA                DATA
 0002:000004b0 0000012dH .CRT$XIC                DATA
 0002:000005e0 00000109H .CRT$XIZ                DATA
 0002:000006f0 00000109H .CRT$XPA                DATA
 0002:00000800 0000011bH .CRT$XPX                DATA
 0002:00000920 00000109H .CRT$XPXA               DATA
 0002:00000a30 00000109H .CRT$XPZ                DATA
 0002:00000b40 00000109H .CRT$XTA                DATA
 0002:00000c50 00000109H .CRT$XTZ                DATA
 0002:00000d60 00026c9eH .rdata                  DATA
 0002:00027a00 0000060aH .rdata$r                DATA
 0002:00028010 00000113H .rdata$zETW0            DATA
 0002:00028123 0000018eH .rdata$zETW1            DATA
 0002:000282b1 00000134H .rdata$zETW2            DATA
 0002:000283e5 00000101H .rdata$zETW9            DATA
 0002:000284e8 000001ebH .rdata$zzzdbg           DATA
 0002:000286d8 00000109H .rtc$IAA                DATA
 0002:000287e8 000001cfH .rtc$IMZ                DATA
 0002:000289b8 00000109H .rtc$IZZ                DATA
 0002:00028ac8 00000109H .rtc$TAA                DATA
 0002:00028bd8 000001cfH .rtc$TMZ                DATA
 0002:00028da8 00000109H .rtc$TZZ                DATA
 0002:00028ec0 000083beH .xdata                  DATA
 0002:00031280 00000196H .xdata$x                DATA
 0002:00031420 0000035eH .edata                  DATA
 0003:00000000 00000dcdH .data                   DATA
 0003:00000dd0 00000428H .data$r                 DATA
 0003:00001200 00001f21H .bss                    DATA
 0004:00000000 0000a62cH .pdata                  DATA
 0005:00000000 000005e8H .idata$5                DATA
 0005:000005e8 0000003cH .idata$2                DATA
 0005:00000624 00000014H .idata$3                DATA
 0005:00000638 000005e8H .idata$4                DATA
 0005:00000c20 000015adH .idata$6                DATA
 0006:00000000 000001ebH .gfids$x                DATA
 0006:000001ec 000001ccH .gfids$y                DATA
 0007:00000000 0000011bH .00cfg                  DATA
 0008:00000000 000001c0H .rsrc$01                DATA
 0008:000001c0 00000700H .rsrc$02                DATA

  Address         Publics by Value              Rva+Base               Lib:Object

 0000:00000000       __guard_fids_table         0000000000000000     <absolute>
 0000:00000000       ___safe_se_handler_count   0000000000000000     <absolute>
 0000:00000000       __guard_longjmp_table      0000000000000000     <absolute>
 0000:00000000       __guard_iat_count          0000000000000000     <absolute>
 0000:00000000       __guard_fids_count         0000000000000000     <absolute>
 0000:00000000       __guard_iat_table          0000000000000000     <absolute>
 0000:00000000       ___safe_se_handler_table   0000000000000000     <absolute>
 0000:00000000       __guard_longjmp_count      0000000000000000     <absolute>
 0000:00000100       __guard_flags              0000000000000100     <absolute>
 0000:00000000       __ImageBase                0000000180000000     <linker-defined>
 0001:000081e0       ?TraceLoggingRegister@__vcrt_trace_logging_provider@@YAJPEBU_TlgProvider_t@1@PEBU_GUID@@P6AX1KE_K2PEAU_EVENT_FILTER_DESCRIPTOR@@PEAX@Z4@Z 00000001800091e0 f i libvcruntimed:telemetry.obj
 0001:00008310       ?TraceLoggingSetInformation@__vcrt_trace_logging_provider@@YAJPEBU_TlgProvider_t@1@W4_EVENT_INFO_CLASS@@PEAXK@Z 0000000180009310 f i libvcruntimed:telemetry.obj
 0001:00008370       ?TraceLoggingUnregister@__vcrt_trace_logging_provider@@YAXPEBU_TlgProvider_t@1@@Z 0000000180009370 f i libvcruntimed:telemetry.obj
 0001:000083b0       ?_TlgCreateSz@__vcrt_trace_logging_provider@@YAXPEAU_EVENT_DATA_DESCRIPTOR@@PEBD@Z 00000001800093b0 f i libvcruntimed:telemetry.obj
 0001:00008430       ?_TlgCreateWsz@__vcrt_trace_logging_provider@@YAXPEAU_EVENT_DATA_DESCRIPTOR@@PEB_W@Z 0000000180009430 f i libvcruntimed:telemetry.obj
 0001:000084b0       ?_TlgEnableCallback@__vcrt_trace_logging_provider@@YAXPEBU_GUID@@KE_K1PEAU_EVENT_FILTER_DESCRIPTOR@@PEAX@Z 00000001800094b0 f i libvcruntimed:telemetry.obj
 0001:00008610       ?_TlgKeywordOn@__vcrt_trace_logging_provider@@YAEPEBU_TlgProvider_t@1@_K@Z 0000000180009610 f i libvcruntimed:telemetry.obj
 0001:00008690       ?_TlgWrite@__vcrt_trace_logging_provider@@YAJPEBU_TlgProvider_t@1@PEFBXPEBU_GUID@@2IPEAU_EVENT_DATA_DESCRIPTOR@@@Z 0000000180009690 f i libvcruntimed:telemetry.obj
 0001:00009bc0       ??0BoxController@Cct@physx@@QEAA@AEBVPxControllerDesc@2@AEAVPxPhysics@2@PEAVPxScene@2@@Z 000000018000abc0 f   CctBoxController.obj
 0001:00009d20       ??1BoxController@Cct@physx@@UEAA@XZ 000000018000ad20 f   CctBoxController.obj
 0001:00009d70       ?getWorldBox@BoxController@Cct@physx@@UEBA_NAEAUPxExtendedBounds3@3@@Z 000000018000ad70 f   CctBoxController.obj
 0001:00009de0       ?setFootPosition@BoxController@Cct@physx@@UEAA_NAEBUPxExtendedVec3@3@@Z 000000018000ade0 f   CctBoxController.obj
 0001:00009e70       ?getFootPosition@BoxController@Cct@physx@@UEBA?AUPxExtendedVec3@3@XZ 000000018000ae70 f   CctBoxController.obj
 0001:00009f00       ?invalidateCache@BoxController@Cct@physx@@UEAAXXZ 000000018000af00 f   CctBoxController.obj
 0001:00009f80       ?resize@BoxController@Cct@physx@@UEAAXM@Z 000000018000af80 f   CctBoxController.obj
 0001:0000a050       ?getHalfHeight@BoxController@Cct@physx@@UEBAMXZ 000000018000b050 f   CctBoxController.obj
 0001:0000a070       ?getHalfSideExtent@BoxController@Cct@physx@@UEBAMXZ 000000018000b070 f   CctBoxController.obj
 0001:0000a090       ?getHalfForwardExtent@BoxController@Cct@physx@@UEBAMXZ 000000018000b090 f   CctBoxController.obj
 0001:0000a0b0       ?setHalfHeight@BoxController@Cct@physx@@UEAA_NM@Z 000000018000b0b0 f   CctBoxController.obj
 0001:0000a100       ?setHalfSideExtent@BoxController@Cct@physx@@UEAA_NM@Z 000000018000b100 f   CctBoxController.obj
 0001:0000a150       ?setHalfForwardExtent@BoxController@Cct@physx@@UEAA_NM@Z 000000018000b150 f   CctBoxController.obj
 0001:0000a1a0       ?updateKinematicProxy@BoxController@Cct@physx@@QEAA_NXZ 000000018000b1a0 f   CctBoxController.obj
 0001:0000a2d0       ?getOBB@BoxController@Cct@physx@@QEBAXAEAVPxExtendedBox@3@@Z 000000018000b2d0 f   CctBoxController.obj
 0001:0000a5d0       ??0PxBoxController@physx@@IEAA@XZ 000000018000b5d0 f i CctBoxController.obj
 0001:0000a610       ??0PxBoxGeometry@physx@@QEAA@XZ 000000018000b610 f i CctBoxController.obj
 0001:0000a660       ??0PxController@physx@@IEAA@XZ 000000018000b660 f i CctBoxController.obj
 0001:0000a680       ??0PxControllerManager@physx@@IEAA@XZ 000000018000b680 f i CctBoxController.obj
 0001:0000a6a0       ??0PxControllerManager@physx@@QEAA@AEBV01@@Z 000000018000b6a0 f i CctBoxController.obj
 0001:0000a6d0       ??0PxExtendedBounds3@physx@@QEAA@XZ 000000018000b6d0 f i CctBoxController.obj
 0001:0000a710       ??0PxExtendedVec3@physx@@QEAA@NNN@Z 000000018000b710 f i CctBoxController.obj
 0001:0000a770       ??0PxExtendedVec3@physx@@QEAA@XZ 000000018000b770 f i CctBoxController.obj
 0001:0000a780       ??0PxGeometry@physx@@IEAA@W4Enum@PxGeometryType@1@@Z 000000018000b780 f i CctBoxController.obj
 0001:0000a7a0       ??0PxVec3@physx@@QEAA@AEBV01@@Z 000000018000b7a0 f i CctBoxController.obj
 0001:0000a800       ??0PxVec3@physx@@QEAA@MMM@Z 000000018000b800 f i CctBoxController.obj
 0001:0000a860       ??1PxBoxController@physx@@MEAA@XZ 000000018000b860 f i CctBoxController.obj
 0001:0000a890       ??1PxController@physx@@MEAA@XZ 000000018000b890 f i CctBoxController.obj
 0001:0000a8b0       ??1PxControllerManager@physx@@MEAA@XZ 000000018000b8b0 f i CctBoxController.obj
 0001:0000a8d0       ??3UserAllocated@shdfnd@physx@@SAXPEAX@Z 000000018000b8d0 f i CctBoxController.obj
 0001:0000a910       ??4PxControllerManager@physx@@QEAAAEAV01@AEBV01@@Z 000000018000b910 f i CctBoxController.obj
 0001:0000a930       ??4PxQuat@physx@@QEAAAEAV01@AEBV01@@Z 000000018000b930 f i CctBoxController.obj
 0001:0000a9b0       ??4PxVec3@physx@@QEAAAEAV01@AEBV01@@Z 000000018000b9b0 f i CctBoxController.obj
 0001:0000aa10       ??DPxVec3@physx@@QEBA?AV01@M@Z 000000018000ba10 f i CctBoxController.obj
 0001:0000aaa0       ??GPxExtendedVec3@physx@@QEBA?AVPxVec3@1@AEBU01@@Z 000000018000baa0 f i CctBoxController.obj
 0001:0000ab50       ??HPxExtendedVec3@physx@@QEBA?AU01@AEBU01@@Z 000000018000bb50 f i CctBoxController.obj
 0001:0000abf0       ??XPxExtendedVec3@physx@@QEAAAEAU01@AEBM@Z 000000018000bbf0 f i CctBoxController.obj
 0001:0000ac90       ??XPxVec3@physx@@QEAAAEAV01@M@Z 000000018000bc90 f i CctBoxController.obj
 0001:0000ad10       ??YPxExtendedVec3@physx@@QEAAAEAU01@AEBVPxVec3@1@@Z 000000018000bd10 f i CctBoxController.obj
 0001:0000adb0       ??ZPxExtendedVec3@physx@@QEAAAEAU01@AEBVPxVec3@1@@Z 000000018000bdb0 f i CctBoxController.obj
 0001:0000ae4c       ??_EBoxController@Cct@physx@@W7EAAPEAXI@Z 000000018000be4c f i CctBoxController.obj
 0001:0000ae60       ??_EPxControllerManager@physx@@MEAAPEAXI@Z 000000018000be60 f i CctBoxController.obj
 0001:0000af30       ??_EBoxController@Cct@physx@@UEAAPEAXI@Z 000000018000bf30 f i CctBoxController.obj
 0001:0000af30       ??_GBoxController@Cct@physx@@UEAAPEAXI@Z 000000018000bf30 f i CctBoxController.obj
 0001:0000afa0       ??_EPxBoxController@physx@@MEAAPEAXI@Z 000000018000bfa0 f i CctBoxController.obj
 0001:0000afa0       ??_GPxBoxController@physx@@MEAAPEAXI@Z 000000018000bfa0 f i CctBoxController.obj
 0001:0000aff0       ??_EPxController@physx@@MEAAPEAXI@Z 000000018000bff0 f i CctBoxController.obj
 0001:0000aff0       ??_GPxController@physx@@MEAAPEAXI@Z 000000018000bff0 f i CctBoxController.obj
 0001:0000b040       ??_GPxControllerManager@physx@@MEAAPEAXI@Z 000000018000c040 f i CctBoxController.obj
 0001:0000b090       ??_H@YAXPEAX_K1P6APEAX0@Z@Z 000000018000c090 f i CctBoxController.obj
 0001:0000b130       ??_I@YAXPEAX_K1P6AX0@Z@Z   000000018000c130 f i CctBoxController.obj
 0001:0000b1f0       ?__empty_global_delete@@YAXPEAX@Z 000000018000c1f0 f i CctBoxController.obj
 0001:0000b200       ?__global_delete@@YAXPEAX_K@Z 000000018000c200 f i CctBoxController.obj
 0001:0000b200       ?__empty_global_delete@@YAXPEAX_K@Z 000000018000c200 f i CctBoxController.obj
 0001:0000b210       ?createController@PxControllerManager@physx@@UEAAPEAVPxController@2@AEAVPxPhysics@2@PEAVPxScene@2@AEBVPxControllerDesc@2@@Z 000000018000c210 f i CctBoxController.obj
 0001:0000b2b0       ?getActor@BoxController@Cct@physx@@UEBAPEAVPxRigidDynamic@3@XZ 000000018000c2b0 f i CctBoxController.obj
 0001:0000b2d0       ?getCenter@physx@@YAXAEBUPxExtendedBounds3@1@AEAUPxExtendedVec3@1@@Z 000000018000c2d0 f i CctBoxController.obj
 0001:0000b350       ?getContactOffset@BoxController@Cct@physx@@UEBAMXZ 000000018000c350 f i CctBoxController.obj
 0001:0000b370       ?getExtents@physx@@YAXAEBUPxExtendedBounds3@1@AEAVPxVec3@1@@Z 000000018000c370 f i CctBoxController.obj
 0001:0000b3d0       ?getHalfHeightInternal@BoxController@Cct@physx@@UEBAMXZ 000000018000c3d0 f i CctBoxController.obj
 0001:0000b3f0       ?getNonWalkableMode@BoxController@Cct@physx@@UEBA?AW4Enum@PxControllerNonWalkableMode@3@XZ 000000018000c3f0 f i CctBoxController.obj
 0001:0000b410       ?getPosition@BoxController@Cct@physx@@UEBAAEBUPxExtendedVec3@3@XZ 000000018000c410 f i CctBoxController.obj
 0001:0000b430       ?getPxController@BoxController@Cct@physx@@UEAAPEAVPxController@3@XZ 000000018000c430 f i CctBoxController.obj
 0001:0000b450       ?getScene@BoxController@Cct@physx@@UEAAPEAVPxScene@3@XZ 000000018000c450 f i CctBoxController.obj
 0001:0000b470       ?getSlopeLimit@BoxController@Cct@physx@@UEBAMXZ 000000018000c470 f i CctBoxController.obj
 0001:0000b490       ?getState@BoxController@Cct@physx@@UEBAXAEAUPxControllerState@3@@Z 000000018000c490 f i CctBoxController.obj
 0001:0000b4d0       ?getStats@BoxController@Cct@physx@@UEBAXAEAUPxControllerStats@3@@Z 000000018000c4d0 f i CctBoxController.obj
 0001:0000b510       ?getStepOffset@BoxController@Cct@physx@@UEBAMXZ 000000018000c510 f i CctBoxController.obj
 0001:0000b530       ?getType@BoxController@Cct@physx@@UEBA?AW4Enum@PxControllerShapeType@3@XZ 000000018000c530 f i CctBoxController.obj
 0001:0000b550       ?getUpDirection@BoxController@Cct@physx@@UEBA?AVPxVec3@3@XZ 000000018000c550 f i CctBoxController.obj
 0001:0000b590       ?getUserData@BoxController@Cct@physx@@UEBAPEAXXZ 000000018000c590 f i CctBoxController.obj
 0001:0000b5b0       ?lock@?$MutexT@V?$ReflectionAllocator@VMutexImpl@shdfnd@physx@@@shdfnd@physx@@@shdfnd@physx@@QEBAXXZ 000000018000c5b0 f i CctBoxController.obj
 0001:0000b5e0       ?release@BoxController@Cct@physx@@UEAAXXZ 000000018000c5e0 f i CctBoxController.obj
 0001:0000b610       ?setCenterExtents@physx@@YAXAEAUPxExtendedBounds3@1@AEBUPxExtendedVec3@1@AEBVPxVec3@1@@Z 000000018000c610 f i CctBoxController.obj
 0001:0000b6a0       ?setContactOffset@BoxController@Cct@physx@@UEAAXM@Z 000000018000c6a0 f i CctBoxController.obj
 0001:0000b6e0       ?setNonWalkableMode@BoxController@Cct@physx@@UEAAXW4Enum@PxControllerNonWalkableMode@3@@Z 000000018000c6e0 f i CctBoxController.obj
 0001:0000b700       ?setPosition@BoxController@Cct@physx@@UEAA_NAEBUPxExtendedVec3@3@@Z 000000018000c700 f i CctBoxController.obj
 0001:0000b740       ?setSlopeLimit@BoxController@Cct@physx@@UEAAXM@Z 000000018000c740 f i CctBoxController.obj
 0001:0000b780       ?setStepOffset@BoxController@Cct@physx@@UEAAXM@Z 000000018000c780 f i CctBoxController.obj
 0001:0000b7c0       ?setUpDirection@BoxController@Cct@physx@@UEAAXAEBVPxVec3@3@@Z 000000018000c7c0 f i CctBoxController.obj
 0001:0000b800       ?setUserData@BoxController@Cct@physx@@UEAAXPEAX@Z 000000018000c800 f i CctBoxController.obj
 0001:0000b820       ?unlock@?$MutexT@V?$ReflectionAllocator@VMutexImpl@shdfnd@physx@@@shdfnd@physx@@@shdfnd@physx@@QEBAXXZ 000000018000c820 f i CctBoxController.obj
 0001:0000b850       ??0CapsuleController@Cct@physx@@QEAA@AEBVPxControllerDesc@2@AEAVPxPhysics@2@PEAVPxScene@2@@Z 000000018000c850 f   CctCapsuleController.obj
 0001:0000b9a0       ??1CapsuleController@Cct@physx@@UEAA@XZ 000000018000c9a0 f   CctCapsuleController.obj
 0001:0000b9f0       ?getWorldBox@CapsuleController@Cct@physx@@UEBA_NAEAUPxExtendedBounds3@3@@Z 000000018000c9f0 f   CctCapsuleController.obj
 0001:0000ba80       ?setFootPosition@CapsuleController@Cct@physx@@UEAA_NAEBUPxExtendedVec3@3@@Z 000000018000ca80 f   CctCapsuleController.obj
 0001:0000bb20       ?getFootPosition@CapsuleController@Cct@physx@@UEBA?AUPxExtendedVec3@3@XZ 000000018000cb20 f   CctCapsuleController.obj
 0001:0000bbd0       ?invalidateCache@CapsuleController@Cct@physx@@UEAAXXZ 000000018000cbd0 f   CctCapsuleController.obj
 0001:0000bc50       ?resize@CapsuleController@Cct@physx@@UEAAXM@Z 000000018000cc50 f   CctCapsuleController.obj
 0001:0000bd50       ?getClimbingMode@CapsuleController@Cct@physx@@UEBA?AW4Enum@PxCapsuleClimbingMode@3@XZ 000000018000cd50 f   CctCapsuleController.obj
 0001:0000bd70       ?setRadius@CapsuleController@Cct@physx@@UEAA_NM@Z 000000018000cd70 f   CctCapsuleController.obj
 0001:0000be80       ?setHeight@CapsuleController@Cct@physx@@UEAA_NM@Z 000000018000ce80 f   CctCapsuleController.obj
 0001:0000bf90       ?setClimbingMode@CapsuleController@Cct@physx@@UEAA_NW4Enum@PxCapsuleClimbingMode@3@@Z 000000018000cf90 f   CctCapsuleController.obj
 0001:0000bfc0       ?getCapsule@CapsuleController@Cct@physx@@QEBAXAEAUPxExtendedCapsule@3@@Z 000000018000cfc0 f   CctCapsuleController.obj
 0001:0000c350       ??0PxCapsuleController@physx@@IEAA@XZ 000000018000d350 f i CctCapsuleController.obj
 0001:0000c390       ??0PxCapsuleGeometry@physx@@QEAA@XZ 000000018000d390 f i CctCapsuleController.obj
 0001:0000c3e0       ??1PxCapsuleController@physx@@MEAA@XZ 000000018000d3e0 f i CctCapsuleController.obj
 0001:0000c410       ??_ECapsuleController@Cct@physx@@W7EAAPEAXI@Z 000000018000d410 f i CctCapsuleController.obj
 0001:0000c420       ??_ECapsuleController@Cct@physx@@UEAAPEAXI@Z 000000018000d420 f i CctCapsuleController.obj
 0001:0000c420       ??_GCapsuleController@Cct@physx@@UEAAPEAXI@Z 000000018000d420 f i CctCapsuleController.obj
 0001:0000c490       ??_EPxCapsuleController@physx@@MEAAPEAXI@Z 000000018000d490 f i CctCapsuleController.obj
 0001:0000c490       ??_GPxCapsuleController@physx@@MEAAPEAXI@Z 000000018000d490 f i CctCapsuleController.obj
 0001:0000c4e0       ?getActor@CapsuleController@Cct@physx@@UEBAPEAVPxRigidDynamic@3@XZ 000000018000d4e0 f i CctCapsuleController.obj
 0001:0000c500       ?getContactOffset@CapsuleController@Cct@physx@@UEBAMXZ 000000018000d500 f i CctCapsuleController.obj
 0001:0000c520       ?getHalfHeightInternal@CapsuleController@Cct@physx@@UEBAMXZ 000000018000d520 f i CctCapsuleController.obj
 0001:0000c560       ?getHeight@CapsuleController@Cct@physx@@UEBAMXZ 000000018000d560 f i CctCapsuleController.obj
 0001:0000c580       ?getNonWalkableMode@CapsuleController@Cct@physx@@UEBA?AW4Enum@PxControllerNonWalkableMode@3@XZ 000000018000d580 f i CctCapsuleController.obj
 0001:0000c5a0       ?getPosition@CapsuleController@Cct@physx@@UEBAAEBUPxExtendedVec3@3@XZ 000000018000d5a0 f i CctCapsuleController.obj
 0001:0000c5c0       ?getPxController@CapsuleController@Cct@physx@@UEAAPEAVPxController@3@XZ 000000018000d5c0 f i CctCapsuleController.obj
 0001:0000c5e0       ?getRadius@CapsuleController@Cct@physx@@UEBAMXZ 000000018000d5e0 f i CctCapsuleController.obj
 0001:0000c600       ?getScene@CapsuleController@Cct@physx@@UEAAPEAVPxScene@3@XZ 000000018000d600 f i CctCapsuleController.obj
 0001:0000c620       ?getSlopeLimit@CapsuleController@Cct@physx@@UEBAMXZ 000000018000d620 f i CctCapsuleController.obj
 0001:0000c640       ?getState@CapsuleController@Cct@physx@@UEBAXAEAUPxControllerState@3@@Z 000000018000d640 f i CctCapsuleController.obj
 0001:0000c680       ?getStats@CapsuleController@Cct@physx@@UEBAXAEAUPxControllerStats@3@@Z 000000018000d680 f i CctCapsuleController.obj
 0001:0000c6c0       ?getStepOffset@CapsuleController@Cct@physx@@UEBAMXZ 000000018000d6c0 f i CctCapsuleController.obj
 0001:0000c6e0       ?getType@CapsuleController@Cct@physx@@UEBA?AW4Enum@PxControllerShapeType@3@XZ 000000018000d6e0 f i CctCapsuleController.obj
 0001:0000c700       ?getUpDirection@CapsuleController@Cct@physx@@UEBA?AVPxVec3@3@XZ 000000018000d700 f i CctCapsuleController.obj
 0001:0000c740       ?getUserData@CapsuleController@Cct@physx@@UEBAPEAXXZ 000000018000d740 f i CctCapsuleController.obj
 0001:0000c760       ?release@CapsuleController@Cct@physx@@UEAAXXZ 000000018000d760 f i CctCapsuleController.obj
 0001:0000c790       ?setContactOffset@CapsuleController@Cct@physx@@UEAAXM@Z 000000018000d790 f i CctCapsuleController.obj
 0001:0000c7d0       ?setNonWalkableMode@CapsuleController@Cct@physx@@UEAAXW4Enum@PxControllerNonWalkableMode@3@@Z 000000018000d7d0 f i CctCapsuleController.obj
 0001:0000c7f0       ?setPosition@CapsuleController@Cct@physx@@UEAA_NAEBUPxExtendedVec3@3@@Z 000000018000d7f0 f i CctCapsuleController.obj
 0001:0000c830       ?setSlopeLimit@CapsuleController@Cct@physx@@UEAAXM@Z 000000018000d830 f i CctCapsuleController.obj
 0001:0000c870       ?setStepOffset@CapsuleController@Cct@physx@@UEAAXM@Z 000000018000d870 f i CctCapsuleController.obj
 0001:0000c8b0       ?setUpDirection@CapsuleController@Cct@physx@@UEAAXAEBVPxVec3@3@@Z 000000018000d8b0 f i CctCapsuleController.obj
 0001:0000c8f0       ?setUserData@CapsuleController@Cct@physx@@UEAAXPEAX@Z 000000018000d8f0 f i CctCapsuleController.obj
 0001:0000c910       ??0CCTParams@Cct@physx@@QEAA@XZ 000000018000d910 f   CctCharacterController.obj
 0001:0000c9e0       ??0SweepTest@Cct@physx@@QEAA@XZ 000000018000d9e0 f   CctCharacterController.obj
 0001:0000ce00       ??1SweepTest@Cct@physx@@QEAA@XZ 000000018000de00 f   CctCharacterController.obj
 0001:0000ce50       ?moveCharacter@SweepTest@Cct@physx@@QEAA?AV?$PxFlags@W4Enum@PxControllerCollisionFlag@physx@@E@3@PEBUInternalCBData_FindTouchedGeom@23@PEBUInternalCBData_OnHit@23@AEAVSweptVolume@23@AEBVPxVec3@3@AEBUUserObstacles@23@MAEBVPxControllerFilters@3@_N6@Z 000000018000de50 f   CctCharacterController.obj
 0001:0000dc30       ?doSweepTest@SweepTest@Cct@physx@@QEAA_NPEBUInternalCBData_FindTouchedGeom@23@PEBUInternalCBData_OnHit@23@AEBUUserObstacles@23@AEAVSweptVolume@23@AEBVPxVec3@3@4IPEAIMAEBVPxControllerFilters@3@W4SweepPass@23@@Z 000000018000ec30 f   CctCharacterController.obj
 0001:0000e9f0       ?findTouchedObstacles@SweepTest@Cct@physx@@QEAAXAEBUUserObstacles@23@AEBUPxExtendedBounds3@3@@Z 000000018000f9f0 f   CctCharacterController.obj
 0001:0000f050       ?voidTestCache@SweepTest@Cct@physx@@QEAAXXZ 0000000180010050 f   CctCharacterController.obj
 0001:0000f0b0       ?onRelease@SweepTest@Cct@physx@@QEAAXAEBVPxBase@3@@Z 00000001800100b0 f   CctCharacterController.obj
 0001:0000f190       ?onObstacleRemoved@SweepTest@Cct@physx@@QEAAXI@Z 0000000180010190 f   CctCharacterController.obj
 0001:0000f1c0       ?onObstacleUpdated@SweepTest@Cct@physx@@QEAAXIPEBVPxObstacleContext@3@AEBVPxVec3@3@1M@Z 00000001800101c0 f   CctCharacterController.obj
 0001:0000f3b0       ?onObstacleAdded@SweepTest@Cct@physx@@QEAAXIPEBVPxObstacleContext@3@AEBVPxVec3@3@1M@Z 00000001800103b0 f   CctCharacterController.obj
 0001:0000f5d0       ?onOriginShift@SweepTest@Cct@physx@@QEAAXAEBVPxVec3@3@@Z 00000001800105d0 f   CctCharacterController.obj
 0001:0000f740       ?updateTouchedGeoms@SweepTest@Cct@physx@@AEAAXPEBUInternalCBData_FindTouchedGeom@23@AEBUUserObstacles@23@AEBUPxExtendedBounds3@3@AEBVPxControllerFilters@3@AEBVPxVec3@3@@Z 0000000180010740 f   CctCharacterController.obj
 0001:00010080       ?findTouchedObject@Controller@Cct@physx@@IEAAXAEBVPxControllerFilters@3@PEBVPxObstacleContext@3@AEBVPxVec3@3@@Z 0000000180011080 f   CctCharacterController.obj
 0001:000108f0       ?rideOnTouchedObject@Controller@Cct@physx@@IEAA_NAEAVSweptVolume@23@AEBVPxVec3@3@AEAV53@PEBVPxObstacleContext@3@@Z 00000001800118f0 f   CctCharacterController.obj
 0001:00010f90       ?move@Controller@Cct@physx@@IEAA?AV?$PxFlags@W4Enum@PxControllerCollisionFlag@physx@@E@3@AEAVSweptVolume@23@AEBVPxVec3@3@MMAEBVPxControllerFilters@3@PEBVPxObstacleContext@3@_N@Z 0000000180011f90 f   CctCharacterController.obj
 0001:00012530       ?filterTouchedShape@Controller@Cct@physx@@IEAA_NAEBVPxControllerFilters@3@@Z 0000000180013530 f   CctCharacterController.obj
 0001:00015ad0       ?move@BoxController@Cct@physx@@UEAA?AV?$PxFlags@W4Enum@PxControllerCollisionFlag@physx@@E@3@AEBVPxVec3@3@MMAEBVPxControllerFilters@3@PEBVPxObstacleContext@3@@Z 0000000180016ad0 f   CctCharacterController.obj
 0001:00015c20       ?move@CapsuleController@Cct@physx@@UEAA?AV?$PxFlags@W4Enum@PxControllerCollisionFlag@physx@@E@3@AEBVPxVec3@3@MMAEBVPxControllerFilters@3@PEBVPxObstacleContext@3@@Z 0000000180016c20 f   CctCharacterController.obj
 0001:000182a0       ??$PX_UNUSED@I@@YAXAEBI@Z  00000001800192a0 f i CctCharacterController.obj
 0001:000182b0       ??$PX_UNUSED@PEBUPxRaycastHit@physx@@@@YAXAEBQEBUPxRaycastHit@physx@@@Z 00000001800192b0 f i CctCharacterController.obj
 0001:000182c0       ??$PX_UNUSED@W4PxIDENTITY@physx@@@@YAXAEBW4PxIDENTITY@physx@@@Z 00000001800192c0 f i CctCharacterController.obj
 0001:000182d0       ??$PxMax@N@physx@@YANNN@Z  00000001800192d0 f i CctCharacterController.obj
 0001:00018320       ??$PxMin@N@physx@@YANNN@Z  0000000180019320 f i CctCharacterController.obj
 0001:00018370       ??$PxUnionCast@PEBVPxGeometry@physx@@PEAY03$$CBE@physx@@YAPEBVPxGeometry@0@PEAY03$$CBE@Z 0000000180019370 f i CctCharacterController.obj
 0001:000183a0       ??$reserve@IVNamedAllocator@shdfnd@physx@@@Cct@physx@@YAPEAIAEAV?$Array@IVNamedAllocator@shdfnd@physx@@@shdfnd@1@I@Z 00000001800193a0 f i CctCharacterController.obj
 0001:00018400       ??0?$Array@IVNamedAllocator@shdfnd@physx@@@shdfnd@physx@@QEAA@AEBVNamedAllocator@12@@Z 0000000180019400 f i CctCharacterController.obj
 0001:00018460       ??0?$Array@VPxTriangle@physx@@VNamedAllocator@shdfnd@2@@shdfnd@physx@@QEAA@AEBVNamedAllocator@12@@Z 0000000180019460 f i CctCharacterController.obj
 0001:000184c0       ??0?$PxFlags@W4Enum@PxControllerCollisionFlag@physx@@E@physx@@QEAA@AEBV01@@Z 00000001800194c0 f i CctCharacterController.obj
 0001:000184f0       ??0?$PxFlags@W4Enum@PxControllerCollisionFlag@physx@@E@physx@@QEAA@E@Z 00000001800194f0 f i CctCharacterController.obj
 0001:00018520       ??0?$PxFlags@W4Enum@PxHitFlag@physx@@G@physx@@QEAA@AEBV01@@Z 0000000180019520 f i CctCharacterController.obj
 0001:00018550       ??0?$PxFlags@W4Enum@PxHitFlag@physx@@G@physx@@QEAA@G@Z 0000000180019550 f i CctCharacterController.obj
 0001:00018580       ??0?$PxFlags@W4Enum@PxHitFlag@physx@@G@physx@@QEAA@W4Enum@PxHitFlag@1@@Z 0000000180019580 f i CctCharacterController.obj
 0001:000185b0       ??0?$PxFlags@W4Enum@PxQueryFlag@physx@@G@physx@@QEAA@AEBV01@@Z 00000001800195b0 f i CctCharacterController.obj
 0001:000185e0       ??0?$PxFlags@W4Enum@PxQueryFlag@physx@@G@physx@@QEAA@W4Enum@PxQueryFlag@1@@Z 00000001800195e0 f i CctCharacterController.obj
 0001:00018610       ??0?$PxFlags@W4Enum@PxQueryFlag@physx@@G@physx@@QEAA@XZ 0000000180019610 f i CctCharacterController.obj
 0001:00018630       ??0?$PxFlags@W4Enum@PxShapeFlag@physx@@E@physx@@QEAA@AEBV01@@Z 0000000180019630 f i CctCharacterController.obj
 0001:00018660       ??0?$PxHitBuffer@UPxRaycastHit@physx@@@physx@@QEAA@PEAUPxRaycastHit@1@I@Z 0000000180019660 f i CctCharacterController.obj
 0001:000186b0       ??0?$PxHitCallback@UPxRaycastHit@physx@@@physx@@QEAA@PEAUPxRaycastHit@1@I@Z 00000001800196b0 f i CctCharacterController.obj
 0001:00018770       ??0CCTFilter@Cct@physx@@QEAA@XZ 0000000180019770 f i CctCharacterController.obj
 0001:000187e0       ??0ControllerFilter@@QEAA@XZ 00000001800197e0 f i CctCharacterController.obj
 0001:00018830       ??0DebugBox@Cm@physx@@QEAA@AEBVPxBounds3@2@_N@Z 0000000180019830 f i CctCharacterController.obj
 0001:000188a0       ??0DebugBox@Cm@physx@@QEAA@AEBVPxVec3@2@_N@Z 00000001800198a0 f i CctCharacterController.obj
 0001:00018910       ??0Matrix34@Cm@physx@@QEAA@XZ 0000000180019910 f i CctCharacterController.obj
 0001:00018980       ??0PxActorShape@physx@@QEAA@XZ 0000000180019980 f i CctCharacterController.obj
 0001:000189b0       ??0PxBounds3@physx@@QEAA@AEBVPxVec3@1@0@Z 00000001800199b0 f i CctCharacterController.obj
 0001:00018a10       ??0PxBoxGeometry@physx@@QEAA@VPxVec3@1@@Z 0000000180019a10 f i CctCharacterController.obj
 0001:00018a60       ??0PxCapsuleGeometry@physx@@QEAA@MM@Z 0000000180019a60 f i CctCharacterController.obj
 0001:00018ad0       ??0PxExtendedBox@physx@@QEAA@AEBV01@@Z 0000000180019ad0 f i CctCharacterController.obj
 0001:00018b50       ??0PxExtendedBox@physx@@QEAA@XZ 0000000180019b50 f i CctCharacterController.obj
 0001:00018bb0       ??0PxExtendedCapsule@physx@@QEAA@XZ 0000000180019bb0 f i CctCharacterController.obj
 0001:00018be0       ??0PxExtendedSegment@physx@@QEAA@XZ 0000000180019be0 f i CctCharacterController.obj
 0001:00018c20       ??0PxFilterData@physx@@QEAA@XZ 0000000180019c20 f i CctCharacterController.obj
 0001:00018c70       ??0PxLocationHit@physx@@QEAA@XZ 0000000180019c70 f i CctCharacterController.obj
 0001:00018d00       ??0PxMat33@physx@@QEAA@AEBVPxQuat@1@@Z 0000000180019d00 f i CctCharacterController.obj
 0001:00019040       ??0PxMat33@physx@@QEAA@W4PxIDENTITY@1@@Z 000000018001a040 f i CctCharacterController.obj
 0001:000190e0       ??0PxQuat@physx@@QEAA@AEBV01@@Z 000000018001a0e0 f i CctCharacterController.obj
 0001:00019160       ??0PxQuat@physx@@QEAA@MMMM@Z 000000018001a160 f i CctCharacterController.obj
 0001:000191e0       ??0PxQuat@physx@@QEAA@W4PxIDENTITY@1@@Z 000000018001a1e0 f i CctCharacterController.obj
 0001:00019250       ??0PxQuat@physx@@QEAA@XZ   000000018001a250 f i CctCharacterController.obj
 0001:00019260       ??0PxQueryFilterCallback@physx@@QEAA@XZ 000000018001a260 f i CctCharacterController.obj
 0001:00019280       ??0PxQueryFilterData@physx@@QEAA@AEBUPxFilterData@1@V?$PxFlags@W4Enum@PxQueryFlag@physx@@G@1@@Z 000000018001a280 f i CctCharacterController.obj
 0001:000192f0       ??0PxQueryHit@physx@@QEAA@XZ 000000018001a2f0 f i CctCharacterController.obj
 0001:00019330       ??0PxRaycastHit@physx@@QEAA@XZ 000000018001a330 f i CctCharacterController.obj
 0001:00019380       ??0PxSphereGeometry@physx@@QEAA@XZ 000000018001a380 f i CctCharacterController.obj
 0001:000193c0       ??0PxSweepHit@physx@@QEAA@XZ 000000018001a3c0 f i CctCharacterController.obj
 0001:000193f0       ??0PxTransform@physx@@QEAA@AEBVPxVec3@1@AEBVPxQuat@1@@Z 000000018001a3f0 f i CctCharacterController.obj
 0001:000194c0       ??0PxTransform@physx@@QEAA@XZ 000000018001a4c0 f i CctCharacterController.obj
 0001:00019500       ??0PxVec3@physx@@QEAA@M@Z  000000018001a500 f i CctCharacterController.obj
 0001:00019550       ??0PxVec3@physx@@QEAA@XZ   000000018001a550 f i CctCharacterController.obj
 0001:00019560       ??0SIMDGuard@shdfnd@physx@@QEAA@XZ 000000018001a560 f i CctCharacterController.obj
 0001:000195a0       ??0SweptContact@Cct@physx@@QEAA@XZ 000000018001a5a0 f i CctCharacterController.obj
 0001:000195e0       ??1?$Array@IVNamedAllocator@shdfnd@physx@@@shdfnd@physx@@QEAA@XZ 000000018001a5e0 f i CctCharacterController.obj
 0001:00019670       ??1?$Array@VPxTriangle@physx@@VNamedAllocator@shdfnd@2@@shdfnd@physx@@QEAA@XZ 000000018001a670 f i CctCharacterController.obj
 0001:00019700       ??1?$PxHitBuffer@UPxRaycastHit@physx@@@physx@@UEAA@XZ 000000018001a700 f i CctCharacterController.obj
 0001:00019730       ??1?$PxHitCallback@UPxRaycastHit@physx@@@physx@@UEAA@XZ 000000018001a730 f i CctCharacterController.obj
 0001:00019750       ??1ControllerFilter@@UEAA@XZ 000000018001a750 f i CctCharacterController.obj
 0001:00019770       ??1PxExtendedBox@physx@@QEAA@XZ 000000018001a770 f i CctCharacterController.obj
 0001:00019780       ??1PxQueryFilterCallback@physx@@UEAA@XZ 000000018001a780 f i CctCharacterController.obj
 0001:000197a0       ??1PxTriangle@physx@@QEAA@XZ 000000018001a7a0 f i CctCharacterController.obj
 0001:000197b0       ??1SIMDGuard@shdfnd@physx@@QEAA@XZ 000000018001a7b0 f i CctCharacterController.obj
 0001:000197e0       ??2@YAPEAX_KPEAX@Z         000000018001a7e0 f i CctCharacterController.obj
 0001:00019800       ??4?$PxFlags@W4Enum@PxControllerCollisionFlag@physx@@E@physx@@QEAAAEAV01@AEBV01@@Z 000000018001a800 f i CctCharacterController.obj
 0001:00019830       ??4?$PxFlags@W4Enum@PxHitFlag@physx@@G@physx@@QEAAAEAV01@AEBV01@@Z 000000018001a830 f i CctCharacterController.obj
 0001:00019860       ??4?$PxFlags@W4Enum@PxQueryFlag@physx@@G@physx@@QEAAAEAV01@AEBV01@@Z 000000018001a860 f i CctCharacterController.obj
 0001:00019890       ??4CCTParams@Cct@physx@@QEAAAEAU012@AEBU012@@Z 000000018001a890 f i CctCharacterController.obj
 0001:00019a00       ??4PxExtendedBox@physx@@QEAAAEAV01@AEBV01@@Z 000000018001aa00 f i CctCharacterController.obj
 0001:00019a80       ??4PxLocationHit@physx@@QEAAAEAU01@AEBU01@@Z 000000018001aa80 f i CctCharacterController.obj
 0001:00019b40       ??4PxRaycastHit@physx@@QEAAAEAU01@AEBU01@@Z 000000018001ab40 f i CctCharacterController.obj
 0001:00019bb0       ??4PxTransform@physx@@QEAAAEAV01@$$QEAV01@@Z 000000018001abb0 f i CctCharacterController.obj
 0001:00019c10       ??4SweptContact@Cct@physx@@QEAAAEAU012@AEBU012@@Z 000000018001ac10 f i CctCharacterController.obj
 0001:00019cc0       ??A?$Array@IVNamedAllocator@shdfnd@physx@@@shdfnd@physx@@QEBAAEBII@Z 000000018001acc0 f i CctCharacterController.obj
 0001:00019d60       ??A?$Array@UInternalBoxObstacle@ObstacleContext@Cct@physx@@VNamedAllocator@shdfnd@4@@shdfnd@physx@@QEBAAEBUInternalBoxObstacle@ObstacleContext@Cct@2@I@Z 000000018001ad60 f i CctCharacterController.obj
 0001:00019e00       ??A?$Array@UInternalCapsuleObstacle@ObstacleContext@Cct@physx@@VNamedAllocator@shdfnd@4@@shdfnd@physx@@QEBAAEBUInternalCapsuleObstacle@ObstacleContext@Cct@2@I@Z 000000018001ae00 f i CctCharacterController.obj
 0001:00019ea0       ??A?$Array@VPxTriangle@physx@@VNamedAllocator@shdfnd@2@@shdfnd@physx@@QEAAAEAVPxTriangle@2@I@Z 000000018001aea0 f i CctCharacterController.obj
 0001:00019f40       ??A?$Array@VPxTriangle@physx@@VNamedAllocator@shdfnd@2@@shdfnd@physx@@QEBAAEBVPxTriangle@2@I@Z 000000018001af40 f i CctCharacterController.obj
 0001:00019fe0       ??B?$PxFlags@W4Enum@PxControllerBehaviorFlag@physx@@E@physx@@QEBAIXZ 000000018001afe0 f i CctCharacterController.obj
 0001:0001a000       ??B?$PxFlags@W4Enum@PxControllerDebugRenderFlag@physx@@I@physx@@QEBAIXZ 000000018001b000 f i CctCharacterController.obj
 0001:0001a010       ??B?$PxFlags@W4Enum@PxQueryFlag@physx@@G@physx@@QEBA_NXZ 000000018001b010 f i CctCharacterController.obj
 0001:0001a050       ??B?$PxFlags@W4Enum@PxShapeFlag@physx@@E@physx@@QEBA_NXZ 000000018001b050 f i CctCharacterController.obj
 0001:0001a090       ??DPxQuat@physx@@QEBA?AV01@AEBV01@@Z 000000018001b090 f i CctCharacterController.obj
 0001:0001a2a0       ??DPxTransform@physx@@QEBA?AV01@AEBV01@@Z 000000018001b2a0 f i CctCharacterController.obj
 0001:0001a350       ??GPxVec3@physx@@QEBA?AV01@AEBV01@@Z 000000018001b350 f i CctCharacterController.obj
 0001:0001a3f0       ??GPxVec3@physx@@QEBA?AV01@XZ 000000018001b3f0 f i CctCharacterController.obj
 0001:0001a480       ??HPxVec3@physx@@QEBA?AV01@AEBV01@@Z 000000018001b480 f i CctCharacterController.obj
 0001:0001a520       ??I?$PxFlags@W4Enum@PxQueryFlag@physx@@G@physx@@QEBA?AV01@W4Enum@PxQueryFlag@1@@Z 000000018001b520 f i CctCharacterController.obj
 0001:0001a590       ??I?$PxFlags@W4Enum@PxShapeFlag@physx@@E@physx@@QEBA?AV01@W4Enum@PxShapeFlag@1@@Z 000000018001b590 f i CctCharacterController.obj
 0001:0001a5f0       ??R?$Hash@PEAVPxShape@physx@@@shdfnd@physx@@QEBAIAEBQEAVPxShape@2@@Z 000000018001b5f0 f i CctCharacterController.obj
 0001:0001a620       ??R?$Hash@PEAVPxShape@physx@@@shdfnd@physx@@QEBA_NAEBQEAVPxShape@2@0@Z 000000018001b620 f i CctCharacterController.obj
 0001:0001a670       ??RGetKey@?$HashSetBase@PEAVPxShape@physx@@U?$Hash@PEAVPxShape@physx@@@shdfnd@2@VAllocator@42@$0A@@internal@shdfnd@physx@@QEAAAEBQEAVPxShape@4@AEBQEAV54@@Z 000000018001b670 f i CctCharacterController.obj
 0001:0001a690       ??U?$PxFlags@W4Enum@PxHitFlag@physx@@G@physx@@QEBA?AV01@W4Enum@PxHitFlag@1@@Z 000000018001b690 f i CctCharacterController.obj
 0001:0001a6f0       ??U?$PxFlags@W4Enum@PxQueryFlag@physx@@G@physx@@QEBA?AV01@W4Enum@PxQueryFlag@1@@Z 000000018001b6f0 f i CctCharacterController.obj
 0001:0001a750       ??Uphysx@@YA?AV?$PxFlags@W4Enum@PxHitFlag@physx@@G@0@W4Enum@PxHitFlag@0@0@Z 000000018001b750 f i CctCharacterController.obj
 0001:0001a7b0       ??Uphysx@@YA?AV?$PxFlags@W4Enum@PxQueryFlag@physx@@G@0@W4Enum@PxQueryFlag@0@0@Z 000000018001b7b0 f i CctCharacterController.obj
 0001:0001a810       ??YPxVec3@physx@@QEAAAEAV01@AEBV01@@Z 000000018001b810 f i CctCharacterController.obj
 0001:0001a890       ??ZPxVec3@physx@@QEAAAEAV01@AEBV01@@Z 000000018001b890 f i CctCharacterController.obj
 0001:0001a910       ??_0PxVec3@physx@@QEAAAEAV01@M@Z 000000018001b910 f i CctCharacterController.obj
 0001:0001a9a0       ??_5?$PxFlags@W4Enum@PxControllerCollisionFlag@physx@@E@physx@@QEAAAEAV01@W4Enum@PxControllerCollisionFlag@1@@Z 000000018001b9a0 f i CctCharacterController.obj
 0001:0001a9d0       ??_5?$PxFlags@W4Enum@PxHitFlag@physx@@G@physx@@QEAAAEAV01@W4Enum@PxHitFlag@1@@Z 000000018001b9d0 f i CctCharacterController.obj
 0001:0001aa10       ??_5?$PxFlags@W4Enum@PxQueryFlag@physx@@G@physx@@QEAAAEAV01@W4Enum@PxQueryFlag@1@@Z 000000018001ba10 f i CctCharacterController.obj
 0001:0001aa50       ??_G?$PxHitBuffer@UPxRaycastHit@physx@@@physx@@UEAAPEAXI@Z 000000018001ba50 f i CctCharacterController.obj
 0001:0001aa50       ??_E?$PxHitBuffer@UPxRaycastHit@physx@@@physx@@UEAAPEAXI@Z 000000018001ba50 f i CctCharacterController.obj
 0001:0001aaa0       ??_G?$PxHitCallback@UPxRaycastHit@physx@@@physx@@UEAAPEAXI@Z 000000018001baa0 f i CctCharacterController.obj
 0001:0001aaa0       ??_E?$PxHitCallback@UPxRaycastHit@physx@@@physx@@UEAAPEAXI@Z 000000018001baa0 f i CctCharacterController.obj
 0001:0001aaf0       ??_GControllerFilter@@UEAAPEAXI@Z 000000018001baf0 f i CctCharacterController.obj
 0001:0001aaf0       ??_EControllerFilter@@UEAAPEAXI@Z 000000018001baf0 f i CctCharacterController.obj
 0001:0001ab40       ??_GPxExtendedBox@physx@@QEAAPEAXI@Z 000000018001bb40 f i CctCharacterController.obj
 0001:0001ab90       ??_EPxQueryFilterCallback@physx@@UEAAPEAXI@Z 000000018001bb90 f i CctCharacterController.obj
 0001:0001ab90       ??_GPxQueryFilterCallback@physx@@UEAAPEAXI@Z 000000018001bb90 f i CctCharacterController.obj
 0001:0001abe0       ??_GPxTriangle@physx@@QEAAPEAXI@Z 000000018001bbe0 f i CctCharacterController.obj
 0001:0001ac30       ?FLoad@aos@shdfnd@physx@@YA?AT__m128@@M@Z 000000018001bc30 f i CctCharacterController.obj
 0001:0001ac60       ?PxAbs@physx@@YAMM@Z       000000018001bc60 f i CctCharacterController.obj
 0001:0001ac80       ?PxIsFinite@physx@@YA_NM@Z 000000018001bc80 f i CctCharacterController.obj
 0001:0001aca0       ?PxRecipSqrt@physx@@YAMM@Z 000000018001bca0 f i CctCharacterController.obj
 0001:0001acc0       ?PxSqrt@physx@@YAMM@Z      000000018001bcc0 f i CctCharacterController.obj
 0001:0001ace0       ?PxSqrt@physx@@YANN@Z      000000018001bce0 f i CctCharacterController.obj
 0001:0001ad00       ?V3Load@aos@shdfnd@physx@@YA?AT__m128@@M@Z 000000018001bd00 f i CctCharacterController.obj
 0001:0001ad50       ?V4Load@aos@shdfnd@physx@@YA?AT__m128@@M@Z 000000018001bd50 f i CctCharacterController.obj
 0001:0001ad80       ?abs@intrinsics@physx@@YAMM@Z 000000018001bd80 f i CctCharacterController.obj
 0001:0001ada0       ?add@physx@@YAXAEAUPxExtendedBounds3@1@AEBU21@@Z 000000018001bda0 f i CctCharacterController.obj
 0001:0001adf0       ?allocate@?$Array@IVNamedAllocator@shdfnd@physx@@@shdfnd@physx@@IEAAPEAII@Z 000000018001bdf0 f i CctCharacterController.obj
 0001:0001aea0       ?allocate@?$Array@PEBXVNamedAllocator@shdfnd@physx@@@shdfnd@physx@@IEAAPEAPEBXI@Z 000000018001bea0 f i CctCharacterController.obj
 0001:0001af50       ?allocate@?$Array@UPxExtendedCapsule@physx@@VNamedAllocator@shdfnd@2@@shdfnd@physx@@IEAAPEAUPxExtendedCapsule@3@I@Z 000000018001bf50 f i CctCharacterController.obj
 0001:0001b000       ?allocate@?$Array@VPxExtendedBox@physx@@VNamedAllocator@shdfnd@2@@shdfnd@physx@@IEAAPEAVPxExtendedBox@3@I@Z 000000018001c000 f i CctCharacterController.obj
 0001:0001b0b0       ?any@PxGeometryHolder@physx@@QEBAAEBVPxGeometry@2@XZ 000000018001c0b0 f i CctCharacterController.obj
 0001:0001b0e0       ?begin@?$Array@IVNamedAllocator@shdfnd@physx@@@shdfnd@physx@@QEAAPEAIXZ 000000018001c0e0 f i CctCharacterController.obj
 0001:0001b100       ?begin@?$Array@IVNamedAllocator@shdfnd@physx@@@shdfnd@physx@@QEBAPEBIXZ 000000018001c100 f i CctCharacterController.obj
 0001:0001b120       ?begin@?$Array@PEBXVNamedAllocator@shdfnd@physx@@@shdfnd@physx@@QEAAPEAPEBXXZ 000000018001c120 f i CctCharacterController.obj
 0001:0001b140       ?begin@?$Array@UPxExtendedCapsule@physx@@VNamedAllocator@shdfnd@2@@shdfnd@physx@@QEAAPEAUPxExtendedCapsule@3@XZ 000000018001c140 f i CctCharacterController.obj
 0001:0001b160       ?begin@?$Array@VPxExtendedBox@physx@@VNamedAllocator@shdfnd@2@@shdfnd@physx@@QEAAPEAVPxExtendedBox@3@XZ 000000018001c160 f i CctCharacterController.obj
 0001:0001b180       ?capacity@?$Array@IVNamedAllocator@shdfnd@physx@@@shdfnd@physx@@QEBAIXZ 000000018001c180 f i CctCharacterController.obj
 0001:0001b1a0       ?capacity@?$Array@PEBXVNamedAllocator@shdfnd@physx@@@shdfnd@physx@@QEBAIXZ 000000018001c1a0 f i CctCharacterController.obj
 0001:0001b1c0       ?capacity@?$Array@UPxExtendedCapsule@physx@@VNamedAllocator@shdfnd@2@@shdfnd@physx@@QEBAIXZ 000000018001c1c0 f i CctCharacterController.obj
 0001:0001b1e0       ?capacity@?$Array@VPxExtendedBox@physx@@VNamedAllocator@shdfnd@2@@shdfnd@physx@@QEBAIXZ 000000018001c1e0 f i CctCharacterController.obj
 0001:0001b200       ?capacity@?$Array@VPxTriangle@physx@@VNamedAllocator@shdfnd@2@@shdfnd@physx@@QEBAIXZ 000000018001c200 f i CctCharacterController.obj
 0001:0001b220       ?capacityIncrement@?$Array@PEBXVNamedAllocator@shdfnd@physx@@@shdfnd@physx@@IEBAIXZ 000000018001c220 f i CctCharacterController.obj
 0001:0001b270       ?capacityIncrement@?$Array@UPxExtendedCapsule@physx@@VNamedAllocator@shdfnd@2@@shdfnd@physx@@IEBAIXZ 000000018001c270 f i CctCharacterController.obj
 0001:0001b2c0       ?capacityIncrement@?$Array@VPxExtendedBox@physx@@VNamedAllocator@shdfnd@2@@shdfnd@physx@@IEBAIXZ 000000018001c2c0 f i CctCharacterController.obj
 0001:0001b310       ?clear@?$Array@IVNamedAllocator@shdfnd@physx@@@shdfnd@physx@@QEAAXXZ 000000018001c310 f i CctCharacterController.obj
 0001:0001b360       ?clear@?$Array@VPxTriangle@physx@@VNamedAllocator@shdfnd@2@@shdfnd@physx@@QEAAXXZ 000000018001c360 f i CctCharacterController.obj
 0001:0001b3b0       ?contains@?$HashSetBase@PEAVPxShape@physx@@U?$Hash@PEAVPxShape@physx@@@shdfnd@2@VAllocator@42@$0A@@internal@shdfnd@physx@@QEBA_NAEBQEAVPxShape@4@@Z 000000018001c3b0 f i CctCharacterController.obj
 0001:0001b410       ?copy@?$Array@IVNamedAllocator@shdfnd@physx@@@shdfnd@physx@@KAXPEAI0PEBI@Z 000000018001c410 f i CctCharacterController.obj
 0001:0001b4c0       ?copy@?$Array@PEBXVNamedAllocator@shdfnd@physx@@@shdfnd@physx@@KAXPEAPEBX0PEBQEBX@Z 000000018001c4c0 f i CctCharacterController.obj
 0001:0001b570       ?copy@?$Array@UPxExtendedCapsule@physx@@VNamedAllocator@shdfnd@2@@shdfnd@physx@@KAXPEAUPxExtendedCapsule@3@0PEBU43@@Z 000000018001c570 f i CctCharacterController.obj
 0001:0001b620       ?copy@?$Array@VPxExtendedBox@physx@@VNamedAllocator@shdfnd@2@@shdfnd@physx@@KAXPEAVPxExtendedBox@3@0PEBV43@@Z 000000018001c620 f i CctCharacterController.obj
 0001:0001b6c0       ?cross@PxVec3@physx@@QEBA?AV12@AEBV12@@Z 000000018001c6c0 f i CctCharacterController.obj
 0001:0001b7b0       ?deallocate@?$Array@IVNamedAllocator@shdfnd@physx@@@shdfnd@physx@@IEAAXPEAX@Z 000000018001c7b0 f i CctCharacterController.obj
 0001:0001b7e0       ?deallocate@?$Array@PEBXVNamedAllocator@shdfnd@physx@@@shdfnd@physx@@IEAAXPEAX@Z 000000018001c7e0 f i CctCharacterController.obj
 0001:0001b810       ?deallocate@?$Array@UPxExtendedCapsule@physx@@VNamedAllocator@shdfnd@2@@shdfnd@physx@@IEAAXPEAX@Z 000000018001c810 f i CctCharacterController.obj
 0001:0001b840       ?deallocate@?$Array@VPxExtendedBox@physx@@VNamedAllocator@shdfnd@2@@shdfnd@physx@@IEAAXPEAX@Z 000000018001c840 f i CctCharacterController.obj
 0001:0001b870       ?deallocate@?$Array@VPxTriangle@physx@@VNamedAllocator@shdfnd@2@@shdfnd@physx@@IEAAXPEAX@Z 000000018001c870 f i CctCharacterController.obj
 0001:0001b8a0       ?decomposeVector@shdfnd@physx@@YAXAEAVPxVec3@2@0AEBV32@1@Z 000000018001c8a0 f i CctCharacterController.obj
 0001:0001b930       ?destroy@?$Array@IVNamedAllocator@shdfnd@physx@@@shdfnd@physx@@KAXPEAI0@Z 000000018001c930 f i CctCharacterController.obj
 0001:0001b970       ?destroy@?$Array@PEBXVNamedAllocator@shdfnd@physx@@@shdfnd@physx@@KAXPEAPEBX0@Z 000000018001c970 f i CctCharacterController.obj
 0001:0001b9b0       ?destroy@?$Array@UPxExtendedCapsule@physx@@VNamedAllocator@shdfnd@2@@shdfnd@physx@@KAXPEAUPxExtendedCapsule@3@0@Z 000000018001c9b0 f i CctCharacterController.obj
 0001:0001b9f0       ?destroy@?$Array@VPxExtendedBox@physx@@VNamedAllocator@shdfnd@2@@shdfnd@physx@@KAXPEAVPxExtendedBox@3@0@Z 000000018001c9f0 f i CctCharacterController.obj
 0001:0001ba40       ?destroy@?$Array@VPxTriangle@physx@@VNamedAllocator@shdfnd@2@@shdfnd@physx@@KAXPEAVPxTriangle@3@0@Z 000000018001ca40 f i CctCharacterController.obj
 0001:0001ba90       ?distance@physx@@YANAEBUPxExtendedVec3@1@0@Z 000000018001ca90 f i CctCharacterController.obj
 0001:0001bb50       ?dot@PxVec3@physx@@QEBAMAEBV12@@Z 000000018001cb50 f i CctCharacterController.obj
 0001:0001bbb0       ?encodeUserObject@Cct@physx@@YAIIW4UserObjectType@12@@Z 000000018001cbb0 f i CctCharacterController.obj
 0001:0001bcb0       ?end@?$Array@IVNamedAllocator@shdfnd@physx@@@shdfnd@physx@@QEAAPEAIXZ 000000018001ccb0 f i CctCharacterController.obj
 0001:0001bcd0       ?end@?$Array@IVNamedAllocator@shdfnd@physx@@@shdfnd@physx@@QEBAPEBIXZ 000000018001ccd0 f i CctCharacterController.obj
 0001:0001bcf0       ?finalizeQuery@?$PxHitCallback@UPxRaycastHit@physx@@@physx@@UEAAXXZ 000000018001ccf0 f i CctCharacterController.obj
 0001:0001bd00       ?find@?$HashBase@PEAVPxShape@physx@@PEAV12@U?$Hash@PEAVPxShape@physx@@@shdfnd@2@UGetKey@?$HashSetBase@PEAVPxShape@physx@@U?$Hash@PEAVPxShape@physx@@@shdfnd@2@VAllocator@42@$0A@@internal@42@VAllocator@42@$0A@@internal@shdfnd@physx@@QEBAPEBQEAVPxShape@4@AEBQEAV54@@Z 000000018001cd00 f i CctCharacterController.obj
 0001:0001be00       ?forceSize_Unsafe@?$Array@IVNamedAllocator@shdfnd@physx@@@shdfnd@physx@@QEAAXI@Z 000000018001ce00 f i CctCharacterController.obj
 0001:0001bea0       ?forceSize_Unsafe@?$Array@VPxTriangle@physx@@VNamedAllocator@shdfnd@2@@shdfnd@physx@@QEAAXI@Z 000000018001cea0 f i CctCharacterController.obj
 0001:0001bf40       ?getAnyHit@?$PxHitBuffer@UPxRaycastHit@physx@@@physx@@QEBAAEBUPxRaycastHit@2@I@Z 000000018001cf40 f i CctCharacterController.obj
 0001:0001c030       ?getBasisVector0@PxQuat@physx@@QEBA?AVPxVec3@2@XZ 000000018001d030 f i CctCharacterController.obj
 0001:0001c150       ?getCenter@PxBounds3@physx@@QEBA?AVPxVec3@2@XZ 000000018001d150 f i CctCharacterController.obj
 0001:0001c220       ?getConcreteType@PxBase@physx@@QEBAGXZ 000000018001d220 f i CctCharacterController.obj
 0001:0001c240       ?getDimensions@PxBounds3@physx@@QEBA?AVPxVec3@2@XZ 000000018001d240 f i CctCharacterController.obj
 0001:0001c2f0       ?getExtents@PxBounds3@physx@@QEBA?AVPxVec3@2@XZ 000000018001d2f0 f i CctCharacterController.obj
 0001:0001c3b0       ?getGlobalPose@PxShapeExt@physx@@SA?AVPxTransform@2@AEBVPxShape@2@AEBVPxRigidActor@2@@Z 000000018001d3b0 f i CctCharacterController.obj
 0001:0001c460       ?getNbTouches@?$PxHitBuffer@UPxRaycastHit@physx@@@physx@@QEBAIXZ 000000018001d460 f i CctCharacterController.obj
 0001:0001c480       ?getNormalized@PxVec3@physx@@QEBA?AV12@XZ 000000018001d480 f i CctCharacterController.obj
 0001:0001c530       ?getShapeGlobalPose@physx@@YA?AVPxTransform@1@AEBVPxShape@1@AEBVPxRigidActor@1@@Z 000000018001d530 f i CctCharacterController.obj
 0001:0001c570       ?getTouches@?$PxHitBuffer@UPxRaycastHit@physx@@@physx@@QEBAPEBUPxRaycastHit@2@XZ 000000018001d570 f i CctCharacterController.obj
 0001:0001c590       ?getType@SweptVolume@Cct@physx@@QEBA?AW4Enum@SweptVolumeType@23@XZ 000000018001d590 f i CctCharacterController.obj
 0001:0001c5b0       ?grow@?$Array@IVNamedAllocator@shdfnd@physx@@@shdfnd@physx@@IEAAXI@Z 000000018001d5b0 f i CctCharacterController.obj
 0001:0001c650       ?growAndPushBack@?$Array@PEBXVNamedAllocator@shdfnd@physx@@@shdfnd@physx@@IEAAAEAPEBXAEBQEBX@Z 000000018001d650 f i CctCharacterController.obj
 0001:0001c860       ?growAndPushBack@?$Array@UPxExtendedCapsule@physx@@VNamedAllocator@shdfnd@2@@shdfnd@physx@@IEAAAEAUPxExtendedCapsule@3@AEBU43@@Z 000000018001d860 f i CctCharacterController.obj
 0001:0001cac0       ?growAndPushBack@?$Array@VPxExtendedBox@physx@@VNamedAllocator@shdfnd@2@@shdfnd@physx@@IEAAAEAVPxExtendedBox@3@AEBV43@@Z 000000018001dac0 f i CctCharacterController.obj
 0001:0001ccd0       ?hash@?$HashBase@PEAVPxShape@physx@@PEAV12@U?$Hash@PEAVPxShape@physx@@@shdfnd@2@UGetKey@?$HashSetBase@PEAVPxShape@physx@@U?$Hash@PEAVPxShape@physx@@@shdfnd@2@VAllocator@42@$0A@@internal@42@VAllocator@42@$0A@@internal@shdfnd@physx@@AEBAIAEBQEAVPxShape@4@@Z 000000018001dcd0 f i CctCharacterController.obj
 0001:0001cd10       ?hash@?$HashBase@PEAVPxShape@physx@@PEAV12@U?$Hash@PEAVPxShape@physx@@@shdfnd@2@UGetKey@?$HashSetBase@PEAVPxShape@physx@@U?$Hash@PEAVPxShape@physx@@@shdfnd@2@VAllocator@42@$0A@@internal@42@VAllocator@42@$0A@@internal@shdfnd@physx@@AEBAIAEBQEAVPxShape@4@I@Z 000000018001dd10 f i CctCharacterController.obj
 0001:0001cd50       ?hash@shdfnd@physx@@YAIPEBX@Z 000000018001dd50 f i CctCharacterController.obj
 0001:0001cd70       ?hash@shdfnd@physx@@YAI_K@Z 000000018001dd70 f i CctCharacterController.obj
 0001:0001ce80       ?intersectOBBAABB@Gu@physx@@YA_NAEBVBox@12@AEBVPxBounds3@2@@Z 000000018001de80 f i CctCharacterController.obj
 0001:0001cf40       ?isAlmostZero@shdfnd@physx@@YA_NAEBVPxVec3@2@@Z 000000018001df40 f i CctCharacterController.obj
 0001:0001cfd0       ?isFinite@PxBounds3@physx@@QEBA_NXZ 000000018001dfd0 f i CctCharacterController.obj
 0001:0001d040       ?isFinite@PxQuat@physx@@QEBA_NXZ 000000018001e040 f i CctCharacterController.obj
 0001:0001d0e0       ?isFinite@PxTransform@physx@@QEBA_NXZ 000000018001e0e0 f i CctCharacterController.obj
 0001:0001d150       ?isFinite@PxVec3@physx@@QEBA_NXZ 000000018001e150 f i CctCharacterController.obj
 0001:0001d1d0       ?isFinite@intrinsics@physx@@YA_NM@Z 000000018001e1d0 f i CctCharacterController.obj
 0001:0001d220       ?isInUserMemory@?$Array@IVNamedAllocator@shdfnd@physx@@@shdfnd@physx@@QEBAIXZ 000000018001e220 f i CctCharacterController.obj
 0001:0001d240       ?isInUserMemory@?$Array@PEBXVNamedAllocator@shdfnd@physx@@@shdfnd@physx@@QEBAIXZ 000000018001e240 f i CctCharacterController.obj
 0001:0001d260       ?isInUserMemory@?$Array@UPxExtendedCapsule@physx@@VNamedAllocator@shdfnd@2@@shdfnd@physx@@QEBAIXZ 000000018001e260 f i CctCharacterController.obj
 0001:0001d280       ?isInUserMemory@?$Array@VPxExtendedBox@physx@@VNamedAllocator@shdfnd@2@@shdfnd@physx@@QEBAIXZ 000000018001e280 f i CctCharacterController.obj
 0001:0001d2a0       ?isInUserMemory@?$Array@VPxTriangle@physx@@VNamedAllocator@shdfnd@2@@shdfnd@physx@@QEBAIXZ 000000018001e2a0 f i CctCharacterController.obj
 0001:0001d2c0       ?isInside@PxExtendedBounds3@physx@@QEBA_NAEBU12@@Z 000000018001e2c0 f i CctCharacterController.obj
 0001:0001d3a0       ?isSane@PxQuat@physx@@QEBA_NXZ 000000018001e3a0 f i CctCharacterController.obj
 0001:0001d420       ?isSane@PxTransform@physx@@QEBA_NXZ 000000018001e420 f i CctCharacterController.obj
 0001:0001d480       ?isValid@PxBounds3@physx@@QEBA_NXZ 000000018001e480 f i CctCharacterController.obj
 0001:0001d5b0       ?isZero@PxVec3@physx@@QEBA_NXZ 000000018001e5b0 f i CctCharacterController.obj
 0001:0001d610       ?magnitude@PxQuat@physx@@QEBAMXZ 000000018001e610 f i CctCharacterController.obj
 0001:0001d640       ?magnitude@PxVec3@physx@@QEBAMXZ 000000018001e640 f i CctCharacterController.obj
 0001:0001d670       ?magnitudeSquared@PxQuat@physx@@QEBAMXZ 000000018001e670 f i CctCharacterController.obj
 0001:0001d6f0       ?magnitudeSquared@PxVec3@physx@@QEBAMXZ 000000018001e6f0 f i CctCharacterController.obj
 0001:0001d750       ?maximum@PxExtendedVec3@physx@@QEAAXAEBU12@@Z 000000018001e750 f i CctCharacterController.obj
 0001:0001d800       ?minimum@PxExtendedVec3@physx@@QEAAXAEBU12@@Z 000000018001e800 f i CctCharacterController.obj
 0001:0001d8b0       ?normal@PxTriangle@physx@@QEBAXAEAVPxVec3@2@@Z 000000018001e8b0 f i CctCharacterController.obj
 0001:0001d9a0       ?normalize@PxVec3@physx@@QEAAMXZ 000000018001e9a0 f i CctCharacterController.obj
 0001:0001da00       ?postFilter@ControllerFilter@@UEAA?AW4Enum@PxQueryHitType@physx@@AEBUPxFilterData@4@AEBUPxQueryHit@4@@Z 000000018001ea00 f i CctCharacterController.obj
 0001:0001db00       ?preFilter@ControllerFilter@@UEAA?AW4Enum@PxQueryHitType@physx@@AEBUPxFilterData@4@PEBVPxShape@4@PEBVPxRigidActor@4@AEAV?$PxFlags@W4Enum@PxHitFlag@physx@@G@4@@Z 000000018001eb00 f i CctCharacterController.obj
 0001:0001dc40       ?processTouches@?$PxHitBuffer@UPxRaycastHit@physx@@@physx@@MEAA_NPEBUPxRaycastHit@2@I@Z 000000018001ec40 f i CctCharacterController.obj
 0001:0001dc80       ?pushBack@?$Array@PEBXVNamedAllocator@shdfnd@physx@@@shdfnd@physx@@QEAAAEAPEBXAEBQEBX@Z 000000018001ec80 f i CctCharacterController.obj
 0001:0001dd70       ?pushBack@?$Array@UPxExtendedCapsule@physx@@VNamedAllocator@shdfnd@2@@shdfnd@physx@@QEAAAEAUPxExtendedCapsule@3@AEBU43@@Z 000000018001ed70 f i CctCharacterController.obj
 0001:0001de70       ?pushBack@?$Array@VPxExtendedBox@physx@@VNamedAllocator@shdfnd@2@@shdfnd@physx@@QEAAAEAVPxExtendedBox@3@AEBV43@@Z 000000018001ee70 f i CctCharacterController.obj
 0001:0001df60       ?recipSqrt@intrinsics@physx@@YAMM@Z 000000018001ef60 f i CctCharacterController.obj
 0001:0001dfa0       ?recreate@?$Array@IVNamedAllocator@shdfnd@physx@@@shdfnd@physx@@IEAAXI@Z 000000018001efa0 f i CctCharacterController.obj
 0001:0001e100       ?reserve@?$Array@IVNamedAllocator@shdfnd@physx@@@shdfnd@physx@@QEAAXI@Z 000000018001f100 f i CctCharacterController.obj
 0001:0001e140       ?resetStats@SweepTest@Cct@physx@@QEAAXXZ 000000018001f140 f i CctCharacterController.obj
 0001:0001e190       ?resizeUninitialized@?$Array@IVNamedAllocator@shdfnd@physx@@@shdfnd@physx@@QEAAXI@Z 000000018001f190 f i CctCharacterController.obj
 0001:0001e1d0       ?rotate@PxQuat@physx@@QEBA?BVPxVec3@2@AEBV32@@Z 000000018001f1d0 f i CctCharacterController.obj
 0001:0001e420       ?rotateInv@PxQuat@physx@@QEBA?BVPxVec3@2@AEBV32@@Z 000000018001f420 f i CctCharacterController.obj
 0001:0001e670       ?selectMax@intrinsics@physx@@YAMMM@Z 000000018001f670 f i CctCharacterController.obj
 0001:0001e6c0       ?selectMin@intrinsics@physx@@YAMMM@Z 000000018001f6c0 f i CctCharacterController.obj
 0001:0001e710       ?set@PxExtendedBounds3@physx@@QEAAXNNNNNN@Z 000000018001f710 f i CctCharacterController.obj
 0001:0001e790       ?set@PxExtendedVec3@physx@@QEAAXNNN@Z 000000018001f790 f i CctCharacterController.obj
 0001:0001e7f0       ?setEmpty@PxExtendedBounds3@physx@@QEAAXXZ 000000018001f7f0 f i CctCharacterController.obj
 0001:0001e860       ?setWorldPos@SweptContact@Cct@physx@@QEAAXAEBVPxVec3@3@AEBUPxExtendedVec3@3@@Z 000000018001f860 f i CctCharacterController.obj
 0001:0001e8e0       ?size@?$Array@IVNamedAllocator@shdfnd@physx@@@shdfnd@physx@@QEBAIXZ 000000018001f8e0 f i CctCharacterController.obj
 0001:0001e900       ?size@?$Array@PEBXVNamedAllocator@shdfnd@physx@@@shdfnd@physx@@QEBAIXZ 000000018001f900 f i CctCharacterController.obj
 0001:0001e920       ?size@?$Array@UInternalBoxObstacle@ObstacleContext@Cct@physx@@VNamedAllocator@shdfnd@4@@shdfnd@physx@@QEBAIXZ 000000018001f920 f i CctCharacterController.obj
 0001:0001e940       ?size@?$Array@UInternalCapsuleObstacle@ObstacleContext@Cct@physx@@VNamedAllocator@shdfnd@4@@shdfnd@physx@@QEBAIXZ 000000018001f940 f i CctCharacterController.obj
 0001:0001e960       ?size@?$Array@UPxExtendedCapsule@physx@@VNamedAllocator@shdfnd@2@@shdfnd@physx@@QEBAIXZ 000000018001f960 f i CctCharacterController.obj
 0001:0001e980       ?size@?$Array@VPxExtendedBox@physx@@VNamedAllocator@shdfnd@2@@shdfnd@physx@@QEBAIXZ 000000018001f980 f i CctCharacterController.obj
 0001:0001e9a0       ?size@?$Array@VPxTriangle@physx@@VNamedAllocator@shdfnd@2@@shdfnd@physx@@QEBAIXZ 000000018001f9a0 f i CctCharacterController.obj
 0001:0001e9c0       ?sqrt@intrinsics@physx@@YAMM@Z 000000018001f9c0 f i CctCharacterController.obj
 0001:0001e9e0       ?testSlope@physx@@YA_NAEBVPxVec3@1@0M@Z 000000018001f9e0 f i CctCharacterController.obj
 0001:0001ea60       ?toVec3@physx@@YA?AVPxVec3@1@AEBUPxExtendedVec3@1@@Z 000000018001fa60 f i CctCharacterController.obj
 0001:0001ead0       ?transform@PxTransform@physx@@QEBA?AV12@AEBV12@@Z 000000018001fad0 f i CctCharacterController.obj
 0001:0001eca0       ?transform@PxTransform@physx@@QEBA?AVPxVec3@2@AEBV32@@Z 000000018001fca0 f i CctCharacterController.obj
 0001:0001ed80       ?transformInv@PxTransform@physx@@QEBA?AVPxVec3@2@AEBV32@@Z 000000018001fd80 f i CctCharacterController.obj
 0001:0001ee50       fabsf                      000000018001fe50 f i CctCharacterController.obj
 0001:0001ef00       ?getSceneTimestamp@Cct@physx@@YAIPEBUInternalCBData_FindTouchedGeom@12@@Z 000000018001ff00 f   CctCharacterControllerCallbacks.obj
 0001:0001ef90       ?findTouchedGeometry@Cct@physx@@YAXPEBUInternalCBData_FindTouchedGeom@12@AEBUPxExtendedBounds3@2@AEAV?$Array@VPxTriangle@physx@@VNamedAllocator@shdfnd@2@@shdfnd@2@AEAV?$Array@IVNamedAllocator@shdfnd@physx@@@62@3AEBVCCTFilter@12@AEBUCCTParams@12@AEAG@Z 000000018001ff90 f   CctCharacterControllerCallbacks.obj
 0001:0001f760       ?shapeHitCallback@Cct@physx@@YAIPEBUInternalCBData_OnHit@12@AEBUSweptContact@12@AEBVPxVec3@2@M@Z 0000000180020760 f   CctCharacterControllerCallbacks.obj
 0001:0001f890       ?userHitCallback@Cct@physx@@YAIPEBUInternalCBData_OnHit@12@AEBUSweptContact@12@AEBVPxVec3@2@M@Z 0000000180020890 f   CctCharacterControllerCallbacks.obj
 0001:00024ea0       ??$PX_UNUSED@PEBUPxOverlapHit@physx@@@@YAXAEBQEBUPxOverlapHit@physx@@@Z 0000000180025ea0 f i CctCharacterControllerCallbacks.obj
 0001:00024eb0       ??$reserve@VPxTriangle@physx@@VNamedAllocator@shdfnd@2@@Cct@physx@@YAPEAVPxTriangle@1@AEAV?$Array@VPxTriangle@physx@@VNamedAllocator@shdfnd@2@@shdfnd@1@I@Z 0000000180025eb0 f i CctCharacterControllerCallbacks.obj
 0001:00024f20       ??0?$PxFlags@W4Enum@PxMeshGeometryFlag@physx@@E@physx@@QEAA@E@Z 0000000180025f20 f i CctCharacterControllerCallbacks.obj
 0001:00024f50       ??0?$PxFlags@W4Enum@PxMeshGeometryFlag@physx@@E@physx@@QEAA@XZ 0000000180025f50 f i CctCharacterControllerCallbacks.obj
 0001:00024f70       ??0?$PxHitBuffer@UPxOverlapHit@physx@@@physx@@QEAA@PEAUPxOverlapHit@1@I@Z 0000000180025f70 f i CctCharacterControllerCallbacks.obj
 0001:00024fc0       ??0?$PxHitCallback@UPxOverlapHit@physx@@@physx@@QEAA@PEAUPxOverlapHit@1@I@Z 0000000180025fc0 f i CctCharacterControllerCallbacks.obj
 0001:00025050       ??0?$PxPadding@$02@physx@@QEAA@XZ 0000000180026050 f i CctCharacterControllerCallbacks.obj
 0001:000250a0       ??0PxControllerHit@physx@@QEAA@XZ 00000001800260a0 f i CctCharacterControllerCallbacks.obj
 0001:00025100       ??0PxControllerObstacleHit@physx@@QEAA@XZ 0000000180026100 f i CctCharacterControllerCallbacks.obj
 0001:00025130       ??0PxControllerShapeHit@physx@@QEAA@XZ 0000000180026130 f i CctCharacterControllerCallbacks.obj
 0001:00025160       ??0PxControllersHit@physx@@QEAA@XZ 0000000180026160 f i CctCharacterControllerCallbacks.obj
 0001:00025190       ??0PxConvexMeshGeometry@physx@@QEAA@XZ 0000000180026190 f i CctCharacterControllerCallbacks.obj
 0001:000251f0       ??0PxExtendedSphere@physx@@QEAA@XZ 00000001800261f0 f i CctCharacterControllerCallbacks.obj
 0001:00025220       ??0PxHeightFieldGeometry@physx@@QEAA@XZ 0000000180026220 f i CctCharacterControllerCallbacks.obj
 0001:000252d0       ??0PxMat33@physx@@QEAA@AEBVPxVec3@1@00@Z 00000001800262d0 f i CctCharacterControllerCallbacks.obj
 0001:00025350       ??0PxMat44@physx@@QEAA@AEBVPxMat33@1@AEBVPxVec3@1@@Z 0000000180026350 f i CctCharacterControllerCallbacks.obj
 0001:00025400       ??0PxMeshScale@physx@@QEAA@M@Z 0000000180026400 f i CctCharacterControllerCallbacks.obj
 0001:00025450       ??0PxMeshScale@physx@@QEAA@XZ 0000000180026450 f i CctCharacterControllerCallbacks.obj
 0001:000254a0       ??0PxOverlapHit@physx@@QEAA@XZ 00000001800264a0 f i CctCharacterControllerCallbacks.obj
 0001:000254d0       ??0PxPlane@physx@@QEAA@AEBVPxVec3@1@M@Z 00000001800264d0 f i CctCharacterControllerCallbacks.obj
 0001:00025520       ??0PxPlane@physx@@QEAA@MMMM@Z 0000000180026520 f i CctCharacterControllerCallbacks.obj
 0001:00025590       ??0PxQueryFilterData@physx@@QEAA@$$QEAU01@@Z 0000000180026590 f i CctCharacterControllerCallbacks.obj
 0001:00025600       ??0PxQueryFilterData@physx@@QEAA@V?$PxFlags@W4Enum@PxQueryFlag@physx@@G@1@@Z 0000000180026600 f i CctCharacterControllerCallbacks.obj
 0001:00025660       ??0PxTransform@physx@@QEAA@AEBVPxVec3@1@@Z 0000000180026660 f i CctCharacterControllerCallbacks.obj
 0001:000256b0       ??0PxTriangle@physx@@QEAA@AEBV01@@Z 00000001800266b0 f i CctCharacterControllerCallbacks.obj
 0001:000257b0       ??0PxTriangle@physx@@QEAA@AEBVPxVec3@1@00@Z 00000001800267b0 f i CctCharacterControllerCallbacks.obj
 0001:00025880       ??0PxTriangle@physx@@QEAA@XZ 0000000180026880 f i CctCharacterControllerCallbacks.obj
 0001:000258c0       ??0PxTriangleMeshGeometry@physx@@QEAA@XZ 00000001800268c0 f i CctCharacterControllerCallbacks.obj
 0001:00025940       ??0PxVec4@physx@@QEAA@AEBVPxVec3@1@M@Z 0000000180026940 f i CctCharacterControllerCallbacks.obj
 0001:000259c0       ??0PxVec4@physx@@QEAA@MMMM@Z 00000001800269c0 f i CctCharacterControllerCallbacks.obj
 0001:00025a40       ??0TessParams@@QEAA@XZ     0000000180026a40 f i CctCharacterControllerCallbacks.obj
 0001:00025a90       ??1?$PxHitBuffer@UPxOverlapHit@physx@@@physx@@UEAA@XZ 0000000180026a90 f i CctCharacterControllerCallbacks.obj
 0001:00025ac0       ??1?$PxHitCallback@UPxOverlapHit@physx@@@physx@@UEAA@XZ 0000000180026ac0 f i CctCharacterControllerCallbacks.obj
 0001:00025ae0       ??1PxExtendedSphere@physx@@QEAA@XZ 0000000180026ae0 f i CctCharacterControllerCallbacks.obj
 0001:00025af0       ??APxVec3@physx@@QEBAAEBMH@Z 0000000180026af0 f i CctCharacterControllerCallbacks.obj
 0001:00025b90       ??DPxMat33@physx@@QEBA?AV01@AEBV01@@Z 0000000180026b90 f i CctCharacterControllerCallbacks.obj
 0001:00025c50       ??DPxVec4@physx@@QEBA?AV01@M@Z 0000000180026c50 f i CctCharacterControllerCallbacks.obj
 0001:00025cf0       ??HPxVec4@physx@@QEBA?AV01@AEBV01@@Z 0000000180026cf0 f i CctCharacterControllerCallbacks.obj
 0001:00025da0       ??_G?$PxHitBuffer@UPxOverlapHit@physx@@@physx@@UEAAPEAXI@Z 0000000180026da0 f i CctCharacterControllerCallbacks.obj
 0001:00025da0       ??_E?$PxHitBuffer@UPxOverlapHit@physx@@@physx@@UEAAPEAXI@Z 0000000180026da0 f i CctCharacterControllerCallbacks.obj
 0001:00025df0       ??_G?$PxHitCallback@UPxOverlapHit@physx@@@physx@@UEAAPEAXI@Z 0000000180026df0 f i CctCharacterControllerCallbacks.obj
 0001:00025df0       ??_E?$PxHitCallback@UPxOverlapHit@physx@@@physx@@UEAAPEAXI@Z 0000000180026df0 f i CctCharacterControllerCallbacks.obj
 0001:00025e40       ?PxPlaneEquationFromTransform@physx@@YA?AVPxPlane@1@AEBVPxTransform@1@@Z 0000000180026e40 f i CctCharacterControllerCallbacks.obj
 0001:00025ea0       ?allocate@?$Array@VPxTriangle@physx@@VNamedAllocator@shdfnd@2@@shdfnd@physx@@IEAAPEAVPxTriangle@3@I@Z 0000000180026ea0 f i CctCharacterControllerCallbacks.obj
 0001:00025f50       ?begin@?$Array@VPxTriangle@physx@@VNamedAllocator@shdfnd@2@@shdfnd@physx@@QEAAPEAVPxTriangle@3@XZ 0000000180026f50 f i CctCharacterControllerCallbacks.obj
 0001:00025f70       ?capacityIncrement@?$Array@IVNamedAllocator@shdfnd@physx@@@shdfnd@physx@@IEBAIXZ 0000000180026f70 f i CctCharacterControllerCallbacks.obj
 0001:00025fc0       ?capacityIncrement@?$Array@VPxTriangle@physx@@VNamedAllocator@shdfnd@2@@shdfnd@physx@@IEBAIXZ 0000000180026fc0 f i CctCharacterControllerCallbacks.obj
 0001:00026010       ?centerExtents@PxBounds3@physx@@SA?AV12@AEBVPxVec3@2@0@Z 0000000180027010 f i CctCharacterControllerCallbacks.obj
 0001:00026090       ?computeBasis@shdfnd@physx@@YAXAEBVPxVec3@2@AEAV32@1@Z 0000000180027090 f i CctCharacterControllerCallbacks.obj
 0001:00026180       ?copy@?$Array@VPxTriangle@physx@@VNamedAllocator@shdfnd@2@@shdfnd@physx@@KAXPEAVPxTriangle@3@0PEBV43@@Z 0000000180027180 f i CctCharacterControllerCallbacks.obj
 0001:00026220       ?decodeIndex@Cct@physx@@YAII@Z 0000000180027220 f i CctCharacterControllerCallbacks.obj
 0001:00026230       ?decodeType@Cct@physx@@YA?AW4UserObjectType@12@I@Z 0000000180027230 f i CctCharacterControllerCallbacks.obj
 0001:00026250       ?distance@PxPlane@physx@@QEBAMAEBVPxVec3@2@@Z 0000000180027250 f i CctCharacterControllerCallbacks.obj
 0001:00026290       ?finalizeQuery@?$PxHitCallback@UPxOverlapHit@physx@@@physx@@UEAAXXZ 0000000180027290 f i CctCharacterControllerCallbacks.obj
 0001:000262a0       ?getAnyHit@?$PxHitBuffer@UPxOverlapHit@physx@@@physx@@QEBAAEBUPxOverlapHit@2@I@Z 00000001800272a0 f i CctCharacterControllerCallbacks.obj
 0001:00026390       ?getNbAnyHits@?$PxHitBuffer@UPxOverlapHit@physx@@@physx@@QEBAIXZ 0000000180027390 f i CctCharacterControllerCallbacks.obj
 0001:000263c0       ?getNbTouches@?$PxHitBuffer@UPxOverlapHit@physx@@@physx@@QEBAIXZ 00000001800273c0 f i CctCharacterControllerCallbacks.obj
 0001:000263e0       ?getPosition@PxMat44@physx@@QEBA?AVPxVec3@2@XZ 00000001800273e0 f i CctCharacterControllerCallbacks.obj
 0001:00026420       ?getResults@PxMeshOverlapUtil@physx@@QEBAPEBIXZ 0000000180027420 f i CctCharacterControllerCallbacks.obj
 0001:00026440       ?getTouches@?$PxHitBuffer@UPxOverlapHit@physx@@@physx@@QEBAPEBUPxOverlapHit@2@XZ 0000000180027440 f i CctCharacterControllerCallbacks.obj
 0001:00026460       ?getTranspose@PxMat33@physx@@QEBA?AV12@XZ 0000000180027460 f i CctCharacterControllerCallbacks.obj
 0001:00026540       ?getXYZ@PxVec4@physx@@QEBA?AVPxVec3@2@XZ 0000000180027540 f i CctCharacterControllerCallbacks.obj
 0001:00026590       ?grow@?$Array@VPxTriangle@physx@@VNamedAllocator@shdfnd@2@@shdfnd@physx@@IEAAXI@Z 0000000180027590 f i CctCharacterControllerCallbacks.obj
 0001:00026630       ?growAndPushBack@?$Array@IVNamedAllocator@shdfnd@physx@@@shdfnd@physx@@IEAAAEAIAEBI@Z 0000000180027630 f i CctCharacterControllerCallbacks.obj
 0001:00026840       ?growAndPushBack@?$Array@VPxTriangle@physx@@VNamedAllocator@shdfnd@2@@shdfnd@physx@@IEAAAEAVPxTriangle@3@AEBV43@@Z 0000000180027840 f i CctCharacterControllerCallbacks.obj
 0001:00026a50       ?processTouches@?$PxHitBuffer@UPxOverlapHit@physx@@@physx@@MEAA_NPEBUPxOverlapHit@2@I@Z 0000000180027a50 f i CctCharacterControllerCallbacks.obj
 0001:00026a90       ?project@PxPlane@physx@@QEBA?AVPxVec3@2@AEBV32@@Z 0000000180027a90 f i CctCharacterControllerCallbacks.obj
 0001:00026b00       ?pushBack@?$Array@IVNamedAllocator@shdfnd@physx@@@shdfnd@physx@@QEAAAEAIAEBI@Z 0000000180027b00 f i CctCharacterControllerCallbacks.obj
 0001:00026bf0       ?pushBack@?$Array@VPxTriangle@physx@@VNamedAllocator@shdfnd@2@@shdfnd@physx@@QEAAAEAVPxTriangle@3@AEBV43@@Z 0000000180027bf0 f i CctCharacterControllerCallbacks.obj
 0001:00026ce0       ?recreate@?$Array@VPxTriangle@physx@@VNamedAllocator@shdfnd@2@@shdfnd@physx@@IEAAXI@Z 0000000180027ce0 f i CctCharacterControllerCallbacks.obj
 0001:00026e40       ?reserve@?$Array@VPxTriangle@physx@@VNamedAllocator@shdfnd@2@@shdfnd@physx@@QEAAXI@Z 0000000180027e40 f i CctCharacterControllerCallbacks.obj
 0001:00026e80       ?resizeUninitialized@?$Array@VPxTriangle@physx@@VNamedAllocator@shdfnd@2@@shdfnd@physx@@QEAAXI@Z 0000000180027e80 f i CctCharacterControllerCallbacks.obj
 0001:00026ec0       ?rotate@PxMat44@physx@@QEBA?BVPxVec3@2@AEBV32@@Z 0000000180027ec0 f i CctCharacterControllerCallbacks.obj
 0001:00026f30       ?rotate@PxMat44@physx@@QEBA?BVPxVec4@2@AEBV32@@Z 0000000180027f30 f i CctCharacterControllerCallbacks.obj
 0001:00027020       ?rotate@PxTransform@physx@@QEBA?AVPxVec3@2@AEBV32@@Z 0000000180028020 f i CctCharacterControllerCallbacks.obj
 0001:000270d0       ?toMat33@PxMeshScale@physx@@QEBA?AVPxMat33@2@XZ 00000001800280d0 f i CctCharacterControllerCallbacks.obj
 0001:000271c0       ?transform@PxMat33@physx@@QEBA?AVPxVec3@2@AEBV32@@Z 00000001800281c0 f i CctCharacterControllerCallbacks.obj
 0001:000272a0       ?transform@PxTransform@physx@@QEBA?AVPxPlane@2@AEBV32@@Z 00000001800282a0 f i CctCharacterControllerCallbacks.obj
 0001:000273b0       PxCreateControllerManager  00000001800283b0 f   CctCharacterControllerManager.obj
 0001:00027440       ??0CharacterControllerManager@Cct@physx@@QEAA@AEAVPxScene@2@_N@Z 0000000180028440 f   CctCharacterControllerManager.obj
 0001:00027620       ??1CharacterControllerManager@Cct@physx@@UEAA@XZ 0000000180028620 f   CctCharacterControllerManager.obj
 0001:00027730       ?release@CharacterControllerManager@Cct@physx@@UEAAXXZ 0000000180028730 f   CctCharacterControllerManager.obj
 0001:00027810       ?getScene@CharacterControllerManager@Cct@physx@@UEBAAEAVPxScene@3@XZ 0000000180028810 f   CctCharacterControllerManager.obj
 0001:00027830       ?getNbControllers@CharacterControllerManager@Cct@physx@@UEBAIXZ 0000000180028830 f   CctCharacterControllerManager.obj
 0001:00027860       ?getController@CharacterControllerManager@Cct@physx@@UEAAPEAVPxController@3@I@Z 0000000180028860 f   CctCharacterControllerManager.obj
 0001:00027960       ?createController@CharacterControllerManager@Cct@physx@@UEAAPEAVPxController@3@AEBVPxControllerDesc@3@@Z 0000000180028960 f   CctCharacterControllerManager.obj
 0001:00027cf0       ?purgeControllers@CharacterControllerManager@Cct@physx@@UEAAXXZ 0000000180028cf0 f   CctCharacterControllerManager.obj
 0001:00027d60       ?getRenderBuffer@CharacterControllerManager@Cct@physx@@UEAAAEAVPxRenderBuffer@3@XZ 0000000180028d60 f   CctCharacterControllerManager.obj
 0001:00027df0       ?setDebugRenderingFlags@CharacterControllerManager@Cct@physx@@UEAAXV?$PxFlags@W4Enum@PxControllerDebugRenderFlag@physx@@I@3@@Z 0000000180028df0 f   CctCharacterControllerManager.obj
 0001:00027e90       ?getNbObstacleContexts@CharacterControllerManager@Cct@physx@@UEBAIXZ 0000000180028e90 f   CctCharacterControllerManager.obj
 0001:00027ec0       ?getObstacleContext@CharacterControllerManager@Cct@physx@@UEAAPEAVPxObstacleContext@3@I@Z 0000000180028ec0 f   CctCharacterControllerManager.obj
 0001:00027fa0       ?createObstacleContext@CharacterControllerManager@Cct@physx@@UEAAPEAVPxObstacleContext@3@XZ 0000000180028fa0 f   CctCharacterControllerManager.obj
 0001:00028040       ?computeInteractions@CharacterControllerManager@Cct@physx@@UEAAXMPEAVPxControllerFilterCallback@3@@Z 0000000180029040 f   CctCharacterControllerManager.obj
 0001:000283d0       ?setTessellation@CharacterControllerManager@Cct@physx@@UEAAX_NM@Z 00000001800293d0 f   CctCharacterControllerManager.obj
 0001:00028410       ?setOverlapRecoveryModule@CharacterControllerManager@Cct@physx@@UEAAX_N@Z 0000000180029410 f   CctCharacterControllerManager.obj
 0001:00028430       ?setPreciseSweeps@CharacterControllerManager@Cct@physx@@UEAAX_N@Z 0000000180029430 f   CctCharacterControllerManager.obj
 0001:00028450       ?setPreventVerticalSlidingAgainstCeiling@CharacterControllerManager@Cct@physx@@UEAAX_N@Z 0000000180029450 f   CctCharacterControllerManager.obj
 0001:00028470       ?shiftOrigin@CharacterControllerManager@Cct@physx@@UEAAXAEBVPxVec3@3@@Z 0000000180029470 f   CctCharacterControllerManager.obj
 0001:00028620       ?onObstacleRemoved@CharacterControllerManager@Cct@physx@@QEBAXI@Z 0000000180029620 f   CctCharacterControllerManager.obj
 0001:00028690       ?onObstacleUpdated@CharacterControllerManager@Cct@physx@@QEBAXIPEBVPxObstacleContext@3@@Z 0000000180029690 f   CctCharacterControllerManager.obj
 0001:000287d0       ?onObstacleAdded@CharacterControllerManager@Cct@physx@@QEBAXIPEBVPxObstacleContext@3@@Z 00000001800297d0 f   CctCharacterControllerManager.obj
 0001:00028910       ?releaseController@CharacterControllerManager@Cct@physx@@QEAAXAEAVPxController@3@@Z 0000000180029910 f   CctCharacterControllerManager.obj
 0001:00028bb0       ?getControllers@CharacterControllerManager@Cct@physx@@QEAAPEAPEAVController@23@XZ 0000000180029bb0 f   CctCharacterControllerManager.obj
 0001:00028be0       ?releaseObstacleContext@CharacterControllerManager@Cct@physx@@QEAAXAEAVObstacleContext@23@@Z 0000000180029be0 f   CctCharacterControllerManager.obj
 0001:00028d00       ?resetObstaclesBuffers@CharacterControllerManager@Cct@physx@@QEAAXXZ 0000000180029d00 f   CctCharacterControllerManager.obj
 0001:0002bf20       ??$?2V?$ReflectionAllocator@VBoxController@Cct@physx@@@shdfnd@physx@@@UserAllocated@shdfnd@physx@@SAPEAX_KV?$ReflectionAllocator@VBoxController@Cct@physx@@@12@PEBDH@Z 000000018002cf20 f i CctCharacterControllerManager.obj
 0001:0002bf70       ??$?2V?$ReflectionAllocator@VCapsuleController@Cct@physx@@@shdfnd@physx@@@UserAllocated@shdfnd@physx@@SAPEAX_KV?$ReflectionAllocator@VCapsuleController@Cct@physx@@@12@PEBDH@Z 000000018002cf70 f i CctCharacterControllerManager.obj
 0001:0002bfc0       ??$?2V?$ReflectionAllocator@VCharacterControllerManager@Cct@physx@@@shdfnd@physx@@@UserAllocated@shdfnd@physx@@SAPEAX_KV?$ReflectionAllocator@VCharacterControllerManager@Cct@physx@@@12@PEBDH@Z 000000018002cfc0 f i CctCharacterControllerManager.obj
 0001:0002c010       ??$?2V?$ReflectionAllocator@VObstacleContext@Cct@physx@@@shdfnd@physx@@@UserAllocated@shdfnd@physx@@SAPEAX_KV?$ReflectionAllocator@VObstacleContext@Cct@physx@@@12@PEBDH@Z 000000018002d010 f i CctCharacterControllerManager.obj
 0001:0002c060       ??$?2V?$ReflectionAllocator@VRenderBuffer@Cm@physx@@@shdfnd@physx@@@UserAllocated@shdfnd@physx@@SAPEAX_KV?$ReflectionAllocator@VRenderBuffer@Cm@physx@@@12@PEBDH@Z 000000018002d060 f i CctCharacterControllerManager.obj
 0001:0002c0b0       ??$append@UPxDebugLine@physx@@@RenderBuffer@Cm@physx@@AEAAXAEAV?$Array@UPxDebugLine@physx@@VNamedAllocator@shdfnd@2@@shdfnd@2@PEBUPxDebugLine@2@I@Z 000000018002d0b0 f i CctCharacterControllerManager.obj
 0001:0002c150       ??$append@UPxDebugPoint@physx@@@RenderBuffer@Cm@physx@@AEAAXAEAV?$Array@UPxDebugPoint@physx@@VNamedAllocator@shdfnd@2@@shdfnd@2@PEBUPxDebugPoint@2@I@Z 000000018002d150 f i CctCharacterControllerManager.obj
 0001:0002c1f0       ??$append@UPxDebugText@physx@@@RenderBuffer@Cm@physx@@AEAAXAEAV?$Array@UPxDebugText@physx@@VNamedAllocator@shdfnd@2@@shdfnd@2@PEBUPxDebugText@2@I@Z 000000018002d1f0 f i CctCharacterControllerManager.obj
 0001:0002c290       ??$append@UPxDebugTriangle@physx@@@RenderBuffer@Cm@physx@@AEAAXAEAV?$Array@UPxDebugTriangle@physx@@VNamedAllocator@shdfnd@2@@shdfnd@2@PEBUPxDebugTriangle@2@I@Z 000000018002d290 f i CctCharacterControllerManager.obj
 0001:0002c330       ??$resetOrClear@V?$Array@PEBXVNamedAllocator@shdfnd@physx@@@shdfnd@physx@@@@YAXAEAV?$Array@PEBXVNamedAllocator@shdfnd@physx@@@shdfnd@physx@@@Z 000000018002d330 f i CctCharacterControllerManager.obj
 0001:0002c3b0       ??$resetOrClear@V?$Array@UPxExtendedCapsule@physx@@VNamedAllocator@shdfnd@2@@shdfnd@physx@@@@YAXAEAV?$Array@UPxExtendedCapsule@physx@@VNamedAllocator@shdfnd@2@@shdfnd@physx@@@Z 000000018002d3b0 f i CctCharacterControllerManager.obj
 0001:0002c430       ??$resetOrClear@V?$Array@VPxExtendedBox@physx@@VNamedAllocator@shdfnd@2@@shdfnd@physx@@@@YAXAEAV?$Array@VPxExtendedBox@physx@@VNamedAllocator@shdfnd@2@@shdfnd@physx@@@Z 000000018002d430 f i CctCharacterControllerManager.obj
 0001:0002c4b0       ??$swap@PEAVController@Cct@physx@@@shdfnd@physx@@YAXAEAPEAVController@Cct@1@0@Z 000000018002d4b0 f i CctCharacterControllerManager.obj
 0001:0002c500       ??0?$Array@DVNamedAllocator@shdfnd@physx@@@shdfnd@physx@@QEAA@AEBVNamedAllocator@12@@Z 000000018002d500 f i CctCharacterControllerManager.obj
 0001:0002c560       ??0?$Array@PEAVController@Cct@physx@@VNamedAllocator@shdfnd@3@@shdfnd@physx@@QEAA@AEBVNamedAllocator@12@@Z 000000018002d560 f i CctCharacterControllerManager.obj
 0001:0002c5c0       ??0?$Array@PEAVObstacleContext@Cct@physx@@VNamedAllocator@shdfnd@3@@shdfnd@physx@@QEAA@AEBVNamedAllocator@12@@Z 000000018002d5c0 f i CctCharacterControllerManager.obj
 0001:0002c620       ??0?$Array@PEBXVNamedAllocator@shdfnd@physx@@@shdfnd@physx@@QEAA@AEBVNamedAllocator@12@@Z 000000018002d620 f i CctCharacterControllerManager.obj
 0001:0002c680       ??0?$Array@UPxDebugLine@physx@@VNamedAllocator@shdfnd@2@@shdfnd@physx@@QEAA@AEBVNamedAllocator@12@@Z 000000018002d680 f i CctCharacterControllerManager.obj
 0001:0002c6e0       ??0?$Array@UPxDebugPoint@physx@@VNamedAllocator@shdfnd@2@@shdfnd@physx@@QEAA@AEBVNamedAllocator@12@@Z 000000018002d6e0 f i CctCharacterControllerManager.obj
 0001:0002c740       ??0?$Array@UPxDebugText@physx@@VNamedAllocator@shdfnd@2@@shdfnd@physx@@QEAA@AEBVNamedAllocator@12@@Z 000000018002d740 f i CctCharacterControllerManager.obj
 0001:0002c7a0       ??0?$Array@UPxDebugTriangle@physx@@VNamedAllocator@shdfnd@2@@shdfnd@physx@@QEAA@AEBVNamedAllocator@12@@Z 000000018002d7a0 f i CctCharacterControllerManager.obj
 0001:0002c800       ??0?$Array@UPxExtendedCapsule@physx@@VNamedAllocator@shdfnd@2@@shdfnd@physx@@QEAA@AEBVNamedAllocator@12@@Z 000000018002d800 f i CctCharacterControllerManager.obj
 0001:0002c860       ??0?$Array@VPxExtendedBox@physx@@VNamedAllocator@shdfnd@2@@shdfnd@physx@@QEAA@AEBVNamedAllocator@12@@Z 000000018002d860 f i CctCharacterControllerManager.obj
 0001:0002c8c0       ??0?$HashBase@PEAVPxShape@physx@@PEAV12@U?$Hash@PEAVPxShape@physx@@@shdfnd@2@UGetKey@?$HashSetBase@PEAVPxShape@physx@@U?$Hash@PEAVPxShape@physx@@@shdfnd@2@VAllocator@42@$0A@@internal@42@VAllocator@42@$0A@@internal@shdfnd@physx@@QEAA@IM@Z 000000018002d8c0 f i CctCharacterControllerManager.obj
 0001:0002c920       ??0?$HashSet@PEAVPxShape@physx@@U?$Hash@PEAVPxShape@physx@@@shdfnd@2@VAllocator@42@@shdfnd@physx@@QEAA@IM@Z 000000018002d920 f i CctCharacterControllerManager.obj
 0001:0002c960       ??0?$HashSetBase@PEAVPxShape@physx@@U?$Hash@PEAVPxShape@physx@@@shdfnd@2@VAllocator@42@$0A@@internal@shdfnd@physx@@QEAA@IM@Z 000000018002d960 f i CctCharacterControllerManager.obj
 0001:0002c9b0       ??0?$PxFlags@W4Enum@PxControllerDebugRenderFlag@physx@@I@physx@@QEAA@I@Z 000000018002d9b0 f i CctCharacterControllerManager.obj
 0001:0002c9d0       ??0?$ReflectionAllocator@VBoxController@Cct@physx@@@shdfnd@physx@@QEAA@PEBD@Z 000000018002d9d0 f i CctCharacterControllerManager.obj
 0001:0002c9f0       ??0?$ReflectionAllocator@VCapsuleController@Cct@physx@@@shdfnd@physx@@QEAA@PEBD@Z 000000018002d9f0 f i CctCharacterControllerManager.obj
 0001:0002ca10       ??0?$ReflectionAllocator@VCharacterControllerManager@Cct@physx@@@shdfnd@physx@@QEAA@PEBD@Z 000000018002da10 f i CctCharacterControllerManager.obj
 0001:0002ca30       ??0?$ReflectionAllocator@VObstacleContext@Cct@physx@@@shdfnd@physx@@QEAA@PEBD@Z 000000018002da30 f i CctCharacterControllerManager.obj
 0001:0002ca50       ??0?$ReflectionAllocator@VRenderBuffer@Cm@physx@@@shdfnd@physx@@QEAA@PEBD@Z 000000018002da50 f i CctCharacterControllerManager.obj
 0001:0002ca70       ??0Axes@Gu@physx@@QEAA@W4AxisOrder@12@@Z 000000018002da70 f i CctCharacterControllerManager.obj
 0001:0002cad0       ??0PxDebugLine@physx@@QEAA@AEBU01@@Z 000000018002dad0 f i CctCharacterControllerManager.obj
 0001:0002cb50       ??0PxDebugPoint@physx@@QEAA@AEBU01@@Z 000000018002db50 f i CctCharacterControllerManager.obj
 0001:0002cba0       ??0PxDebugText@physx@@QEAA@AEBU01@@Z 000000018002dba0 f i CctCharacterControllerManager.obj
 0001:0002cc20       ??0PxDebugTriangle@physx@@QEAA@AEBU01@@Z 000000018002dc20 f i CctCharacterControllerManager.obj
 0001:0002cce0       ??0PxRenderBuffer@physx@@QEAA@XZ 000000018002dce0 f i CctCharacterControllerManager.obj
 0001:0002cd00       ??0RenderBuffer@Cm@physx@@QEAA@XZ 000000018002dd00 f i CctCharacterControllerManager.obj
 0001:0002ce80       ??1?$Array@DVNamedAllocator@shdfnd@physx@@@shdfnd@physx@@QEAA@XZ 000000018002de80 f i CctCharacterControllerManager.obj
 0001:0002cf00       ??1?$Array@PEAVController@Cct@physx@@VNamedAllocator@shdfnd@3@@shdfnd@physx@@QEAA@XZ 000000018002df00 f i CctCharacterControllerManager.obj
 0001:0002cf90       ??1?$Array@PEAVObstacleContext@Cct@physx@@VNamedAllocator@shdfnd@3@@shdfnd@physx@@QEAA@XZ 000000018002df90 f i CctCharacterControllerManager.obj
 0001:0002d020       ??1?$Array@PEBXVNamedAllocator@shdfnd@physx@@@shdfnd@physx@@QEAA@XZ 000000018002e020 f i CctCharacterControllerManager.obj
 0001:0002d0b0       ??1?$Array@UPxDebugLine@physx@@VNamedAllocator@shdfnd@2@@shdfnd@physx@@QEAA@XZ 000000018002e0b0 f i CctCharacterControllerManager.obj
 0001:0002d140       ??1?$Array@UPxDebugPoint@physx@@VNamedAllocator@shdfnd@2@@shdfnd@physx@@QEAA@XZ 000000018002e140 f i CctCharacterControllerManager.obj
 0001:0002d1d0       ??1?$Array@UPxDebugText@physx@@VNamedAllocator@shdfnd@2@@shdfnd@physx@@QEAA@XZ 000000018002e1d0 f i CctCharacterControllerManager.obj
[...]
 0003:00001c10       ?nodes@?1??make@DNameStatusNode@@SAPEAV2@W4DNameStatus@@@Z@4PAV2@A 0000000180126c10     libvcruntimed:undname.obj
 0003:00001c5c       ??_B?1??make@DNameStatusNode@@SAPEAV1@W4DNameStatus@@@Z@51 0000000180126c5c     libvcruntimed:undname.obj
 0003:00001e00       _pfnDumpClient             0000000180126e00     libucrtd:debug_heap.obj
 0003:00001e20       _environ_table             0000000180126e20     libucrtd:environment_initialization.obj
 0003:00001e28       _wenviron_table            0000000180126e28     libucrtd:environment_initialization.obj
 0003:00001e38       __dcrt_initial_wide_environment 0000000180126e38     libucrtd:environment_initialization.obj
 0003:00001e48       __dcrt_initial_narrow_environment 0000000180126e48     libucrtd:environment_initialization.obj
 0003:00001e58       __acrt_atexit_table        0000000180126e58     libucrtd:onexit.obj
 0003:00001e78       __acrt_at_quick_exit_table 0000000180126e78     libucrtd:onexit.obj
 0003:00001ea8       _pfnReportHook             0000000180126ea8     libucrtd:dbgrptt.obj
 0003:00001eb0       _pReportHookList           0000000180126eb0     libucrtd:dbgrptt.obj
 0003:00001eb8       _pReportHookListW          0000000180126eb8     libucrtd:dbgrptt.obj
 0003:00002180       __acrt_locale_changed_data 0000000180127180     libucrtd:wsetlocale.obj
 0003:00002188       __acrt_current_locale_data 0000000180127188     libucrtd:nlsdata.obj
 0003:00002198       __acrt_heap                0000000180127198     libucrtd:heap_handle.obj
 0003:000023b8       __mbcodepage               00000001801273b8     libucrtd:mbctype.obj
 0003:000023bc       __ismbcodepage             00000001801273bc     libucrtd:mbctype.obj
 0003:000023c0       __mbulinfo                 00000001801273c0     libucrtd:mbctype.obj
 0003:000023d8       __mblocalename             00000001801273d8     libucrtd:mbctype.obj
 0003:000023f0       __pioinfo                  00000001801273f0     libucrtd:ioinit.obj
 0003:000028bc       _nhandle                   00000001801278bc     libucrtd:ioinit.obj
 0003:000028c0       __argc                     00000001801278c0     libucrtd:argv_data.obj
 0003:000028c8       __argv                     00000001801278c8     libucrtd:argv_data.obj
 0003:000028d8       __wargv                    00000001801278d8     libucrtd:argv_data.obj
 0003:000028e8       _acmdln                    00000001801278e8     libucrtd:argv_data.obj
 0003:000028f8       _wcmdln                    00000001801278f8     libucrtd:argv_data.obj
 0003:00002908       _pgmptr                    0000000180127908     libucrtd:argv_data.obj
 0003:00002918       _wpgmptr                   0000000180127918     libucrtd:argv_data.obj
 0003:00002938       __acrt_stdout_buffer       0000000180127938     libucrtd:_sftbuf.obj
 0003:00002948       __acrt_stderr_buffer       0000000180127948     libucrtd:_sftbuf.obj
 0003:00002958       _nstream                   0000000180127958     libucrtd:_file.obj
 0003:00002960       __piob                     0000000180127960     libucrtd:_file.obj
 0003:0000296c       _cflush                    000000018012796c     libucrtd:_file.obj
 0003:000030e3       __acrt_lconv_static_null   00000001801280e3     libucrtd:localeconv.obj
 0003:000030e4       __acrt_lconv_static_W_null 00000001801280e4     libucrtd:localeconv.obj
 0003:000030ec       __fma3_is_available        00000001801280ec     libucrtd:fma3_available.obj
 0003:000030f0       __use_fma3_lib             00000001801280f0     libucrtd:fma3_available.obj
 0003:000030f8       ?g_OutOfMemoryExceptionCallback@@3P6APEAXXZEA 00000001801280f8     libvcruntimed:frame.obj
 0003:00003104       __scrt_ucrt_dll_is_in_use  0000000180128104     <common>
 0003:00003110       __dyn_tls_init_callback    0000000180128110     <common>
 0005:00000000       __imp_SystemFunction036    0000000180134000     advapi32:ADVAPI32.dll
 0005:00000008       \177ADVAPI32_NULL_THUNK_DATA 0000000180134008     advapi32:ADVAPI32.dll
 0005:00000060       __imp_RtlPcToFileHeader    0000000180134060     kernel32:KERNEL32.dll
 0005:00000068       __imp_TerminateProcess     0000000180134068     kernel32:KERNEL32.dll
 0005:00000070       __imp_CreateFileW          0000000180134070     kernel32:KERNEL32.dll
 0005:00000078       __imp_SetFilePointerEx     0000000180134078     kernel32:KERNEL32.dll
 0005:00000080       __imp_GetConsoleMode       0000000180134080     kernel32:KERNEL32.dll
 0005:00000088       __imp_GetConsoleCP         0000000180134088     kernel32:KERNEL32.dll
 0005:00000090       __imp_FlushFileBuffers     0000000180134090     kernel32:KERNEL32.dll
 0005:00000098       __imp_SetStdHandle         0000000180134098     kernel32:KERNEL32.dll
 0005:000000a0       __imp_GetStringTypeW       00000001801340a0     kernel32:KERNEL32.dll
 0005:000000a8       __imp_GetCommandLineW      00000001801340a8     kernel32:KERNEL32.dll
 0005:000000b0       __imp_GetCommandLineA      00000001801340b0     kernel32:KERNEL32.dll
 0005:000000b8       __imp_SetEnvironmentVariableW 00000001801340b8     kernel32:KERNEL32.dll
 0005:000000c0       __imp_SetEnvironmentVariableA 00000001801340c0     kernel32:KERNEL32.dll
 0005:000000c8       __imp_FreeEnvironmentStringsW 00000001801340c8     kernel32:KERNEL32.dll
 0005:000000d0       __imp_GetEnvironmentStringsW 00000001801340d0     kernel32:KERNEL32.dll
 0005:000000d8       __imp_GetCPInfo            00000001801340d8     kernel32:KERNEL32.dll
 0005:000000e0       __imp_GetOEMCP             00000001801340e0     kernel32:KERNEL32.dll
 0005:000000e8       __imp_IsValidCodePage      00000001801340e8     kernel32:KERNEL32.dll
 0005:000000f0       __imp_EnumSystemLocalesW   00000001801340f0     kernel32:KERNEL32.dll
 0005:000000f8       __imp_GetUserDefaultLCID   00000001801340f8     kernel32:KERNEL32.dll
 0005:00000100       __imp_IsValidLocale        0000000180134100     kernel32:KERNEL32.dll
 0005:00000108       __imp_GetLocaleInfoW       0000000180134108     kernel32:KERNEL32.dll
 0005:00000110       __imp_LCMapStringW         0000000180134110     kernel32:KERNEL32.dll
 0005:00000118       __imp_CompareStringW       0000000180134118     kernel32:KERNEL32.dll
 0005:00000120       __imp_GetTimeFormatW       0000000180134120     kernel32:KERNEL32.dll
 0005:00000128       __imp_GetDateFormatW       0000000180134128     kernel32:KERNEL32.dll
 0005:00000130       __imp_GetACP               0000000180134130     kernel32:KERNEL32.dll
 0005:00000138       __imp_HeapQueryInformation 0000000180134138     kernel32:KERNEL32.dll
 0005:00000140       __imp_GetCurrentThread     0000000180134140     kernel32:KERNEL32.dll
 0005:00000148       __imp_HeapReAlloc          0000000180134148     kernel32:KERNEL32.dll
 0005:00000150       __imp_SetConsoleCtrlHandler 0000000180134150     kernel32:KERNEL32.dll
 0005:00000158       __imp_CreateThread         0000000180134158     kernel32:KERNEL32.dll
 0005:00000160       __imp_WaitForSingleObjectEx 0000000180134160     kernel32:KERNEL32.dll
 0005:00000168       __imp_CloseHandle          0000000180134168     kernel32:KERNEL32.dll
 0005:00000170       __imp_WriteConsoleW        0000000180134170     kernel32:KERNEL32.dll
 0005:00000178       __imp_OutputDebugStringW   0000000180134178     kernel32:KERNEL32.dll
 0005:00000180       __imp_OutputDebugStringA   0000000180134180     kernel32:KERNEL32.dll
 0005:00000188       __imp_WriteFile            0000000180134188     kernel32:KERNEL32.dll
 0005:00000190       __imp_GetFileType          0000000180134190     kernel32:KERNEL32.dll
 0005:00000198       __imp_InitializeSListHead  0000000180134198     kernel32:KERNEL32.dll
 0005:000001a0       __imp_QueryPerformanceCounter 00000001801341a0     kernel32:KERNEL32.dll
 0005:000001a8       __imp_GetCurrentProcessId  00000001801341a8     kernel32:KERNEL32.dll
 0005:000001b0       __imp_GetCurrentThreadId   00000001801341b0     kernel32:KERNEL32.dll
 0005:000001b8       __imp_GetSystemTimeAsFileTime 00000001801341b8     kernel32:KERNEL32.dll
 0005:000001c0       __imp_RtlCaptureContext    00000001801341c0     kernel32:KERNEL32.dll
 0005:000001c8       __imp_RtlLookupFunctionEntry 00000001801341c8     kernel32:KERNEL32.dll
 0005:000001d0       __imp_RtlVirtualUnwind     00000001801341d0     kernel32:KERNEL32.dll
 0005:000001d8       __imp_IsDebuggerPresent    00000001801341d8     kernel32:KERNEL32.dll
 0005:000001e0       __imp_UnhandledExceptionFilter 00000001801341e0     kernel32:KERNEL32.dll
 0005:000001e8       __imp_SetUnhandledExceptionFilter 00000001801341e8     kernel32:KERNEL32.dll
 0005:000001f0       __imp_GetStartupInfoW      00000001801341f0     kernel32:KERNEL32.dll
 0005:000001f8       __imp_IsProcessorFeaturePresent 00000001801341f8     kernel32:KERNEL32.dll
 0005:00000200       __imp_GetModuleHandleW     0000000180134200     kernel32:KERNEL32.dll
 0005:00000208       __imp_RaiseException       0000000180134208     kernel32:KERNEL32.dll
 0005:00000210       __imp_MultiByteToWideChar  0000000180134210     kernel32:KERNEL32.dll
 0005:00000218       __imp_WideCharToMultiByte  0000000180134218     kernel32:KERNEL32.dll
 0005:00000220       __imp_GetLastError         0000000180134220     kernel32:KERNEL32.dll
 0005:00000228       __imp_HeapAlloc            0000000180134228     kernel32:KERNEL32.dll
 0005:00000230       __imp_HeapFree             0000000180134230     kernel32:KERNEL32.dll
 0005:00000238       __imp_GetProcessHeap       0000000180134238     kernel32:KERNEL32.dll
 0005:00000240       __imp_VirtualQuery         0000000180134240     kernel32:KERNEL32.dll
 0005:00000248       __imp_FreeLibrary          0000000180134248     kernel32:KERNEL32.dll
 0005:00000250       __imp_GetProcAddress       0000000180134250     kernel32:KERNEL32.dll
 0005:00000258       __imp_GetCurrentProcess    0000000180134258     kernel32:KERNEL32.dll
 0005:00000260       __imp_EncodePointer        0000000180134260     kernel32:KERNEL32.dll
 0005:00000268       __imp_InterlockedPushEntrySList 0000000180134268     kernel32:KERNEL32.dll
 0005:00000270       __imp_InterlockedFlushSList 0000000180134270     kernel32:KERNEL32.dll
 0005:00000278       __imp_GetModuleFileNameW   0000000180134278     kernel32:KERNEL32.dll
 0005:00000280       __imp_RtlUnwindEx          0000000180134280     kernel32:KERNEL32.dll
 0005:00000288       __imp_LoadLibraryExW       0000000180134288     kernel32:KERNEL32.dll
 0005:00000290       __imp_InitializeCriticalSectionAndSpinCount 0000000180134290     kernel32:KERNEL32.dll
 0005:00000298       __imp_TlsAlloc             0000000180134298     kernel32:KERNEL32.dll
 0005:000002a0       __imp_TlsGetValue          00000001801342a0     kernel32:KERNEL32.dll
 0005:000002a8       __imp_TlsSetValue          00000001801342a8     kernel32:KERNEL32.dll
 0005:000002b0       __imp_TlsFree              00000001801342b0     kernel32:KERNEL32.dll
 0005:000002b8       __imp_SetLastError         00000001801342b8     kernel32:KERNEL32.dll
 0005:000002c0       __imp_EnterCriticalSection 00000001801342c0     kernel32:KERNEL32.dll
 0005:000002c8       __imp_LeaveCriticalSection 00000001801342c8     kernel32:KERNEL32.dll
 0005:000002d0       __imp_DeleteCriticalSection 00000001801342d0     kernel32:KERNEL32.dll
 0005:000002d8       __imp_GetModuleFileNameA   00000001801342d8     kernel32:KERNEL32.dll
 0005:000002e0       __imp_GetModuleHandleExW   00000001801342e0     kernel32:KERNEL32.dll
 0005:000002e8       __imp_HeapSize             00000001801342e8     kernel32:KERNEL32.dll
 0005:000002f0       __imp_HeapValidate         00000001801342f0     kernel32:KERNEL32.dll
 0005:000002f8       __imp_GetSystemInfo        00000001801342f8     kernel32:KERNEL32.dll
 0005:00000300       __imp_ExitProcess          0000000180134300     kernel32:KERNEL32.dll
 0005:00000308       __imp_GetStdHandle         0000000180134308     kernel32:KERNEL32.dll
 0005:00000310       \177KERNEL32_NULL_THUNK_DATA 0000000180134310     kernel32:KERNEL32.dll
 0005:000003f0       __imp_?GetRaycastFuncTable@Gu@physx@@YAAEAY06P6AIAEBVPxGeometry@2@AEBVPxTransform@2@AEBVPxVec3@2@2MV?$PxFlags@W4Enum@PxHitFlag@physx@@G@2@IPEIAUPxRaycastHit@2@_NP6A_NAEAU72@PEAX@Z7@ZXZ 00000001801343f0     PhysX3CommonDEBUG_x64:PhysX3CommonDEBUG_x64.dll
 0005:000003f8       __imp_?getSize@MutexImpl@shdfnd@physx@@SAAEBIXZ 00000001801343f8     PhysX3CommonDEBUG_x64:PhysX3CommonDEBUG_x64.dll
 0005:00000400       __imp_??1MutexImpl@shdfnd@physx@@QEAA@XZ 0000000180134400     PhysX3CommonDEBUG_x64:PhysX3CommonDEBUG_x64.dll
 0005:00000408       __imp_??0MutexImpl@shdfnd@physx@@QEAA@XZ 0000000180134408     PhysX3CommonDEBUG_x64:PhysX3CommonDEBUG_x64.dll
 0005:00000410       __imp_?distanceSegmentSegmentSquaredOLD@Gu@physx@@YAMAEBVPxVec3@2@000PEAM1@Z 0000000180134410     PhysX3CommonDEBUG_x64:PhysX3CommonDEBUG_x64.dll
 0005:00000418       __imp_?CompleteBoxPruning@Gu@physx@@YA_NPEBVPxBounds3@2@IAEAV?$Array@IVNamedAllocator@shdfnd@physx@@@shdfnd@2@AEBVAxes@12@@Z 0000000180134418     PhysX3CommonDEBUG_x64:PhysX3CommonDEBUG_x64.dll
 0005:00000420       __imp_?error@Foundation@shdfnd@physx@@QEAAXW4Enum@PxErrorCode@3@PEBDH1ZZ 0000000180134420     PhysX3CommonDEBUG_x64:PhysX3CommonDEBUG_x64.dll
 0005:00000428       __imp_?decRefCount@Foundation@shdfnd@physx@@SAXXZ 0000000180134428     PhysX3CommonDEBUG_x64:PhysX3CommonDEBUG_x64.dll
 0005:00000430       __imp_?incRefCount@Foundation@shdfnd@physx@@SAXXZ 0000000180134430     PhysX3CommonDEBUG_x64:PhysX3CommonDEBUG_x64.dll
 0005:00000438       __imp_?getInstance@Foundation@shdfnd@physx@@SAAEAV123@XZ 0000000180134438     PhysX3CommonDEBUG_x64:PhysX3CommonDEBUG_x64.dll
 0005:00000440       __imp_?allocate@Allocator@shdfnd@physx@@QEAAPEAX_KPEBDH@Z 0000000180134440     PhysX3CommonDEBUG_x64:PhysX3CommonDEBUG_x64.dll
 0005:00000448       __imp_?getAllocator@shdfnd@physx@@YAAEAVPxAllocatorCallback@2@XZ 0000000180134448     PhysX3CommonDEBUG_x64:PhysX3CommonDEBUG_x64.dll
 0005:00000450       __imp_?intersectTriangleBox@Gu@physx@@YAHAEBVPxVec3@2@0000@Z 0000000180134450     PhysX3CommonDEBUG_x64:PhysX3CommonDEBUG_x64.dll
 0005:00000458       __imp_??6RenderOutput@Cm@physx@@QEAAAEAV012@VPxVec3@2@@Z 0000000180134458     PhysX3CommonDEBUG_x64:PhysX3CommonDEBUG_x64.dll
 0005:00000460       __imp_??6RenderOutput@Cm@physx@@QEAAAEAV012@W4Primitive@012@@Z 0000000180134460     PhysX3CommonDEBUG_x64:PhysX3CommonDEBUG_x64.dll
 0005:00000468       __imp_?getTriangle@PxMeshQuery@physx@@SAXAEBVPxHeightFieldGeometry@2@AEBVPxTransform@2@IAEAVPxTriangle@2@PEAI3@Z 0000000180134468     PhysX3CommonDEBUG_x64:PhysX3CommonDEBUG_x64.dll
 0005:00000470       __imp_?getTriangle@PxMeshQuery@physx@@SAXAEBVPxTriangleMeshGeometry@2@AEBVPxTransform@2@IAEAVPxTriangle@2@PEAI3@Z 0000000180134470     PhysX3CommonDEBUG_x64:PhysX3CommonDEBUG_x64.dll
 0005:00000478       __imp_?sweep@PxMeshQuery@physx@@SA_NAEBVPxVec3@2@MAEBVPxGeometry@2@AEBVPxTransform@2@IPEBVPxTriangle@2@AEAUPxSweepHit@2@V?$PxFlags@W4Enum@PxHitFlag@physx@@G@2@PEBIM_N@Z 0000000180134478     PhysX3CommonDEBUG_x64:PhysX3CommonDEBUG_x64.dll
 0005:00000480       __imp_?distanceSegmentBoxSquared@Gu@physx@@YAMAEBVPxVec3@2@000AEBVPxMat33@2@PEAMPEAV32@@Z 0000000180134480     PhysX3CommonDEBUG_x64:PhysX3CommonDEBUG_x64.dll
 0005:00000488       __imp_?intersectOBBOBB@Gu@physx@@YA_NAEBVPxVec3@2@0AEBVPxMat33@2@001_N@Z 0000000180134488     PhysX3CommonDEBUG_x64:PhysX3CommonDEBUG_x64.dll
 0005:00000490       __imp_??1Box@Gu@physx@@QEAA@XZ 0000000180134490     PhysX3CommonDEBUG_x64:PhysX3CommonDEBUG_x64.dll
 0005:00000498       __imp_??0Box@Gu@physx@@QEAA@AEBVPxVec3@2@0AEBVPxMat33@2@@Z 0000000180134498     PhysX3CommonDEBUG_x64:PhysX3CommonDEBUG_x64.dll
 0005:000004a0       __imp_??6Cm@physx@@YAAEAVRenderOutput@01@AEAV201@AEBUDebugBox@01@@Z 00000001801344a0     PhysX3CommonDEBUG_x64:PhysX3CommonDEBUG_x64.dll
 0005:000004a8       __imp_?outputCapsule@RenderOutput@Cm@physx@@QEAAAEAV123@MMAEBVMatrix34@23@@Z 00000001801344a8     PhysX3CommonDEBUG_x64:PhysX3CommonDEBUG_x64.dll
 0005:000004b0       __imp_??6RenderOutput@Cm@physx@@QEAAAEAV012@AEBVPxTransform@2@@Z 00000001801344b0     PhysX3CommonDEBUG_x64:PhysX3CommonDEBUG_x64.dll
 0005:000004b8       __imp_??6RenderOutput@Cm@physx@@QEAAAEAV012@I@Z 00000001801344b8     PhysX3CommonDEBUG_x64:PhysX3CommonDEBUG_x64.dll
 0005:000004c0       __imp_??0RenderOutput@Cm@physx@@QEAA@AEAVRenderBuffer@12@@Z 00000001801344c0     PhysX3CommonDEBUG_x64:PhysX3CommonDEBUG_x64.dll
 0005:000004c8       __imp_?deallocate@NamedAllocator@shdfnd@physx@@QEAAXPEAX@Z 00000001801344c8     PhysX3CommonDEBUG_x64:PhysX3CommonDEBUG_x64.dll
 0005:000004d0       __imp_?allocate@NamedAllocator@shdfnd@physx@@QEAAPEAX_KPEBDH@Z 00000001801344d0     PhysX3CommonDEBUG_x64:PhysX3CommonDEBUG_x64.dll
 0005:000004d8       __imp_??1NamedAllocator@shdfnd@physx@@QEAA@XZ 00000001801344d8     PhysX3CommonDEBUG_x64:PhysX3CommonDEBUG_x64.dll
 0005:000004e0       __imp_??0NamedAllocator@shdfnd@physx@@QEAA@AEBV012@@Z 00000001801344e0     PhysX3CommonDEBUG_x64:PhysX3CommonDEBUG_x64.dll
 0005:000004e8       __imp_??0NamedAllocator@shdfnd@physx@@QEAA@PEBD@Z 00000001801344e8     PhysX3CommonDEBUG_x64:PhysX3CommonDEBUG_x64.dll
 0005:000004f0       __imp_?computePenetration@PxGeometryQuery@physx@@SA_NAEAVPxVec3@2@AEAMAEBVPxGeometry@2@AEBVPxTransform@2@23@Z 00000001801344f0     PhysX3CommonDEBUG_x64:PhysX3CommonDEBUG_x64.dll
 0005:000004f8       __imp_?sweep@PxGeometryQuery@physx@@SA_NAEBVPxVec3@2@MAEBVPxGeometry@2@AEBVPxTransform@2@12AEAUPxSweepHit@2@V?$PxFlags@W4Enum@PxHitFlag@physx@@G@2@M@Z 00000001801344f8     PhysX3CommonDEBUG_x64:PhysX3CommonDEBUG_x64.dll
 0005:00000500       __imp_?PxTransformFromSegment@physx@@YA?AVPxTransform@1@AEBVPxVec3@1@0PEAM@Z 0000000180134500     PhysX3CommonDEBUG_x64:PhysX3CommonDEBUG_x64.dll
 0005:00000508       __imp_?unlock@MutexImpl@shdfnd@physx@@QEAAXXZ 0000000180134508     PhysX3CommonDEBUG_x64:PhysX3CommonDEBUG_x64.dll
 0005:00000510       __imp_?lock@MutexImpl@shdfnd@physx@@QEAAXXZ 0000000180134510     PhysX3CommonDEBUG_x64:PhysX3CommonDEBUG_x64.dll
 0005:00000518       __imp_?deallocate@Allocator@shdfnd@physx@@QEAAXPEAX@Z 0000000180134518     PhysX3CommonDEBUG_x64:PhysX3CommonDEBUG_x64.dll
 0005:00000520       __imp_??0Allocator@shdfnd@physx@@QEAA@PEBD@Z 0000000180134520     PhysX3CommonDEBUG_x64:PhysX3CommonDEBUG_x64.dll
 0005:00000528       __imp_?findOverlapTriangleMesh@PxMeshQuery@physx@@SAIAEBVPxGeometry@2@AEBVPxTransform@2@AEBVPxTriangleMeshGeometry@2@1PEAIIIAEA_N@Z 0000000180134528     PhysX3CommonDEBUG_x64:PhysX3CommonDEBUG_x64.dll
 0005:00000530       __imp_?findOverlapHeightField@PxMeshQuery@physx@@SAIAEBVPxGeometry@2@AEBVPxTransform@2@AEBVPxHeightFieldGeometry@2@1PEAIIIAEA_N@Z 0000000180134530     PhysX3CommonDEBUG_x64:PhysX3CommonDEBUG_x64.dll
 0005:00000538       __imp_?PxDiagonalize@physx@@YA?AVPxVec3@1@AEBVPxMat33@1@AEAVPxQuat@1@@Z 0000000180134538     PhysX3CommonDEBUG_x64:PhysX3CommonDEBUG_x64.dll
 0005:00000540       __imp_PxGetFoundation      0000000180134540     PhysX3CommonDEBUG_x64:PhysX3CommonDEBUG_x64.dll
 0005:00000548       __imp_?PxGetAssertHandler@physx@@YAAEAVPxAssertHandler@1@XZ 0000000180134548     PhysX3CommonDEBUG_x64:PhysX3CommonDEBUG_x64.dll
 0005:00000550       \177PhysX3CommonDEBUG_x64_NULL_THUNK_DATA 0000000180134550     PhysX3CommonDEBUG_x64:PhysX3CommonDEBUG_x64.dll
 0005:000005e8       __IMPORT_DESCRIPTOR_PhysX3CommonDEBUG_x64 00000001801345e8     PhysX3CommonDEBUG_x64:PhysX3CommonDEBUG_x64.dll
 0005:000005fc       __IMPORT_DESCRIPTOR_KERNEL32 00000001801345fc     kernel32:KERNEL32.dll
 0005:00000610       __IMPORT_DESCRIPTOR_ADVAPI32 0000000180134610     advapi32:ADVAPI32.dll
 0005:00000624       __NULL_IMPORT_DESCRIPTOR   0000000180134624     PhysX3CommonDEBUG_x64:PhysX3CommonDEBUG_x64.dll
 0007:00000000       __guard_check_icall_fptr   0000000180138000     LIBCMTD:guard_support.obj
 0007:00000010       __guard_dispatch_icall_fptr 0000000180138010     LIBCMTD:guard_support.obj
